Component: ARM Compiler 6.16 Tool: armlink [5dfeaa00]

==============================================================================

Section Cross References

    startup_gd32e23x.o(RESET) refers to startup_gd32e23x.o(STACK) for __initial_sp
    startup_gd32e23x.o(RESET) refers to startup_gd32e23x.o(.text) for Reset_Handler
    startup_gd32e23x.o(RESET) refers to gd32e23x_it.o(.text.NMI_Handler) for NMI_Handler
    startup_gd32e23x.o(RESET) refers to gd32e23x_it.o(.text.HardFault_Handler) for HardFault_Handler
    startup_gd32e23x.o(RESET) refers to gd32e23x_it.o(.text.SVC_Handler) for SVC_Handler
    startup_gd32e23x.o(RESET) refers to gd32e23x_it.o(.text.PendSV_Handler) for PendSV_Handler
    startup_gd32e23x.o(RESET) refers to gd32e23x_it.o(.text.SysTick_Handler) for SysTick_Handler
    startup_gd32e23x.o(RESET) refers to gd32e23x_it.o(.text.EXTI0_1_IRQHandler) for EXTI0_1_IRQHandler
    startup_gd32e23x.o(RESET) refers to timer.o(.text.TIMER13_IRQHandler) for TIMER13_IRQHandler
    startup_gd32e23x.o(RESET) refers to usart.o(.text.USART0_IRQHandler) for USART0_IRQHandler
    startup_gd32e23x.o(.text) refers to system_gd32e23x.o(.text.SystemInit) for SystemInit
    startup_gd32e23x.o(.text) refers to entry.o(.ARM.Collect$$$$00000000) for __main
    gd32e230f_start.o(.text.gd_eval_led_init) refers to gd32e23x_rcu.o(.text.rcu_periph_clock_enable) for rcu_periph_clock_enable
    gd32e230f_start.o(.text.gd_eval_led_init) refers to gd32e23x_gpio.o(.text.gpio_mode_set) for gpio_mode_set
    gd32e230f_start.o(.text.gd_eval_led_init) refers to gd32e23x_gpio.o(.text.gpio_output_options_set) for gpio_output_options_set
    gd32e230f_start.o(.text.gd_eval_led_init) refers to gd32e230f_start.o(.rodata.cst8) for [Anonymous Symbol]
    gd32e230f_start.o(.ARM.exidx.text.gd_eval_led_init) refers to gd32e230f_start.o(.text.gd_eval_led_init) for [Anonymous Symbol]
    gd32e230f_start.o(.text.gd_eval_led_on) refers to gd32e230f_start.o(.rodata.cst8) for [Anonymous Symbol]
    gd32e230f_start.o(.ARM.exidx.text.gd_eval_led_on) refers to gd32e230f_start.o(.text.gd_eval_led_on) for [Anonymous Symbol]
    gd32e230f_start.o(.text.gd_eval_led_off) refers to gd32e230f_start.o(.rodata.cst8) for [Anonymous Symbol]
    gd32e230f_start.o(.ARM.exidx.text.gd_eval_led_off) refers to gd32e230f_start.o(.text.gd_eval_led_off) for [Anonymous Symbol]
    gd32e230f_start.o(.text.gd_eval_led_toggle) refers to gd32e230f_start.o(.rodata.cst8) for [Anonymous Symbol]
    gd32e230f_start.o(.ARM.exidx.text.gd_eval_led_toggle) refers to gd32e230f_start.o(.text.gd_eval_led_toggle) for [Anonymous Symbol]
    gd32e230f_start.o(.text.gd_eval_key_init) refers to gd32e23x_rcu.o(.text.rcu_periph_clock_enable) for rcu_periph_clock_enable
    gd32e230f_start.o(.text.gd_eval_key_init) refers to gd32e23x_gpio.o(.text.gpio_mode_set) for gpio_mode_set
    gd32e230f_start.o(.text.gd_eval_key_init) refers to gd32e23x_misc.o(.text.nvic_irq_enable) for nvic_irq_enable
    gd32e230f_start.o(.text.gd_eval_key_init) refers to gd32e23x_syscfg.o(.text.syscfg_exti_line_config) for syscfg_exti_line_config
    gd32e230f_start.o(.text.gd_eval_key_init) refers to gd32e23x_exti.o(.text.exti_init) for exti_init
    gd32e230f_start.o(.text.gd_eval_key_init) refers to gd32e23x_exti.o(.text.exti_interrupt_flag_clear) for exti_interrupt_flag_clear
    gd32e230f_start.o(.ARM.exidx.text.gd_eval_key_init) refers to gd32e230f_start.o(.text.gd_eval_key_init) for [Anonymous Symbol]
    gd32e230f_start.o(.text.gd_eval_key_state_get) refers to gd32e23x_gpio.o(.text.gpio_input_bit_get) for gpio_input_bit_get
    gd32e230f_start.o(.ARM.exidx.text.gd_eval_key_state_get) refers to gd32e230f_start.o(.text.gd_eval_key_state_get) for [Anonymous Symbol]
    system_gd32e23x.o(.text.SystemInit) refers to gd32e23x_misc.o(.text.nvic_vector_table_set) for nvic_vector_table_set
    system_gd32e23x.o(.ARM.exidx.text.SystemInit) refers to system_gd32e23x.o(.text.SystemInit) for [Anonymous Symbol]
    system_gd32e23x.o(.text.SystemCoreClockUpdate) refers to system_gd32e23x.o(.data.SystemCoreClock) for SystemCoreClock
    system_gd32e23x.o(.ARM.exidx.text.SystemCoreClockUpdate) refers to system_gd32e23x.o(.text.SystemCoreClockUpdate) for [Anonymous Symbol]
    gd32e23x_adc.o(.text.adc_deinit) refers to gd32e23x_rcu.o(.text.rcu_periph_reset_enable) for rcu_periph_reset_enable
    gd32e23x_adc.o(.text.adc_deinit) refers to gd32e23x_rcu.o(.text.rcu_periph_reset_disable) for rcu_periph_reset_disable
    gd32e23x_adc.o(.ARM.exidx.text.adc_deinit) refers to gd32e23x_adc.o(.text.adc_deinit) for [Anonymous Symbol]
    gd32e23x_adc.o(.ARM.exidx.text.adc_enable) refers to gd32e23x_adc.o(.text.adc_enable) for [Anonymous Symbol]
    gd32e23x_adc.o(.ARM.exidx.text.adc_disable) refers to gd32e23x_adc.o(.text.adc_disable) for [Anonymous Symbol]
    gd32e23x_adc.o(.ARM.exidx.text.adc_calibration_enable) refers to gd32e23x_adc.o(.text.adc_calibration_enable) for [Anonymous Symbol]
[...]
    __arm_cp.26_1                            0x0800445c   Number         4  usart.o(.text.USART0_IRQHandler)
    __arm_cp.26_2                            0x08004460   Number         4  usart.o(.text.USART0_IRQHandler)
    __arm_cp.26_3                            0x08004464   Number         4  usart.o(.text.USART0_IRQHandler)
    __arm_cp.26_4                            0x08004468   Number         4  usart.o(.text.USART0_IRQHandler)
    __arm_cp.26_5                            0x0800446c   Number         4  usart.o(.text.USART0_IRQHandler)
    __arm_cp.26_6                            0x08004470   Number         4  usart.o(.text.USART0_IRQHandler)
    __arm_cp.26_7                            0x08004474   Number         4  usart.o(.text.USART0_IRQHandler)
    __arm_cp.26_8                            0x08004478   Number         4  usart.o(.text.USART0_IRQHandler)
    [Anonymous Symbol]                       0x0800447c   Section        0  usart.o(.text.Usart_GPIO_Init)
    __arm_cp.21_0                            0x080044ec   Number         4  usart.o(.text.Usart_GPIO_Init)
    [Anonymous Symbol]                       0x080044f0   Section        0  usart.o(.text.Usart_Init)
    __arm_cp.22_0                            0x08004550   Number         4  usart.o(.text.Usart_Init)
    __arm_cp.22_1                            0x08004554   Number         4  usart.o(.text.Usart_Init)
    [Anonymous Symbol]                       0x08004558   Section        0  usart.o(.text.V_STR_Printf)
    [Anonymous Symbol]                       0x08004574   Section        0  usart.o(.text._ADCf)
    __arm_cp.1_1                             0x080045b4   Number         4  usart.o(.text._ADCf)
    [Anonymous Symbol]                       0x080045c4   Section        0  usart.o(.text._DISTf)
    __arm_cp.4_0                             0x080045e4   Number         4  usart.o(.text._DISTf)
    __arm_cp.4_2                             0x080045e8   Number         4  usart.o(.text._DISTf)
    [Anonymous Symbol]                       0x080045ec   Section        0  usart.o(.text._GETOf)
    __arm_cp.11_0                            0x08004600   Number         4  usart.o(.text._GETOf)
    [Anonymous Symbol]                       0x08004610   Section        0  usart.o(.text._GETTf)
    __arm_cp.19_0                            0x08004644   Number         4  usart.o(.text._GETTf)
    [Anonymous Symbol]                       0x08004658   Section        0  usart.o(.text._LAINf)
    __arm_cp.15_0                            0x0800467c   Number         4  usart.o(.text._LAINf)
    __arm_cp.15_1                            0x08004680   Number         4  usart.o(.text._LAINf)
    __arm_cp.15_2                            0x08004684   Number         4  usart.o(.text._LAINf)
    [Anonymous Symbol]                       0x0800469c   Section        0  usart.o(.text._LAOFf)
    __arm_cp.3_0                             0x080046c4   Number         4  usart.o(.text._LAOFf)
    __arm_cp.3_1                             0x080046c8   Number         4  usart.o(.text._LAOFf)
    [Anonymous Symbol]                       0x080046d4   Section        0  usart.o(.text._LAONf)
    __arm_cp.2_0                             0x080046f4   Number         4  usart.o(.text._LAONf)
    __arm_cp.2_1                             0x080046f8   Number         4  usart.o(.text._LAONf)
    __arm_cp.2_2                             0x080046fc   Number         4  usart.o(.text._LAONf)
    [Anonymous Symbol]                       0x08004708   Section        0  usart.o(.text._MEOFf)
    __arm_cp.6_0                             0x08004730   Number         4  usart.o(.text._MEOFf)
    __arm_cp.6_1                             0x08004734   Number         4  usart.o(.text._MEOFf)
    __arm_cp.6_2                             0x08004738   Number         4  usart.o(.text._MEOFf)
    [Anonymous Symbol]                       0x0800474c   Section        0  usart.o(.text._MEONf)
    __arm_cp.5_0                             0x08004774   Number         4  usart.o(.text._MEONf)
    __arm_cp.5_1                             0x08004778   Number         4  usart.o(.text._MEONf)
    __arm_cp.5_2                             0x0800477c   Number         4  usart.o(.text._MEONf)
    __arm_cp.5_3                             0x08004780   Number         4  usart.o(.text._MEONf)
    [Anonymous Symbol]                       0x08004798   Section        0  usart.o(.text._RDFLf)
    __arm_cp.8_0                             0x080047cc   Number         4  usart.o(.text._RDFLf)
    __arm_cp.8_1                             0x080047d0   Number         4  usart.o(.text._RDFLf)
    [Anonymous Symbol]                       0x080047dc   Section        0  usart.o(.text._RPWMf)
    __arm_cp.13_0                            0x080047f0   Number         4  usart.o(.text._RPWMf)
    [Anonymous Symbol]                       0x08004800   Section        0  usart.o(.text._SETEf)
    __arm_cp.18_0                            0x08004834   Number         4  usart.o(.text._SETEf)
    [Anonymous Symbol]                       0x0800483c   Section        0  usart.o(.text._SETOf)
    [Anonymous Symbol]                       0x08004858   Section        0  usart.o(.text._SETPf)
    __arm_cp.7_0                             0x080048b8   Number         4  usart.o(.text._SETPf)
    __arm_cp.7_1                             0x080048bc   Number         4  usart.o(.text._SETPf)
    __arm_cp.7_2                             0x080048c0   Number         4  usart.o(.text._SETPf)
    __arm_cp.7_3                             0x080048c4   Number         4  usart.o(.text._SETPf)
    __arm_cp.7_4                             0x080048c8   Number         4  usart.o(.text._SETPf)
    __arm_cp.7_6                             0x080048dc   Number         4  usart.o(.text._SETPf)
    [Anonymous Symbol]                       0x080048e0   Section        0  usart.o(.text._SHOWf)
    __arm_cp.12_0                            0x08004904   Number         4  usart.o(.text._SHOWf)
    __arm_cp.12_2                            0x08004908   Number         4  usart.o(.text._SHOWf)
    [Anonymous Symbol]                       0x0800490c   Section        0  usart.o(.text._TEMPf)
    [Anonymous Symbol]                       0x0800492c   Section        0  usart.o(.text._UPDTf)
    __arm_cp.16_0                            0x08004944   Number         4  usart.o(.text._UPDTf)
    [Anonymous Symbol]                       0x08004948   Section        0  usart.o(.text._WPWMf)
    __arm_cp.14_1                            0x08004980   Number         4  usart.o(.text._WPWMf)
    __arm_cp.14_2                            0x08004984   Number         4  usart.o(.text._WPWMf)
    [Anonymous Symbol]                       0x08004988   Section        0  usart.o(.text._WRFLf)
    __arm_cp.9_0                             0x080049b4   Number         4  usart.o(.text._WRFLf)
    __arm_cp.9_1                             0x080049b8   Number         4  usart.o(.text._WRFLf)
    __arm_cp.9_2                             0x080049bc   Number         4  usart.o(.text._WRFLf)
    [Anonymous Symbol]                       0x080049c0   Section        0  usart.o(.text._helpf)
    __arm_cp.0_0                             0x08004a38   Number         4  usart.o(.text._helpf)
    __arm_cp.0_1                             0x08004a3c   Number         4  usart.o(.text._helpf)
    __arm_cp.0_2                             0x08004a40   Number         4  usart.o(.text._helpf)
    __arm_cp.0_3                             0x08004a44   Number         4  usart.o(.text._helpf)
    __arm_cp.0_4                             0x08004a48   Number         4  usart.o(.text._helpf)
    __arm_cp.0_5                             0x08004a4c   Number         4  usart.o(.text._helpf)
    __arm_cp.0_6                             0x08004a50   Number         4  usart.o(.text._helpf)
    __arm_cp.0_7                             0x08004a54   Number         4  usart.o(.text._helpf)
    __arm_cp.0_8                             0x08004a58   Number         4  usart.o(.text._helpf)
    __arm_cp.0_9                             0x08004a5c   Number         4  usart.o(.text._helpf)
    __arm_cp.0_10                            0x08004a60   Number         4  usart.o(.text._helpf)
    __arm_cp.0_15                            0x08004ac0   Number         4  usart.o(.text._helpf)
    [Anonymous Symbol]                       0x08004b00   Section        0  gd32e23x_adc.o(.text.adc_calibration_enable)
    [Anonymous Symbol]                       0x08004b20   Section        0  gd32e23x_adc.o(.text.adc_channel_length_config)
    __arm_cp.11_0                            0x08004b5c   Number         4  gd32e23x_adc.o(.text.adc_channel_length_config)
    [Anonymous Symbol]                       0x08004b60   Section        0  gd32e23x_adc.o(.text.adc_data_alignment_config)
    [Anonymous Symbol]                       0x08004b78   Section        0  gd32e23x_adc.o(.text.adc_deinit)
    __arm_cp.0_0                             0x08004b90   Number         4  gd32e23x_adc.o(.text.adc_deinit)
    [Anonymous Symbol]                       0x08004b94   Section        0  gd32e23x_adc.o(.text.adc_dma_mode_enable)
    [Anonymous Symbol]                       0x08004ba4   Section        0  gd32e23x_adc.o(.text.adc_enable)
    [Anonymous Symbol]                       0x08004bb8   Section        0  gd32e23x_adc.o(.text.adc_external_trigger_config)
    [Anonymous Symbol]                       0x08004c00   Section        0  gd32e23x_adc.o(.text.adc_external_trigger_source_config)
    __arm_cp.16_0                            0x08004c20   Number         4  gd32e23x_adc.o(.text.adc_external_trigger_source_config)
    __arm_cp.16_1                            0x08004c24   Number         4  gd32e23x_adc.o(.text.adc_external_trigger_source_config)
    [Anonymous Symbol]                       0x08004c28   Section        0  gd32e23x_adc.o(.text.adc_flag_clear)
    [Anonymous Symbol]                       0x08004c34   Section        0  gd32e23x_adc.o(.text.adc_flag_get)
    __arm_cp.20_0                            0x08004c44   Number         4  gd32e23x_adc.o(.text.adc_flag_get)
    [Anonymous Symbol]                       0x08004c48   Section        0  adc.o(.text.adc_get_result)
    __arm_cp.1_0                             0x08004c58   Number         4  adc.o(.text.adc_get_result)
    [Anonymous Symbol]                       0x08004c5c   Section        0  gd32e23x_adc.o(.text.adc_regular_channel_config)
    __arm_cp.12_0                            0x08004ce4   Number         4  gd32e23x_adc.o(.text.adc_regular_channel_config)
    [Anonymous Symbol]                       0x08004ce8   Section        0  gd32e23x_adc.o(.text.adc_regular_data_read)
    __arm_cp.18_0                            0x08004cf0   Number         4  gd32e23x_adc.o(.text.adc_regular_data_read)
    [Anonymous Symbol]                       0x08004cf4   Section        0  gd32e23x_adc.o(.text.adc_resolution_config)
    [Anonymous Symbol]                       0x08004d08   Section        0  gd32e23x_adc.o(.text.adc_software_trigger_enable)
    __arm_cp.17_0                            0x08004d30   Number         4  gd32e23x_adc.o(.text.adc_software_trigger_enable)
    [Anonymous Symbol]                       0x08004d34   Section        0  gd32e23x_adc.o(.text.adc_special_function_config)
    __arm_cp.9_0                             0x08004da4   Number         4  gd32e23x_adc.o(.text.adc_special_function_config)
    [Anonymous Symbol]                       0x08004da8   Section        0  ds18b20.o(.text.da18b20rd)
    [Anonymous Symbol]                       0x08004e54   Section        0  systick.o(.text.delay_10us)
    [Anonymous Symbol]                       0x08004e60   Section        0  systick.o(.text.delay_1ms)
    [Anonymous Symbol]                       0x08004e74   Section        0  systick.o(.text.delay_decrement)
    __arm_cp.3_0                             0x08004e84   Number         4  systick.o(.text.delay_decrement)
    [Anonymous Symbol]                       0x08004e88   Section        0  gd32e23x_dma.o(.text.dma_channel_enable)
    [Anonymous Symbol]                       0x08004e98   Section        0  gd32e23x_dma.o(.text.dma_circulation_enable)
    [Anonymous Symbol]                       0x08004ea8   Section        0  gd32e23x_dma.o(.text.dma_deinit)
    __arm_cp.0_0                             0x08004ed4   Number         4  gd32e23x_dma.o(.text.dma_deinit)
    [Anonymous Symbol]                       0x08004ed8   Section        0  gd32e23x_dma.o(.text.dma_init)
    [Anonymous Symbol]                       0x08004f48   Section        0  gd32e23x_dma.o(.text.dma_memory_to_memory_disable)
    __arm_cp.7_0                             0x08004f5c   Number         4  gd32e23x_dma.o(.text.dma_memory_to_memory_disable)
    [Anonymous Symbol]                       0x08004f60   Section        0  ds18b20.o(.text.ds18b20_init)
    [Anonymous Symbol]                       0x08004f98   Section        0  ds18b20.o(.text.ds18b20wr)
    __arm_cp.4_0                             0x0800500c   Number         4  ds18b20.o(.text.ds18b20wr)
    __arm_cp.4_1                             0x08005010   Number         4  ds18b20.o(.text.ds18b20wr)
    [Anonymous Symbol]                       0x08005014   Section        0  gd32e23x_exti.o(.text.exti_init)
    __arm_cp.1_0                             0x0800507c   Number         4  gd32e23x_exti.o(.text.exti_init)
    [Anonymous Symbol]                       0x08005080   Section        0  gd32e23x_exti.o(.text.exti_interrupt_flag_clear)
    [Anonymous Symbol]                       0x08005088   Section        0  gd32e23x_exti.o(.text.exti_interrupt_flag_get)
    __arm_cp.10_0                            0x08005098   Number         4  gd32e23x_exti.o(.text.exti_interrupt_flag_get)
    [Anonymous Symbol]                       0x0800509c   Section        0  gd32e23x_fmc.o(.text.fmc_flag_clear)
    [Anonymous Symbol]                       0x080050a4   Section        0  gd32e23x_fmc.o(.text.fmc_lock)
    __arm_cp.1_0                             0x080050b0   Number         4  gd32e23x_fmc.o(.text.fmc_lock)
    [Anonymous Symbol]                       0x080050b4   Section        0  gd32e23x_fmc.o(.text.fmc_page_erase)
    [Anonymous Symbol]                       0x08005118   Section        0  gd32e23x_fmc.o(.text.fmc_unlock)
    __arm_cp.0_0                             0x0800512c   Number         4  gd32e23x_fmc.o(.text.fmc_unlock)
    __arm_cp.0_1                             0x08005130   Number         4  gd32e23x_fmc.o(.text.fmc_unlock)
    __arm_cp.0_2                             0x08005134   Number         4  gd32e23x_fmc.o(.text.fmc_unlock)
    [Anonymous Symbol]                       0x08005138   Section        0  gd32e23x_fmc.o(.text.fmc_word_program)
    __arm_cp.9_0                             0x08005194   Number         4  gd32e23x_fmc.o(.text.fmc_word_program)
    __arm_cp.9_1                             0x08005198   Number         4  gd32e23x_fmc.o(.text.fmc_word_program)
    [Anonymous Symbol]                       0x0800519c   Section        0  usart.o(.text.fputc)
    __arm_cp.20_0                            0x080051bc   Number         4  usart.o(.text.fputc)
    __arm_cp.20_1                            0x080051c0   Number         4  usart.o(.text.fputc)
    [Anonymous Symbol]                       0x080051c4   Section        0  gd32e23x_gpio.o(.text.gpio_af_set)
    __arm_cp.11_0                            0x080052a8   Number         4  gd32e23x_gpio.o(.text.gpio_af_set)
    __arm_cp.11_1                            0x080052ac   Number         4  gd32e23x_gpio.o(.text.gpio_af_set)
    __arm_cp.11_2                            0x080052b0   Number         4  gd32e23x_gpio.o(.text.gpio_af_set)
    __arm_cp.11_3                            0x080052b4   Number         4  gd32e23x_gpio.o(.text.gpio_af_set)
    __arm_cp.11_4                            0x080052b8   Number         4  gd32e23x_gpio.o(.text.gpio_af_set)
    __arm_cp.11_5                            0x080052bc   Number         4  gd32e23x_gpio.o(.text.gpio_af_set)
    [Anonymous Symbol]                       0x080052c0   Section        0  gd32e23x_gpio.o(.text.gpio_bit_write)
    [Anonymous Symbol]                       0x080052d0   Section        0  gpio.o(.text.gpio_config)
    __arm_cp.0_0                             0x08005334   Number         4  gpio.o(.text.gpio_config)
    [Anonymous Symbol]                       0x08005338   Section        0  gd32e23x_gpio.o(.text.gpio_input_bit_get)
    [Anonymous Symbol]                       0x08005342   Section        0  gd32e23x_gpio.o(.text.gpio_mode_set)
    [Anonymous Symbol]                       0x08005384   Section        0  gd32e23x_gpio.o(.text.gpio_output_options_set)
    [Anonymous Symbol]                       0x080053cc   Section        0  main.o(.text.main)
    __arm_cp.0_0                             0x08005490   Number         4  main.o(.text.main)
    __arm_cp.0_1                             0x08005494   Number         4  main.o(.text.main)
    __arm_cp.0_2                             0x08005498   Number         4  main.o(.text.main)
    __arm_cp.0_4                             0x080054cc   Number         4  main.o(.text.main)
    [Anonymous Symbol]                       0x080054d0   Section        0  gd32e23x_misc.o(.text.nvic_irq_enable)
    __arm_cp.0_0                             0x0800552c   Number         4  gd32e23x_misc.o(.text.nvic_irq_enable)
    __arm_cp.0_1                             0x08005530   Number         4  gd32e23x_misc.o(.text.nvic_irq_enable)
    __arm_cp.0_2                             0x08005534   Number         4  gd32e23x_misc.o(.text.nvic_irq_enable)
    [Anonymous Symbol]                       0x08005538   Section        0  gd32e23x_misc.o(.text.nvic_vector_table_set)
    __arm_cp.3_0                             0x08005548   Number         4  gd32e23x_misc.o(.text.nvic_vector_table_set)
    __arm_cp.3_1                             0x0800554c   Number         4  gd32e23x_misc.o(.text.nvic_vector_table_set)
    [Anonymous Symbol]                       0x08005550   Section        0  gd32e23x_rcu.o(.text.rcu_adc_clock_config)
    __arm_cp.14_0                            0x08005618   Number         4  gd32e23x_rcu.o(.text.rcu_adc_clock_config)
    __arm_cp.14_1                            0x0800561c   Number         4  gd32e23x_rcu.o(.text.rcu_adc_clock_config)
    [Anonymous Symbol]                       0x08005620   Section        0  gd32e23x_rcu.o(.text.rcu_clock_freq_get)
    __arm_cp.33_0                            0x08005778   Number         4  gd32e23x_rcu.o(.text.rcu_clock_freq_get)
    __arm_cp.33_1                            0x0800577c   Number         4  gd32e23x_rcu.o(.text.rcu_clock_freq_get)
    __arm_cp.33_2                            0x08005780   Number         4  gd32e23x_rcu.o(.text.rcu_clock_freq_get)
    __arm_cp.33_4                            0x08005794   Number         4  gd32e23x_rcu.o(.text.rcu_clock_freq_get)
    __arm_cp.33_5                            0x08005798   Number         4  gd32e23x_rcu.o(.text.rcu_clock_freq_get)
    __arm_cp.33_6                            0x0800579c   Number         4  gd32e23x_rcu.o(.text.rcu_clock_freq_get)
    [Anonymous Symbol]                       0x080057a0   Section        0  gd32e23x_rcu.o(.text.rcu_periph_clock_enable)
    [Anonymous Symbol]                       0x080057b4   Section        0  gd32e23x_rcu.o(.text.rcu_periph_reset_disable)
    [Anonymous Symbol]                       0x080057c8   Section        0  gd32e23x_rcu.o(.text.rcu_periph_reset_enable)
    __arm_cp.5_0                             0x080057dc   Number         4  gd32e23x_rcu.o(.text.rcu_periph_reset_enable)
    [Anonymous Symbol]                       0x080057e0   Section        0  ds18b20.o(.text.readtemp)
    __arm_cp.6_0                             0x080058cc   Number         4  ds18b20.o(.text.readtemp)
    __arm_cp.6_1                             0x080058d0   Number         4  ds18b20.o(.text.readtemp)
    __arm_cp.6_2                             0x080058d4   Number         4  ds18b20.o(.text.readtemp)
    __arm_cp.6_3                             0x080058d8   Number         4  ds18b20.o(.text.readtemp)
    [Anonymous Symbol]                       0x080058dc   Section        0  gd32e23x_syscfg.o(.text.syscfg_exti_line_config)
    __arm_cp.5_0                             0x08005948   Number         4  gd32e23x_syscfg.o(.text.syscfg_exti_line_config)
    [Anonymous Symbol]                       0x0800594c   Section        0  systick.o(.text.systick_config)
    __arm_cp.0_0                             0x08005984   Number         4  systick.o(.text.systick_config)
    __arm_cp.0_1                             0x08005988   Number         4  systick.o(.text.systick_config)
    __arm_cp.0_2                             0x0800598c   Number         4  systick.o(.text.systick_config)
    __arm_cp.0_3                             0x08005990   Number         4  systick.o(.text.systick_config)
    __arm_cp.0_4                             0x08005994   Number         4  systick.o(.text.systick_config)
    [Anonymous Symbol]                       0x08005998   Section        0  timer.o(.text.timer13_config)
    [Anonymous Symbol]                       0x08005a00   Section        0  gd32e23x_timer.o(.text.timer_auto_reload_shadow_enable)
    [Anonymous Symbol]                       0x08005a0c   Section        0  gd32e23x_timer.o(.text.timer_channel_output_config)
    __arm_cp.42_0                            0x08005c2c   Number         4  gd32e23x_timer.o(.text.timer_channel_output_config)
    __arm_cp.42_3                            0x08005c30   Number         4  gd32e23x_timer.o(.text.timer_channel_output_config)
    [Anonymous Symbol]                       0x08005c34   Section        0  gd32e23x_timer.o(.text.timer_channel_output_mode_config)
    [Anonymous Symbol]                       0x08005c90   Section        0  gd32e23x_timer.o(.text.timer_channel_output_pulse_value_config)
    [Anonymous Symbol]                       0x08005c9c   Section        0  gd32e23x_timer.o(.text.timer_deinit)
    __arm_cp.0_0                             0x08005d00   Number         4  gd32e23x_timer.o(.text.timer_deinit)
    __arm_cp.0_1                             0x08005d04   Number         4  gd32e23x_timer.o(.text.timer_deinit)
    __arm_cp.0_2                             0x08005d08   Number         4  gd32e23x_timer.o(.text.timer_deinit)
    __arm_cp.0_8                             0x08005d0c   Number         4  gd32e23x_timer.o(.text.timer_deinit)
    __arm_cp.0_9                             0x08005d10   Number         4  gd32e23x_timer.o(.text.timer_deinit)
    [Anonymous Symbol]                       0x08005d14   Section        0  gd32e23x_timer.o(.text.timer_disable)
    [Anonymous Symbol]                       0x08005d1e   Section        0  gd32e23x_timer.o(.text.timer_enable)
    [Anonymous Symbol]                       0x08005d28   Section        0  gd32e23x_timer.o(.text.timer_init)
    __arm_cp.2_0                             0x08005db8   Number         4  gd32e23x_timer.o(.text.timer_init)
    __arm_cp.2_1                             0x08005dbc   Number         4  gd32e23x_timer.o(.text.timer_init)
    __arm_cp.2_2                             0x08005dc0   Number         4  gd32e23x_timer.o(.text.timer_init)
    __arm_cp.2_3                             0x08005dc4   Number         4  gd32e23x_timer.o(.text.timer_init)
    __arm_cp.2_4                             0x08005dc8   Number         4  gd32e23x_timer.o(.text.timer_init)
    __arm_cp.2_5                             0x08005dcc   Number         4  gd32e23x_timer.o(.text.timer_init)
    __arm_cp.2_6                             0x08005dd0   Number         4  gd32e23x_timer.o(.text.timer_init)
    __arm_cp.2_7                             0x08005dd4   Number         4  gd32e23x_timer.o(.text.timer_init)
    [Anonymous Symbol]                       0x08005dd8   Section        0  gd32e23x_timer.o(.text.timer_interrupt_enable)
    [Anonymous Symbol]                       0x08005de0   Section        0  gd32e23x_timer.o(.text.timer_interrupt_flag_clear)
    [Anonymous Symbol]                       0x08005de6   Section        0  gd32e23x_timer.o(.text.timer_interrupt_flag_get)
    [Anonymous Symbol]                       0x08005dfa   Section        0  gd32e23x_timer.o(.text.timer_prescaler_config)
    [Anonymous Symbol]                       0x08005e0a   Section        0  gd32e23x_timer.o(.text.timer_primary_output_config)
    [Anonymous Symbol]                       0x08005e20   Section        0  gd32e23x_timer.o(.text.timer_struct_para_init)
    __arm_cp.1_0                             0x08005e30   Number         4  gd32e23x_timer.o(.text.timer_struct_para_init)
    [Anonymous Symbol]                       0x08005e34   Section        0  gd32e23x_usart.o(.text.usart_baudrate_set)
    __arm_cp.1_2                             0x08005e80   Number         4  gd32e23x_usart.o(.text.usart_baudrate_set)
    [Anonymous Symbol]                       0x08005e84   Section        0  gd32e23x_usart.o(.text.usart_data_receive)
    [Anonymous Symbol]                       0x08005e8c   Section        0  gd32e23x_usart.o(.text.usart_data_transmit)
    __arm_cp.18_0                            0x08005e94   Number         4  gd32e23x_usart.o(.text.usart_data_transmit)
    [Anonymous Symbol]                       0x08005e98   Section        0  gd32e23x_usart.o(.text.usart_deinit)
    __arm_cp.0_0                             0x08005ec0   Number         4  gd32e23x_usart.o(.text.usart_deinit)
    __arm_cp.0_1                             0x08005ec4   Number         4  gd32e23x_usart.o(.text.usart_deinit)
    __arm_cp.0_2                             0x08005ec8   Number         4  gd32e23x_usart.o(.text.usart_deinit)
    __arm_cp.0_3                             0x08005ecc   Number         4  gd32e23x_usart.o(.text.usart_deinit)
    [Anonymous Symbol]                       0x08005ed0   Section        0  gd32e23x_usart.o(.text.usart_enable)
    [Anonymous Symbol]                       0x08005eda   Section        0  gd32e23x_usart.o(.text.usart_flag_get)
    [Anonymous Symbol]                       0x08005eea   Section        0  gd32e23x_usart.o(.text.usart_interrupt_disable)
    [Anonymous Symbol]                       0x08005efc   Section        0  gd32e23x_usart.o(.text.usart_interrupt_enable)
    [Anonymous Symbol]                       0x08005f0e   Section        0  gd32e23x_usart.o(.text.usart_interrupt_flag_get)
    [Anonymous Symbol]                       0x08005f2c   Section        0  gd32e23x_usart.o(.text.usart_parity_config)
    [Anonymous Symbol]                       0x08005f46   Section        0  gd32e23x_usart.o(.text.usart_receive_config)
    [Anonymous Symbol]                       0x08005f56   Section        0  gd32e23x_usart.o(.text.usart_stop_bit_set)
    [Anonymous Symbol]                       0x08005f70   Section        0  gd32e23x_usart.o(.text.usart_transmit_config)
    [Anonymous Symbol]                       0x08005f80   Section        0  gd32e23x_usart.o(.text.usart_word_length_set)
    i.__0printf                              0x08005f9c   Section        0  printfa.o(i.__0printf)
    i.__0sprintf                             0x08005fbc   Section        0  printfa.o(i.__0sprintf)
    i.__ARM_clz                              0x08005fe4   Section        0  depilogue.o(i.__ARM_clz)
    i.__aeabi_errno_addr                     0x08006014   Section        0  errno.o(i.__aeabi_errno_addr)
    i.__scatterload_copy                     0x0800601c   Section       14  handlers.o(i.__scatterload_copy)
    i.__scatterload_null                     0x0800602a   Section        2  handlers.o(i.__scatterload_null)
    i.__scatterload_zeroinit                 0x0800602c   Section       14  handlers.o(i.__scatterload_zeroinit)
    _fp_digits                               0x0800603d   Thumb Code   344  printfa.o(i._fp_digits)
    i._fp_digits                             0x0800603c   Section        0  printfa.o(i._fp_digits)
    _printf_core                             0x080061b1   Thumb Code  1754  printfa.o(i._printf_core)
    i._printf_core                           0x080061b0   Section        0  printfa.o(i._printf_core)
    _printf_post_padding                     0x0800689d   Thumb Code    32  printfa.o(i._printf_post_padding)
    i._printf_post_padding                   0x0800689c   Section        0  printfa.o(i._printf_post_padding)
    _printf_pre_padding                      0x080068bd   Thumb Code    44  printfa.o(i._printf_pre_padding)
    i._printf_pre_padding                    0x080068bc   Section        0  printfa.o(i._printf_pre_padding)
    _sputc                                   0x080068e9   Thumb Code    10  printfa.o(i._sputc)
    i._sputc                                 0x080068e8   Section        0  printfa.o(i._sputc)
    i.puts                                   0x080068f4   Section        0  puts.o(i.puts)
    .constdata                               0x08006914   Section      129  ctype_o.o(.constdata)
    table                                    0x08006998   Data           4  ctype_o.o(.constdata)
    .constdata                               0x08006998   Section        4  ctype_o.o(.constdata)
    [Anonymous Symbol]                       0x0800699c   Section        0  gd32e23x_rcu.o(.rodata.cst8)
    [Anonymous Symbol]                       0x080069a4   Section        0  usart.o(.rodata.str1.1)
    [Anonymous Symbol]                       0x08006b7b   Section        0  user.o(.rodata.str1.1)
    .data                                    0x20000000   Section        4  stdout.o(.data)
    _errno                                   0x20000004   Data           4  errno.o(.data)
    .data                                    0x20000004   Section        4  errno.o(.data)
    TIMER13_IRQHandler.cnt                   0x20000b1e   Data           2  timer.o(.bss.TIMER13_IRQHandler.cnt)
    [Anonymous Symbol]                       0x20000b1e   Section        0  timer.o(.bss.TIMER13_IRQHandler.cnt)
    TIMER13_IRQHandler.cp_status             0x20000b20   Data           1  timer.o(.bss.TIMER13_IRQHandler.cp_status)
    [Anonymous Symbol]                       0x20000b20   Section        0  timer.o(.bss.TIMER13_IRQHandler.cp_status)
    delay                                    0x20000b28   Data           4  systick.o(.bss.delay)
    [Anonymous Symbol]                       0x20000b28   Section        0  systick.o(.bss.delay)
    STACK                                    0x20000cc0   Section     1024  startup_gd32e23x.o(STACK)

    Global Symbols

    Symbol Name                              Value     Ov Type        Size  Object(Section)

    BuildAttributes$$THM_ISAv3M$S$8M$PE$A:L22$X:L11$S22$IEEE1$IW$~IW$USESV6$~STKCKD$USESV7$~SHL$OTIME$ROPI$EBA8$MICROLIB$REQ8$PRES8$EABIv2 0x00000000   Number         0  anon$$obj.o ABSOLUTE
    _printf_a                                0x00000000   Number         0  printfstubs.o ABSOLUTE
    _printf_c                                0x00000000   Number         0  printfstubs.o ABSOLUTE
    _printf_charcount                        0x00000000   Number         0  printfstubs.o ABSOLUTE
    _printf_d                                0x00000000   Number         0  printfstubs.o ABSOLUTE
    _printf_e                                0x00000000   Number         0  printfstubs.o ABSOLUTE
    _printf_f                                0x00000000   Number         0  printfstubs.o ABSOLUTE
    _printf_flags                            0x00000000   Number         0  printfstubs.o ABSOLUTE
    _printf_fp_dec                           0x00000000   Number         0  printfstubs.o ABSOLUTE
    _printf_fp_hex                           0x00000000   Number         0  printfstubs.o ABSOLUTE
    _printf_g                                0x00000000   Number         0  printfstubs.o ABSOLUTE
    _printf_i                                0x00000000   Number         0  printfstubs.o ABSOLUTE
    _printf_int_dec                          0x00000000   Number         0  printfstubs.o ABSOLUTE
    _printf_l                                0x00000000   Number         0  printfstubs.o ABSOLUTE
    _printf_lc                               0x00000000   Number         0  printfstubs.o ABSOLUTE
    _printf_ll                               0x00000000   Number         0  printfstubs.o ABSOLUTE
    _printf_lld                              0x00000000   Number         0  printfstubs.o ABSOLUTE
    _printf_lli                              0x00000000   Number         0  printfstubs.o ABSOLUTE
    _printf_llo                              0x00000000   Number         0  printfstubs.o ABSOLUTE
    _printf_llu                              0x00000000   Number         0  printfstubs.o ABSOLUTE
    _printf_llx                              0x00000000   Number         0  printfstubs.o ABSOLUTE
    _printf_longlong_dec                     0x00000000   Number         0  printfstubs.o ABSOLUTE
    _printf_longlong_hex                     0x00000000   Number         0  printfstubs.o ABSOLUTE
    _printf_longlong_oct                     0x00000000   Number         0  printfstubs.o ABSOLUTE
    _printf_ls                               0x00000000   Number         0  printfstubs.o ABSOLUTE
    _printf_mbtowc                           0x00000000   Number         0  printfstubs.o ABSOLUTE
    _printf_n                                0x00000000   Number         0  printfstubs.o ABSOLUTE
    _printf_o                                0x00000000   Number         0  printfstubs.o ABSOLUTE
    _printf_p                                0x00000000   Number         0  printfstubs.o ABSOLUTE
    _printf_percent                          0x00000000   Number         0  printfstubs.o ABSOLUTE
    _printf_pre_padding                      0x00000000   Number         0  printfstubs.o ABSOLUTE
    _printf_return_value                     0x00000000   Number         0  printfstubs.o ABSOLUTE
    _printf_s                                0x00000000   Number         0  printfstubs.o ABSOLUTE
    _printf_sizespec                         0x00000000   Number         0  printfstubs.o ABSOLUTE
    _printf_str                              0x00000000   Number         0  printfstubs.o ABSOLUTE
    _printf_truncate_signed                  0x00000000   Number         0  printfstubs.o ABSOLUTE
    _printf_truncate_unsigned                0x00000000   Number         0  printfstubs.o ABSOLUTE
    _printf_u                                0x00000000   Number         0  printfstubs.o ABSOLUTE
    _printf_wc                               0x00000000   Number         0  printfstubs.o ABSOLUTE
    _printf_wctomb                           0x00000000   Number         0  printfstubs.o ABSOLUTE
    _printf_widthprec                        0x00000000   Number         0  printfstubs.o ABSOLUTE
    _printf_x                                0x00000000   Number         0  printfstubs.o ABSOLUTE
    __cpp_initialize__aeabi_                  - Undefined Weak Reference
    __cxa_finalize                            - Undefined Weak Reference
    _clock_init                               - Undefined Weak Reference
    _microlib_exit                            - Undefined Weak Reference
    __Vectors_Size                           0x000000cc   Number         0  startup_gd32e23x.o ABSOLUTE
    __Vectors                                0x08003000   Data           4  startup_gd32e23x.o(RESET)
    __Vectors_End                            0x080030cc   Data           0  startup_gd32e23x.o(RESET)
    __main                                   0x080030cd   Thumb Code     0  entry.o(.ARM.Collect$$$$00000000)
    _main_stk                                0x080030cd   Thumb Code     0  entry2.o(.ARM.Collect$$$$00000001)
    _main_scatterload                        0x080030d1   Thumb Code     0  entry5.o(.ARM.Collect$$$$00000004)
    __main_after_scatterload                 0x080030d5   Thumb Code     0  entry5.o(.ARM.Collect$$$$00000004)
    _main_clock                              0x080030d5   Thumb Code     0  entry7b.o(.ARM.Collect$$$$00000008)
    _main_cpp_init                           0x080030d5   Thumb Code     0  entry8b.o(.ARM.Collect$$$$0000000A)
    _main_init                               0x080030d5   Thumb Code     0  entry9a.o(.ARM.Collect$$$$0000000B)
    __rt_final_cpp                           0x080030dd   Thumb Code     0  entry10a.o(.ARM.Collect$$$$0000000D)
    __rt_final_exit                          0x080030dd   Thumb Code     0  entry11a.o(.ARM.Collect$$$$0000000F)
    Reset_Handler                            0x080030e1   Thumb Code     8  startup_gd32e23x.o(.text)
    ADC_CMP_IRQHandler                       0x080030f3   Thumb Code     0  startup_gd32e23x.o(.text)
    DMA_Channel0_IRQHandler                  0x080030f3   Thumb Code     0  startup_gd32e23x.o(.text)
    DMA_Channel1_2_IRQHandler                0x080030f3   Thumb Code     0  startup_gd32e23x.o(.text)
    DMA_Channel3_4_IRQHandler                0x080030f3   Thumb Code     0  startup_gd32e23x.o(.text)
    EXTI2_3_IRQHandler                       0x080030f3   Thumb Code     0  startup_gd32e23x.o(.text)
    EXTI4_15_IRQHandler                      0x080030f3   Thumb Code     0  startup_gd32e23x.o(.text)
    FMC_IRQHandler                           0x080030f3   Thumb Code     0  startup_gd32e23x.o(.text)
    I2C0_ER_IRQHandler                       0x080030f3   Thumb Code     0  startup_gd32e23x.o(.text)
    I2C0_EV_IRQHandler                       0x080030f3   Thumb Code     0  startup_gd32e23x.o(.text)
    I2C1_ER_IRQHandler                       0x080030f3   Thumb Code     0  startup_gd32e23x.o(.text)
    I2C1_EV_IRQHandler                       0x080030f3   Thumb Code     0  startup_gd32e23x.o(.text)
    LVD_IRQHandler                           0x080030f3   Thumb Code     0  startup_gd32e23x.o(.text)
    RCU_IRQHandler                           0x080030f3   Thumb Code     0  startup_gd32e23x.o(.text)
    RTC_IRQHandler                           0x080030f3   Thumb Code     0  startup_gd32e23x.o(.text)
    SPI0_IRQHandler                          0x080030f3   Thumb Code     0  startup_gd32e23x.o(.text)
    SPI1_IRQHandler                          0x080030f3   Thumb Code     0  startup_gd32e23x.o(.text)
    TIMER0_BRK_UP_TRG_COM_IRQHandler         0x080030f3   Thumb Code     0  startup_gd32e23x.o(.text)
    TIMER0_Channel_IRQHandler                0x080030f3   Thumb Code     0  startup_gd32e23x.o(.text)
    TIMER14_IRQHandler                       0x080030f3   Thumb Code     0  startup_gd32e23x.o(.text)
    TIMER15_IRQHandler                       0x080030f3   Thumb Code     0  startup_gd32e23x.o(.text)
    TIMER16_IRQHandler                       0x080030f3   Thumb Code     0  startup_gd32e23x.o(.text)
    TIMER2_IRQHandler                        0x080030f3   Thumb Code     0  startup_gd32e23x.o(.text)
    TIMER5_IRQHandler                        0x080030f3   Thumb Code     0  startup_gd32e23x.o(.text)
    USART1_IRQHandler                        0x080030f3   Thumb Code     0  startup_gd32e23x.o(.text)
    WWDGT_IRQHandler                         0x080030f3   Thumb Code     0  startup_gd32e23x.o(.text)
    __aeabi_memcpy                           0x080030fd   Thumb Code    36  memcpya.o(.text)
    __aeabi_memcpy4                          0x080030fd   Thumb Code     0  memcpya.o(.text)
    __aeabi_memcpy8                          0x080030fd   Thumb Code     0  memcpya.o(.text)
    __aeabi_memset                           0x08003121   Thumb Code    14  memseta.o(.text)
    __aeabi_memset4                          0x08003121   Thumb Code     0  memseta.o(.text)
    __aeabi_memset8                          0x08003121   Thumb Code     0  memseta.o(.text)
    __aeabi_memclr                           0x0800312f   Thumb Code     4  memseta.o(.text)
    __aeabi_memclr4                          0x0800312f   Thumb Code     0  memseta.o(.text)
    __aeabi_memclr8                          0x0800312f   Thumb Code     0  memseta.o(.text)
    _memset$wrapper                          0x08003133   Thumb Code    18  memseta.o(.text)
    strchr                                   0x08003145   Thumb Code    20  strchr.o(.text)
    strlen                                   0x08003159   Thumb Code    14  strlen.o(.text)
    atoi                                     0x08003167   Thumb Code    26  atoi.o(.text)
    __aeabi_dmul                             0x08003181   Thumb Code   202  dmul.o(.text)
    __aeabi_fcmple                           0x08003251   Thumb Code    28  fcmple.o(.text)
    __aeabi_fcmpge                           0x0800326d   Thumb Code    28  fcmpge.o(.text)
    __aeabi_ui2f                             0x08003289   Thumb Code    14  ffltui.o(.text)
    __aeabi_i2d                              0x08003299   Thumb Code    34  dflti.o(.text)
    __aeabi_f2iz                             0x080032c1   Thumb Code    50  ffixi.o(.text)
    __aeabi_f2d                              0x080032f3   Thumb Code    40  f2d.o(.text)
    __aeabi_uldivmod                         0x0800331b   Thumb Code    96  uldiv.o(.text)
    strtol                                   0x0800337d   Thumb Code   108  strtol.o(.text)
    __I$use$fp                               0x080033ed   Thumb Code     0  iusefp.o(.text)
    _float_round                             0x080033ed   Thumb Code    16  fepilogue.o(.text)
    _float_epilogue                          0x080033fd   Thumb Code   114  fepilogue.o(.text)
    _double_round                            0x0800346f   Thumb Code    26  depilogue.o(.text)
    _double_epilogue                         0x08003489   Thumb Code   164  depilogue.o(.text)
    __aeabi_dadd                             0x0800352d   Thumb Code   328  dadd.o(.text)
    __aeabi_dsub                             0x08003675   Thumb Code    12  dadd.o(.text)
    __aeabi_drsub                            0x08003681   Thumb Code    12  dadd.o(.text)
    __aeabi_ddiv                             0x08003691   Thumb Code   234  ddiv.o(.text)
    __aeabi_d2ulz                            0x08003781   Thumb Code    54  dfixul.o(.text)
    __aeabi_cdrcmple                         0x080037c1   Thumb Code    38  cdrcmple.o(.text)
    __scatterload                            0x080037e9   Thumb Code    28  init.o(.text)
    __scatterload_rt2                        0x080037e9   Thumb Code     0  init.o(.text)
    __aeabi_uidiv$div0                       0x0800380d   Thumb Code     0  uidiv_div0.o(.text)
    __aeabi_uidivmod                         0x0800380d   Thumb Code    62  uidiv_div0.o(.text)
    __aeabi_llsl                             0x0800384b   Thumb Code    32  llshl.o(.text)
    _ll_shift_l                              0x0800384b   Thumb Code     0  llshl.o(.text)
    __aeabi_llsr                             0x0800386b   Thumb Code    34  llushr.o(.text)
    _ll_ushift_r                             0x0800386b   Thumb Code     0  llushr.o(.text)
    __aeabi_lasr                             0x0800388d   Thumb Code    38  llsshr.o(.text)
    _ll_sshift_r                             0x0800388d   Thumb Code     0  llsshr.o(.text)
    __rt_ctype_table                         0x080038b5   Thumb Code     4  ctype_o.o(.text)
    _strtoul                                 0x080038bd   Thumb Code   166  _strtoul.o(.text)
    _chval                                   0x08003963   Thumb Code    30  _chval.o(.text)
    __decompress                             0x08003981   Thumb Code     0  __dczerorl2.o(.text)
    __decompress1                            0x08003981   Thumb Code    86  __dczerorl2.o(.text)
    ADC_Init                                 0x080039d9   Thumb Code   208  adc.o(.text.ADC_Init)
    CMOS_ADC                                 0x08003ab5   Thumb Code   640  user.o(.text.CMOS_ADC)
    CMOS_DIS                                 0x08003da9   Thumb Code   108  user.o(.text.CMOS_DIS)
    CMOS_RUN_CLOCK                           0x08003e61   Thumb Code   120  main.o(.text.CMOS_RUN_CLOCK)
    EXTI0_1_IRQHandler                       0x08003ee5   Thumb Code    40  gd32e23x_it.o(.text.EXTI0_1_IRQHandler)
    Execute_user_Program                     0x08003f11   Thumb Code    32  flash.o(.text.Execute_user_Program)
    FMC_ERASE_PAGE                           0x08003f39   Thumb Code    38  flash.o(.text.FMC_ERASE_PAGE)
    FMC_FLASH_Read                           0x08003f5f   Thumb Code     8  flash.o(.text.FMC_FLASH_Read)
    FMC_FLASH_Write                          0x08003f67   Thumb Code    46  flash.o(.text.FMC_FLASH_Write)
    FMC_WRITE_BUFFER                         0x08003f95   Thumb Code    72  flash.o(.text.FMC_WRITE_BUFFER)
    Get_ADC_Value                            0x08003fe1   Thumb Code    32  adc.o(.text.Get_ADC_Value)
    Get_Temp                                 0x08004001   Thumb Code    42  adc.o(.text.Get_Temp)
    HardFault_Handler                        0x0800402b   Thumb Code     2  gd32e23x_it.o(.text.HardFault_Handler)
    LASER_OFF                                0x0800402d   Thumb Code    12  usart.o(.text.LASER_OFF)
    LASER_ON                                 0x08004039   Thumb Code    16  usart.o(.text.LASER_ON)
    NMI_Handler                              0x0800404d   Thumb Code     2  gd32e23x_it.o(.text.NMI_Handler)
    PWM_timer_config                         0x08004051   Thumb Code   156  timer.o(.text.PWM_timer_config)
    PendSV_Handler                           0x08004101   Thumb Code     2  gd32e23x_it.o(.text.PendSV_Handler)
    SVC_Handler                              0x08004103   Thumb Code     2  gd32e23x_it.o(.text.SVC_Handler)
    SysTick_Handler                          0x08004105   Thumb Code     4  gd32e23x_it.o(.text.SysTick_Handler)
    SystemInit                               0x08004109   Thumb Code   276  system_gd32e23x.o(.text.SystemInit)
    TIMER13_IRQHandler                       0x0800423d   Thumb Code   204  timer.o(.text.TIMER13_IRQHandler)
    UART_TEST_HANDLE                         0x08004321   Thumb Code   172  usart.o(.text.UART_TEST_HANDLE)
    USART0_IRQHandler                        0x080043f1   Thumb Code   108  usart.o(.text.USART0_IRQHandler)
    Usart_GPIO_Init                          0x0800447d   Thumb Code   112  usart.o(.text.Usart_GPIO_Init)
    Usart_Init                               0x080044f1   Thumb Code    96  usart.o(.text.Usart_Init)
    V_STR_Printf                             0x08004559   Thumb Code    28  usart.o(.text.V_STR_Printf)
    _ADCf                                    0x08004575   Thumb Code    60  usart.o(.text._ADCf)
    _DISTf                                   0x080045c5   Thumb Code    32  usart.o(.text._DISTf)
    _GETOf                                   0x080045ed   Thumb Code    20  usart.o(.text._GETOf)
    _GETTf                                   0x08004611   Thumb Code    52  usart.o(.text._GETTf)
    _LAINf                                   0x08004659   Thumb Code    36  usart.o(.text._LAINf)
    _LAOFf                                   0x0800469d   Thumb Code    40  usart.o(.text._LAOFf)
    _LAONf                                   0x080046d5   Thumb Code    32  usart.o(.text._LAONf)
    _MEOFf                                   0x08004709   Thumb Code    40  usart.o(.text._MEOFf)
    _MEONf                                   0x0800474d   Thumb Code    40  usart.o(.text._MEONf)
    _RDFLf                                   0x08004799   Thumb Code    52  usart.o(.text._RDFLf)
    _RPWMf                                   0x080047dd   Thumb Code    20  usart.o(.text._RPWMf)
    _SETEf                                   0x08004801   Thumb Code    52  usart.o(.text._SETEf)
    _SETOf                                   0x0800483d   Thumb Code    28  usart.o(.text._SETOf)
    _SETPf                                   0x08004859   Thumb Code    96  usart.o(.text._SETPf)
    _SHOWf                                   0x080048e1   Thumb Code    36  usart.o(.text._SHOWf)
    _TEMPf                                   0x0800490d   Thumb Code    20  usart.o(.text._TEMPf)
    _UPDTf                                   0x0800492d   Thumb Code    24  usart.o(.text._UPDTf)
    _WPWMf                                   0x08004949   Thumb Code    56  usart.o(.text._WPWMf)
    _WRFLf                                   0x08004989   Thumb Code    44  usart.o(.text._WRFLf)
    _helpf                                   0x080049c1   Thumb Code   120  usart.o(.text._helpf)
    adc_calibration_enable                   0x08004b01   Thumb Code    32  gd32e23x_adc.o(.text.adc_calibration_enable)
    adc_channel_length_config                0x08004b21   Thumb Code    60  gd32e23x_adc.o(.text.adc_channel_length_config)
    adc_data_alignment_config                0x08004b61   Thumb Code    24  gd32e23x_adc.o(.text.adc_data_alignment_config)
    adc_deinit                               0x08004b79   Thumb Code    24  gd32e23x_adc.o(.text.adc_deinit)
    adc_dma_mode_enable                      0x08004b95   Thumb Code    16  gd32e23x_adc.o(.text.adc_dma_mode_enable)
    adc_enable                               0x08004ba5   Thumb Code    20  gd32e23x_adc.o(.text.adc_enable)
    adc_external_trigger_config              0x08004bb9   Thumb Code    72  gd32e23x_adc.o(.text.adc_external_trigger_config)
    adc_external_trigger_source_config       0x08004c01   Thumb Code    32  gd32e23x_adc.o(.text.adc_external_trigger_source_config)
    adc_flag_clear                           0x08004c29   Thumb Code    12  gd32e23x_adc.o(.text.adc_flag_clear)
    adc_flag_get                             0x08004c35   Thumb Code    16  gd32e23x_adc.o(.text.adc_flag_get)
    adc_get_result                           0x08004c49   Thumb Code    16  adc.o(.text.adc_get_result)
    adc_regular_channel_config               0x08004c5d   Thumb Code   136  gd32e23x_adc.o(.text.adc_regular_channel_config)
    adc_regular_data_read                    0x08004ce9   Thumb Code     8  gd32e23x_adc.o(.text.adc_regular_data_read)
    adc_resolution_config                    0x08004cf5   Thumb Code    20  gd32e23x_adc.o(.text.adc_resolution_config)
    adc_software_trigger_enable              0x08004d09   Thumb Code    40  gd32e23x_adc.o(.text.adc_software_trigger_enable)
    adc_special_function_config              0x08004d35   Thumb Code   112  gd32e23x_adc.o(.text.adc_special_function_config)
    da18b20rd                                0x08004da9   Thumb Code   172  ds18b20.o(.text.da18b20rd)
    delay_10us                               0x08004e55   Thumb Code    12  systick.o(.text.delay_10us)
    delay_1ms                                0x08004e61   Thumb Code    20  systick.o(.text.delay_1ms)
    delay_decrement                          0x08004e75   Thumb Code    16  systick.o(.text.delay_decrement)
    dma_channel_enable                       0x08004e89   Thumb Code    16  gd32e23x_dma.o(.text.dma_channel_enable)
    dma_circulation_enable                   0x08004e99   Thumb Code    16  gd32e23x_dma.o(.text.dma_circulation_enable)
    dma_deinit                               0x08004ea9   Thumb Code    44  gd32e23x_dma.o(.text.dma_deinit)
    dma_init                                 0x08004ed9   Thumb Code   112  gd32e23x_dma.o(.text.dma_init)
    dma_memory_to_memory_disable             0x08004f49   Thumb Code    20  gd32e23x_dma.o(.text.dma_memory_to_memory_disable)
    ds18b20_init                             0x08004f61   Thumb Code    56  ds18b20.o(.text.ds18b20_init)
    ds18b20wr                                0x08004f99   Thumb Code   116  ds18b20.o(.text.ds18b20wr)
    exti_init                                0x08005015   Thumb Code   104  gd32e23x_exti.o(.text.exti_init)
    exti_interrupt_flag_clear                0x08005081   Thumb Code     8  gd32e23x_exti.o(.text.exti_interrupt_flag_clear)
    exti_interrupt_flag_get                  0x08005089   Thumb Code    16  gd32e23x_exti.o(.text.exti_interrupt_flag_get)
    fmc_flag_clear                           0x0800509d   Thumb Code     8  gd32e23x_fmc.o(.text.fmc_flag_clear)
    fmc_lock                                 0x080050a5   Thumb Code    12  gd32e23x_fmc.o(.text.fmc_lock)
    fmc_page_erase                           0x080050b5   Thumb Code   100  gd32e23x_fmc.o(.text.fmc_page_erase)
    fmc_unlock                               0x08005119   Thumb Code    20  gd32e23x_fmc.o(.text.fmc_unlock)
    fmc_word_program                         0x08005139   Thumb Code    92  gd32e23x_fmc.o(.text.fmc_word_program)
    fputc                                    0x0800519d   Thumb Code    32  usart.o(.text.fputc)
    gpio_af_set                              0x080051c5   Thumb Code   228  gd32e23x_gpio.o(.text.gpio_af_set)
    gpio_bit_write                           0x080052c1   Thumb Code    14  gd32e23x_gpio.o(.text.gpio_bit_write)
    gpio_config                              0x080052d1   Thumb Code   100  gpio.o(.text.gpio_config)
    gpio_input_bit_get                       0x08005339   Thumb Code    10  gd32e23x_gpio.o(.text.gpio_input_bit_get)
    gpio_mode_set                            0x08005343   Thumb Code    66  gd32e23x_gpio.o(.text.gpio_mode_set)
    gpio_output_options_set                  0x08005385   Thumb Code    70  gd32e23x_gpio.o(.text.gpio_output_options_set)
    main                                     0x080053cd   Thumb Code   196  main.o(.text.main)
    nvic_irq_enable                          0x080054d1   Thumb Code    92  gd32e23x_misc.o(.text.nvic_irq_enable)
    nvic_vector_table_set                    0x08005539   Thumb Code    16  gd32e23x_misc.o(.text.nvic_vector_table_set)
    rcu_adc_clock_config                     0x08005551   Thumb Code   200  gd32e23x_rcu.o(.text.rcu_adc_clock_config)
    rcu_clock_freq_get                       0x08005621   Thumb Code   344  gd32e23x_rcu.o(.text.rcu_clock_freq_get)
    rcu_periph_clock_enable                  0x080057a1   Thumb Code    20  gd32e23x_rcu.o(.text.rcu_periph_clock_enable)
    rcu_periph_reset_disable                 0x080057b5   Thumb Code    20  gd32e23x_rcu.o(.text.rcu_periph_reset_disable)
    rcu_periph_reset_enable                  0x080057c9   Thumb Code    20  gd32e23x_rcu.o(.text.rcu_periph_reset_enable)
    readtemp                                 0x080057e1   Thumb Code   236  ds18b20.o(.text.readtemp)
    syscfg_exti_line_config                  0x080058dd   Thumb Code   108  gd32e23x_syscfg.o(.text.syscfg_exti_line_config)
    systick_config                           0x0800594d   Thumb Code    56  systick.o(.text.systick_config)
    timer13_config                           0x08005999   Thumb Code   104  timer.o(.text.timer13_config)
    timer_auto_reload_shadow_enable          0x08005a01   Thumb Code    10  gd32e23x_timer.o(.text.timer_auto_reload_shadow_enable)
    timer_channel_output_config              0x08005a0d   Thumb Code   544  gd32e23x_timer.o(.text.timer_channel_output_config)
    timer_channel_output_mode_config         0x08005c35   Thumb Code    92  gd32e23x_timer.o(.text.timer_channel_output_mode_config)
    timer_channel_output_pulse_value_config  0x08005c91   Thumb Code    12  gd32e23x_timer.o(.text.timer_channel_output_pulse_value_config)
    timer_deinit                             0x08005c9d   Thumb Code   100  gd32e23x_timer.o(.text.timer_deinit)
    timer_disable                            0x08005d15   Thumb Code    10  gd32e23x_timer.o(.text.timer_disable)
    timer_enable                             0x08005d1f   Thumb Code    10  gd32e23x_timer.o(.text.timer_enable)
    timer_init                               0x08005d29   Thumb Code   144  gd32e23x_timer.o(.text.timer_init)
    timer_interrupt_enable                   0x08005dd9   Thumb Code     8  gd32e23x_timer.o(.text.timer_interrupt_enable)
    timer_interrupt_flag_clear               0x08005de1   Thumb Code     6  gd32e23x_timer.o(.text.timer_interrupt_flag_clear)
    timer_interrupt_flag_get                 0x08005de7   Thumb Code    20  gd32e23x_timer.o(.text.timer_interrupt_flag_get)
    timer_prescaler_config                   0x08005dfb   Thumb Code    16  gd32e23x_timer.o(.text.timer_prescaler_config)
    timer_primary_output_config              0x08005e0b   Thumb Code    22  gd32e23x_timer.o(.text.timer_primary_output_config)
    timer_struct_para_init                   0x08005e21   Thumb Code    16  gd32e23x_timer.o(.text.timer_struct_para_init)
    usart_baudrate_set                       0x08005e35   Thumb Code    76  gd32e23x_usart.o(.text.usart_baudrate_set)
    usart_data_receive                       0x08005e85   Thumb Code     8  gd32e23x_usart.o(.text.usart_data_receive)
    usart_data_transmit                      0x08005e8d   Thumb Code     8  gd32e23x_usart.o(.text.usart_data_transmit)
    usart_deinit                             0x08005e99   Thumb Code    40  gd32e23x_usart.o(.text.usart_deinit)
    usart_enable                             0x08005ed1   Thumb Code    10  gd32e23x_usart.o(.text.usart_enable)
    usart_flag_get                           0x08005edb   Thumb Code    16  gd32e23x_usart.o(.text.usart_flag_get)
    usart_interrupt_disable                  0x08005eeb   Thumb Code    18  gd32e23x_usart.o(.text.usart_interrupt_disable)
    usart_interrupt_enable                   0x08005efd   Thumb Code    18  gd32e23x_usart.o(.text.usart_interrupt_enable)
    usart_interrupt_flag_get                 0x08005f0f   Thumb Code    30  gd32e23x_usart.o(.text.usart_interrupt_flag_get)
    usart_parity_config                      0x08005f2d   Thumb Code    26  gd32e23x_usart.o(.text.usart_parity_config)
    usart_receive_config                     0x08005f47   Thumb Code    16  gd32e23x_usart.o(.text.usart_receive_config)
    usart_stop_bit_set                       0x08005f57   Thumb Code    26  gd32e23x_usart.o(.text.usart_stop_bit_set)
    usart_transmit_config                    0x08005f71   Thumb Code    16  gd32e23x_usart.o(.text.usart_transmit_config)
    usart_word_length_set                    0x08005f81   Thumb Code    26  gd32e23x_usart.o(.text.usart_word_length_set)
    __0printf                                0x08005f9d   Thumb Code    24  printfa.o(i.__0printf)
    __1printf                                0x08005f9d   Thumb Code     0  printfa.o(i.__0printf)
    __2printf                                0x08005f9d   Thumb Code     0  printfa.o(i.__0printf)
    __c89printf                              0x08005f9d   Thumb Code     0  printfa.o(i.__0printf)
    printf                                   0x08005f9d   Thumb Code     0  printfa.o(i.__0printf)
    __0sprintf                               0x08005fbd   Thumb Code    36  printfa.o(i.__0sprintf)
    __1sprintf                               0x08005fbd   Thumb Code     0  printfa.o(i.__0sprintf)
    __2sprintf                               0x08005fbd   Thumb Code     0  printfa.o(i.__0sprintf)
    __c89sprintf                             0x08005fbd   Thumb Code     0  printfa.o(i.__0sprintf)
    sprintf                                  0x08005fbd   Thumb Code     0  printfa.o(i.__0sprintf)
    __ARM_clz                                0x08005fe5   Thumb Code    46  depilogue.o(i.__ARM_clz)
    __aeabi_errno_addr                       0x08006015   Thumb Code     4  errno.o(i.__aeabi_errno_addr)
    __rt_errno_addr                          0x08006015   Thumb Code     0  errno.o(i.__aeabi_errno_addr)
    __scatterload_copy                       0x0800601d   Thumb Code    14  handlers.o(i.__scatterload_copy)
    __scatterload_null                       0x0800602b   Thumb Code     2  handlers.o(i.__scatterload_null)
    __scatterload_zeroinit                   0x0800602d   Thumb Code    14  handlers.o(i.__scatterload_zeroinit)
    puts                                     0x080068f5   Thumb Code    28  puts.o(i.puts)
    __ctype_table                            0x08006914   Data         129  ctype_o.o(.constdata)
    Region$$Table$$Base                      0x08006bd4   Number         0  anon$$obj.o(Region$$Table)
    Region$$Table$$Limit                     0x08006bf4   Number         0  anon$$obj.o(Region$$Table)
    __stdout                                 0x20000000   Data           4  stdout.o(.data)
    CMD_T                                    0x20000008   Data         240  usart.o(.data.CMD_T)
    LSD_CMOS                                 0x200000f8   Data        2532  adc.o(.data.LSD_CMOS)
    SystemCoreClock                          0x20000adc   Data           4  system_gd32e23x.o(.data.SystemCoreClock)
    cmd_num                                  0x20000ae0   Data           1  usart.o(.data.cmd_num)
    fmc_str                                  0x20000ae4   Data          28  flash.o(.data.fmc_str)
    transfersize                             0x20000b00   Data           1  usart.o(.data.transfersize)
    ADC_Value_Inject                         0x20000b08   Data           2  adc.o(.bss.ADC_Value_Inject)
    JumpAddress                              0x20000b0c   Data           4  flash.o(.bss.JumpAddress)
    Jump_To_Application                      0x20000b10   Data           4  flash.o(.bss.Jump_To_Application)
    Laser_Init                               0x20000b14   Data           8  led_config.o(.bss.Laser_Init)
    Rx_flag                                  0x20000b1c   Data           1  usart.o(.bss.Rx_flag)
    adc_Buf                                  0x20000b22   Data           2  main.o(.bss.adc_Buf)
    arount_cnt                               0x20000b24   Data           1  main.o(.bss.arount_cnt)
    cnt                                      0x20000b26   Data           2  user.o(.bss.cnt)
    index                                    0x20000b2c   Data           2  timer.o(.bss.index)
    lsd_index                                0x20000b2e   Data           2  user.o(.bss.lsd_index)
    p_buf                                    0x20000b30   Data         128  main.o(.bss.p_buf)
    receiver_buffer                          0x20000bb0   Data         128  usart.o(.bss.receiver_buffer)
    rxcount                                  0x20000c30   Data           2  usart.o(.bss.rxcount)
    show_flag                                0x20000c32   Data           1  usart.o(.bss.show_flag)
    str_to_num                               0x20000c34   Data           4  usart.o(.bss.str_to_num)
    transmitter_buffer                       0x20000c38   Data         128  usart.o(.bss.transmitter_buffer)
    txcount                                  0x20000cb8   Data           1  usart.o(.bss.txcount)
    __initial_sp                             0x200010c0   Data           0  startup_gd32e23x.o(STACK)



==============================================================================

Memory Map of the image

  Image Entry point : 0x080030cd

  Load Region LR_IROM1 (Base: 0x08003000, Size: 0x00004700, Max: 0x0000cc00, ABSOLUTE, COMPRESSED[0x00003ca8])

    Execution Region ER_IROM1 (Exec base: 0x08003000, Load base: 0x08003000, Size: 0x00003bf4, Max: 0x0000cc00, ABSOLUTE)

    Exec Addr    Load Addr    Size         Type   Attr      Idx    E Section Name        Object

    0x08003000   0x08003000   0x000000cc   Data   RO            3    RESET               startup_gd32e23x.o
    0x080030cc   0x080030cc   0x00000000   Code   RO         1427  * .ARM.Collect$$$$00000000  mc_p.l(entry.o)
    0x080030cc   0x080030cc   0x00000004   Code   RO         1723    .ARM.Collect$$$$00000001  mc_p.l(entry2.o)
    0x080030d0   0x080030d0   0x00000004   Code   RO         1726    .ARM.Collect$$$$00000004  mc_p.l(entry5.o)
    0x080030d4   0x080030d4   0x00000000   Code   RO         1728    .ARM.Collect$$$$00000008  mc_p.l(entry7b.o)
    0x080030d4   0x080030d4   0x00000000   Code   RO         1730    .ARM.Collect$$$$0000000A  mc_p.l(entry8b.o)
    0x080030d4   0x080030d4   0x00000008   Code   RO         1731    .ARM.Collect$$$$0000000B  mc_p.l(entry9a.o)
    0x080030dc   0x080030dc   0x00000000   Code   RO         1733    .ARM.Collect$$$$0000000D  mc_p.l(entry10a.o)
    0x080030dc   0x080030dc   0x00000000   Code   RO         1735    .ARM.Collect$$$$0000000F  mc_p.l(entry11a.o)
    0x080030dc   0x080030dc   0x00000004   Code   RO         1724    .ARM.Collect$$$$00002712  mc_p.l(entry2.o)
    0x080030e0   0x080030e0   0x0000001c   Code   RO            4    .text               startup_gd32e23x.o
    0x080030fc   0x080030fc   0x00000024   Code   RO         1434    .text               mc_p.l(memcpya.o)
    0x08003120   0x08003120   0x00000024   Code   RO         1436    .text               mc_p.l(memseta.o)
    0x08003144   0x08003144   0x00000014   Code   RO         1438    .text               mc_p.l(strchr.o)
    0x08003158   0x08003158   0x0000000e   Code   RO         1440    .text               mc_p.l(strlen.o)
    0x08003166   0x08003166   0x0000001a   Code   RO         1705    .text               mc_p.l(atoi.o)
    0x08003180   0x08003180   0x000000d0   Code   RO         1707    .text               mf_p.l(dmul.o)
    0x08003250   0x08003250   0x0000001c   Code   RO         1709    .text               mf_p.l(fcmple.o)
    0x0800326c   0x0800326c   0x0000001c   Code   RO         1711    .text               mf_p.l(fcmpge.o)
    0x08003288   0x08003288   0x0000000e   Code   RO         1715    .text               mf_p.l(ffltui.o)
    0x08003296   0x08003296   0x00000002   PAD
    0x08003298   0x08003298   0x00000028   Code   RO         1717    .text               mf_p.l(dflti.o)
    0x080032c0   0x080032c0   0x00000032   Code   RO         1719    .text               mf_p.l(ffixi.o)
    0x080032f2   0x080032f2   0x00000028   Code   RO         1721    .text               mf_p.l(f2d.o)
    0x0800331a   0x0800331a   0x00000060   Code   RO         1744    .text               mc_p.l(uldiv.o)
    0x0800337a   0x0800337a   0x00000002   PAD
    0x0800337c   0x0800337c   0x00000070   Code   RO         1753    .text               mc_p.l(strtol.o)
    0x080033ec   0x080033ec   0x00000000   Code   RO         1755    .text               mc_p.l(iusefp.o)
    0x080033ec   0x080033ec   0x00000082   Code   RO         1756    .text               mf_p.l(fepilogue.o)
    0x0800346e   0x0800346e   0x000000be   Code   RO         1758    .text               mf_p.l(depilogue.o)
    0x0800352c   0x0800352c   0x00000164   Code   RO         1762    .text               mf_p.l(dadd.o)
    0x08003690   0x08003690   0x000000f0   Code   RO         1764    .text               mf_p.l(ddiv.o)
    0x08003780   0x08003780   0x00000040   Code   RO         1766    .text               mf_p.l(dfixul.o)
    0x080037c0   0x080037c0   0x00000028   Code   RO         1768    .text               mf_p.l(cdrcmple.o)
    0x080037e8   0x080037e8   0x00000024   Code   RO         1770    .text               mc_p.l(init.o)
    0x0800380c   0x0800380c   0x0000003e   Code   RO         1776    .text               mc_p.l(uidiv_div0.o)
    0x0800384a   0x0800384a   0x00000020   Code   RO         1782    .text               mc_p.l(llshl.o)
    0x0800386a   0x0800386a   0x00000022   Code   RO         1784    .text               mc_p.l(llushr.o)
    0x0800388c   0x0800388c   0x00000026   Code   RO         1786    .text               mc_p.l(llsshr.o)
    0x080038b2   0x080038b2   0x00000002   PAD
    0x080038b4   0x080038b4   0x00000008   Code   RO         1788    .text               mc_p.l(ctype_o.o)
    0x080038bc   0x080038bc   0x000000a6   Code   RO         1816    .text               mc_p.l(_strtoul.o)
    0x08003962   0x08003962   0x0000001e   Code   RO         1818    .text               mc_p.l(_chval.o)
    0x08003980   0x08003980   0x00000056   Code   RO         1828    .text               mc_p.l(__dczerorl2.o)
    0x080039d6   0x080039d6   0x00000002   PAD
    0x080039d8   0x080039d8   0x000000dc   Code   RO         1342    .text.ADC_Init      adc.o
    0x08003ab4   0x08003ab4   0x000002f4   Code   RO         1319    .text.CMOS_ADC      user.o
    0x08003da8   0x08003da8   0x000000b8   Code   RO         1325    .text.CMOS_DIS      user.o
    0x08003e60   0x08003e60   0x00000084   Code   RO         1172    .text.CMOS_RUN_CLOCK  main.o
    0x08003ee4   0x08003ee4   0x0000002c   Code   RO         1203    .text.EXTI0_1_IRQHandler  gd32e23x_it.o
    0x08003f10   0x08003f10   0x00000028   Code   RO         1384    .text.Execute_user_Program  flash.o
    0x08003f38   0x08003f38   0x00000026   Code   RO         1376    .text.FMC_ERASE_PAGE  flash.o
    0x08003f5e   0x08003f5e   0x00000008   Code   RO         1382    .text.FMC_FLASH_Read  flash.o
    0x08003f66   0x08003f66   0x0000002e   Code   RO         1380    .text.FMC_FLASH_Write  flash.o
    0x08003f94   0x08003f94   0x0000004c   Code   RO         1378    .text.FMC_WRITE_BUFFER  flash.o
    0x08003fe0   0x08003fe0   0x00000020   Code   RO         1346    .text.Get_ADC_Value  adc.o
    0x08004000   0x08004000   0x0000002a   Code   RO         1348    .text.Get_Temp      adc.o
    0x0800402a   0x0800402a   0x00000002   Code   RO         1187    .text.HardFault_Handler  gd32e23x_it.o
    0x0800402c   0x0800402c   0x0000000c   Code   RO         1295    .text.LASER_OFF     usart.o
    0x08004038   0x08004038   0x00000014   Code   RO         1293    .text.LASER_ON      usart.o
    0x0800404c   0x0800404c   0x00000002   Code   RO         1185    .text.NMI_Handler   gd32e23x_it.o
    0x0800404e   0x0800404e   0x00000002   PAD
    0x08004050   0x08004050   0x000000b0   Code   RO         1360    .text.PWM_timer_config  timer.o
    0x08004100   0x08004100   0x00000002   Code   RO         1199    .text.PendSV_Handler  gd32e23x_it.o
    0x08004102   0x08004102   0x00000002   Code   RO         1195    .text.SVC_Handler   gd32e23x_it.o
    0x08004104   0x08004104   0x00000004   Code   RO         1201    .text.SysTick_Handler  gd32e23x_it.o
    0x08004108   0x08004108   0x00000134   Code   RO           32    .text.SystemInit    system_gd32e23x.o
    0x0800423c   0x0800423c   0x000000e4   Code   RO         1364    .text.TIMER13_IRQHandler  timer.o
    0x08004320   0x08004320   0x000000d0   Code   RO         1285    .text.UART_TEST_HANDLE  usart.o
    0x080043f0   0x080043f0   0x0000008c   Code   RO         1289    .text.USART0_IRQHandler  usart.o
    0x0800447c   0x0800447c   0x00000074   Code   RO         1279    .text.Usart_GPIO_Init  usart.o
    0x080044f0   0x080044f0   0x00000068   Code   RO         1281    .text.Usart_Init    usart.o
    0x08004558   0x08004558   0x0000001c   Code   RO         1287    .text.V_STR_Printf  usart.o
    0x08004574   0x08004574   0x00000050   Code   RO         1239    .text._ADCf         usart.o
    0x080045c4   0x080045c4   0x00000028   Code   RO         1245    .text._DISTf        usart.o
    0x080045ec   0x080045ec   0x00000024   Code   RO         1259    .text._GETOf        usart.o
    0x08004610   0x08004610   0x00000048   Code   RO         1275    .text._GETTf        usart.o
    0x08004658   0x08004658   0x00000044   Code   RO         1267    .text._LAINf        usart.o
    0x0800469c   0x0800469c   0x00000038   Code   RO         1243    .text._LAOFf        usart.o
    0x080046d4   0x080046d4   0x00000034   Code   RO         1241    .text._LAONf        usart.o
    0x08004708   0x08004708   0x00000044   Code   RO         1249    .text._MEOFf        usart.o
    0x0800474c   0x0800474c   0x0000004c   Code   RO         1247    .text._MEONf        usart.o
    0x08004798   0x08004798   0x00000044   Code   RO         1253    .text._RDFLf        usart.o
    0x080047dc   0x080047dc   0x00000024   Code   RO         1263    .text._RPWMf        usart.o
    0x08004800   0x08004800   0x0000003c   Code   RO         1273    .text._SETEf        usart.o
    0x0800483c   0x0800483c   0x0000001c   Code   RO         1257    .text._SETOf        usart.o
    0x08004858   0x08004858   0x00000088   Code   RO         1251    .text._SETPf        usart.o
    0x080048e0   0x080048e0   0x0000002c   Code   RO         1261    .text._SHOWf        usart.o
    0x0800490c   0x0800490c   0x00000020   Code   RO         1271    .text._TEMPf        usart.o
    0x0800492c   0x0800492c   0x0000001c   Code   RO         1269    .text._UPDTf        usart.o
    0x08004948   0x08004948   0x00000040   Code   RO         1265    .text._WPWMf        usart.o
    0x08004988   0x08004988   0x00000038   Code   RO         1255    .text._WRFLf        usart.o
    0x080049c0   0x080049c0   0x00000140   Code   RO         1237    .text._helpf        usart.o
    0x08004b00   0x08004b00   0x00000020   Code   RO           51    .text.adc_calibration_enable  gd32e23x_adc.o
    0x08004b20   0x08004b20   0x00000040   Code   RO           67    .text.adc_channel_length_config  gd32e23x_adc.o
    0x08004b60   0x08004b60   0x00000018   Code   RO           65    .text.adc_data_alignment_config  gd32e23x_adc.o
    0x08004b78   0x08004b78   0x0000001c   Code   RO           45    .text.adc_deinit    gd32e23x_adc.o
    0x08004b94   0x08004b94   0x00000010   Code   RO           53    .text.adc_dma_mode_enable  gd32e23x_adc.o
    0x08004ba4   0x08004ba4   0x00000014   Code   RO           47    .text.adc_enable    gd32e23x_adc.o
    0x08004bb8   0x08004bb8   0x00000048   Code   RO           75    .text.adc_external_trigger_config  gd32e23x_adc.o
    0x08004c00   0x08004c00   0x00000028   Code   RO           77    .text.adc_external_trigger_source_config  gd32e23x_adc.o
    0x08004c28   0x08004c28   0x0000000c   Code   RO           87    .text.adc_flag_clear  gd32e23x_adc.o
    0x08004c34   0x08004c34   0x00000014   Code   RO           85    .text.adc_flag_get  gd32e23x_adc.o
    0x08004c48   0x08004c48   0x00000014   Code   RO         1344    .text.adc_get_result  adc.o
    0x08004c5c   0x08004c5c   0x0000008c   Code   RO           69    .text.adc_regular_channel_config  gd32e23x_adc.o
    0x08004ce8   0x08004ce8   0x0000000c   Code   RO           81    .text.adc_regular_data_read  gd32e23x_adc.o
    0x08004cf4   0x08004cf4   0x00000014   Code   RO          105    .text.adc_resolution_config  gd32e23x_adc.o
    0x08004d08   0x08004d08   0x0000002c   Code   RO           79    .text.adc_software_trigger_enable  gd32e23x_adc.o
    0x08004d34   0x08004d34   0x00000074   Code   RO           63    .text.adc_special_function_config  gd32e23x_adc.o
    0x08004da8   0x08004da8   0x000000ac   Code   RO         1416    .text.da18b20rd     ds18b20.o
    0x08004e54   0x08004e54   0x0000000c   Code   RO         1216    .text.delay_10us    systick.o
    0x08004e60   0x08004e60   0x00000014   Code   RO         1214    .text.delay_1ms     systick.o
    0x08004e74   0x08004e74   0x00000014   Code   RO         1218    .text.delay_decrement  systick.o
    0x08004e88   0x08004e88   0x00000010   Code   RO          217    .text.dma_channel_enable  gd32e23x_dma.o
    0x08004e98   0x08004e98   0x00000010   Code   RO          209    .text.dma_circulation_enable  gd32e23x_dma.o
    0x08004ea8   0x08004ea8   0x00000030   Code   RO          201    .text.dma_deinit    gd32e23x_dma.o
    0x08004ed8   0x08004ed8   0x00000070   Code   RO          205    .text.dma_init      gd32e23x_dma.o
    0x08004f48   0x08004f48   0x00000018   Code   RO          215    .text.dma_memory_to_memory_disable  gd32e23x_dma.o
    0x08004f60   0x08004f60   0x00000038   Code   RO         1406    .text.ds18b20_init  ds18b20.o
    0x08004f98   0x08004f98   0x0000007c   Code   RO         1414    .text.ds18b20wr     ds18b20.o
    0x08005014   0x08005014   0x0000006c   Code   RO          265    .text.exti_init     gd32e23x_exti.o
    0x08005080   0x08005080   0x00000008   Code   RO          285    .text.exti_interrupt_flag_clear  gd32e23x_exti.o
    0x08005088   0x08005088   0x00000014   Code   RO          283    .text.exti_interrupt_flag_get  gd32e23x_exti.o
    0x0800509c   0x0800509c   0x00000008   Code   RO          347    .text.fmc_flag_clear  gd32e23x_fmc.o
    0x080050a4   0x080050a4   0x00000010   Code   RO          297    .text.fmc_lock      gd32e23x_fmc.o
    0x080050b4   0x080050b4   0x00000064   Code   RO          305    .text.fmc_page_erase  gd32e23x_fmc.o
    0x08005118   0x08005118   0x00000020   Code   RO          295    .text.fmc_unlock    gd32e23x_fmc.o
    0x08005138   0x08005138   0x00000064   Code   RO          313    .text.fmc_word_program  gd32e23x_fmc.o
    0x0800519c   0x0800519c   0x00000028   Code   RO         1277    .text.fputc         usart.o
    0x080051c4   0x080051c4   0x000000fc   Code   RO          411    .text.gpio_af_set   gd32e23x_gpio.o
    0x080052c0   0x080052c0   0x0000000e   Code   RO          399    .text.gpio_bit_write  gd32e23x_gpio.o
    0x080052ce   0x080052ce   0x00000002   PAD
    0x080052d0   0x080052d0   0x00000068   Code   RO         1229    .text.gpio_config   gpio.o
    0x08005338   0x08005338   0x0000000a   Code   RO          403    .text.gpio_input_bit_get  gd32e23x_gpio.o
    0x08005342   0x08005342   0x00000042   Code   RO          391    .text.gpio_mode_set  gd32e23x_gpio.o
    0x08005384   0x08005384   0x00000046   Code   RO          393    .text.gpio_output_options_set  gd32e23x_gpio.o
    0x080053ca   0x080053ca   0x00000002   PAD
    0x080053cc   0x080053cc   0x00000104   Code   RO         1168    .text.main          main.o
    0x080054d0   0x080054d0   0x00000068   Code   RO          505    .text.nvic_irq_enable  gd32e23x_misc.o
    0x08005538   0x08005538   0x00000018   Code   RO          511    .text.nvic_vector_table_set  gd32e23x_misc.o
    0x08005550   0x08005550   0x000000d0   Code   RO          589    .text.rcu_adc_clock_config  gd32e23x_rcu.o
    0x08005620   0x08005620   0x00000180   Code   RO          627    .text.rcu_clock_freq_get  gd32e23x_rcu.o
    0x080057a0   0x080057a0   0x00000014   Code   RO          563    .text.rcu_periph_clock_enable  gd32e23x_rcu.o
    0x080057b4   0x080057b4   0x00000014   Code   RO          573    .text.rcu_periph_reset_disable  gd32e23x_rcu.o
    0x080057c8   0x080057c8   0x00000018   Code   RO          571    .text.rcu_periph_reset_enable  gd32e23x_rcu.o
    0x080057e0   0x080057e0   0x000000fc   Code   RO         1418    .text.readtemp      ds18b20.o
    0x080058dc   0x080058dc   0x00000070   Code   RO          824    .text.syscfg_exti_line_config  gd32e23x_syscfg.o
    0x0800594c   0x0800594c   0x0000004c   Code   RO         1212    .text.systick_config  systick.o
    0x08005998   0x08005998   0x00000068   Code   RO         1362    .text.timer13_config  timer.o
    0x08005a00   0x08005a00   0x0000000a   Code   RO          852    .text.timer_auto_reload_shadow_enable  gd32e23x_timer.o
    0x08005a0a   0x08005a0a   0x00000002   PAD
    0x08005a0c   0x08005a0c   0x00000228   Code   RO          926    .text.timer_channel_output_config  gd32e23x_timer.o
    0x08005c34   0x08005c34   0x0000005c   Code   RO          928    .text.timer_channel_output_mode_config  gd32e23x_timer.o
    0x08005c90   0x08005c90   0x0000000c   Code   RO          930    .text.timer_channel_output_pulse_value_config  gd32e23x_timer.o
    0x08005c9c   0x08005c9c   0x00000078   Code   RO          842    .text.timer_deinit  gd32e23x_timer.o
    0x08005d14   0x08005d14   0x0000000a   Code   RO          850    .text.timer_disable  gd32e23x_timer.o
    0x08005d1e   0x08005d1e   0x0000000a   Code   RO          848    .text.timer_enable  gd32e23x_timer.o
    0x08005d28   0x08005d28   0x000000b0   Code   RO          846    .text.timer_init    gd32e23x_timer.o
    0x08005dd8   0x08005dd8   0x00000008   Code   RO          884    .text.timer_interrupt_enable  gd32e23x_timer.o
    0x08005de0   0x08005de0   0x00000006   Code   RO          890    .text.timer_interrupt_flag_clear  gd32e23x_timer.o
    0x08005de6   0x08005de6   0x00000014   Code   RO          888    .text.timer_interrupt_flag_get  gd32e23x_timer.o
    0x08005dfa   0x08005dfa   0x00000010   Code   RO          866    .text.timer_prescaler_config  gd32e23x_timer.o
    0x08005e0a   0x08005e0a   0x00000016   Code   RO          918    .text.timer_primary_output_config  gd32e23x_timer.o
    0x08005e20   0x08005e20   0x00000014   Code   RO          844    .text.timer_struct_para_init  gd32e23x_timer.o
    0x08005e34   0x08005e34   0x00000050   Code   RO          998    .text.usart_baudrate_set  gd32e23x_usart.o
    0x08005e84   0x08005e84   0x00000008   Code   RO         1034    .text.usart_data_receive  gd32e23x_usart.o
    0x08005e8c   0x08005e8c   0x0000000c   Code   RO         1032    .text.usart_data_transmit  gd32e23x_usart.o
    0x08005e98   0x08005e98   0x00000038   Code   RO          996    .text.usart_deinit  gd32e23x_usart.o
    0x08005ed0   0x08005ed0   0x0000000a   Code   RO         1006    .text.usart_enable  gd32e23x_usart.o
    0x08005eda   0x08005eda   0x00000010   Code   RO         1124    .text.usart_flag_get  gd32e23x_usart.o
    0x08005eea   0x08005eea   0x00000012   Code   RO         1130    .text.usart_interrupt_disable  gd32e23x_usart.o
    0x08005efc   0x08005efc   0x00000012   Code   RO         1128    .text.usart_interrupt_enable  gd32e23x_usart.o
    0x08005f0e   0x08005f0e   0x0000001e   Code   RO         1134    .text.usart_interrupt_flag_get  gd32e23x_usart.o
    0x08005f2c   0x08005f2c   0x0000001a   Code   RO         1000    .text.usart_parity_config  gd32e23x_usart.o
    0x08005f46   0x08005f46   0x00000010   Code   RO         1012    .text.usart_receive_config  gd32e23x_usart.o
    0x08005f56   0x08005f56   0x0000001a   Code   RO         1004    .text.usart_stop_bit_set  gd32e23x_usart.o
    0x08005f70   0x08005f70   0x00000010   Code   RO         1010    .text.usart_transmit_config  gd32e23x_usart.o
    0x08005f80   0x08005f80   0x0000001a   Code   RO         1002    .text.usart_word_length_set  gd32e23x_usart.o
    0x08005f9a   0x08005f9a   0x00000002   PAD
    0x08005f9c   0x08005f9c   0x00000020   Code   RO         1677    i.__0printf         mc_p.l(printfa.o)
    0x08005fbc   0x08005fbc   0x00000028   Code   RO         1679    i.__0sprintf        mc_p.l(printfa.o)
    0x08005fe4   0x08005fe4   0x0000002e   Code   RO         1760    i.__ARM_clz         mf_p.l(depilogue.o)
    0x08006012   0x08006012   0x00000002   PAD
    0x08006014   0x08006014   0x00000008   Code   RO         1746    i.__aeabi_errno_addr  mc_p.l(errno.o)
    0x0800601c   0x0800601c   0x0000000e   Code   RO         1822    i.__scatterload_copy  mc_p.l(handlers.o)
    0x0800602a   0x0800602a   0x00000002   Code   RO         1823    i.__scatterload_null  mc_p.l(handlers.o)
    0x0800602c   0x0800602c   0x0000000e   Code   RO         1824    i.__scatterload_zeroinit  mc_p.l(handlers.o)
    0x0800603a   0x0800603a   0x00000002   PAD
    0x0800603c   0x0800603c   0x00000174   Code   RO         1684    i._fp_digits        mc_p.l(printfa.o)
    0x080061b0   0x080061b0   0x000006ec   Code   RO         1685    i._printf_core      mc_p.l(printfa.o)
    0x0800689c   0x0800689c   0x00000020   Code   RO         1686    i._printf_post_padding  mc_p.l(printfa.o)
    0x080068bc   0x080068bc   0x0000002c   Code   RO         1687    i._printf_pre_padding  mc_p.l(printfa.o)
    0x080068e8   0x080068e8   0x0000000a   Code   RO         1689    i._sputc            mc_p.l(printfa.o)
    0x080068f2   0x080068f2   0x00000002   PAD
    0x080068f4   0x080068f4   0x00000020   Code   RO         1430    i.puts              mc_p.l(puts.o)
    0x08006914   0x08006914   0x00000081   Data   RO         1789    .constdata          mc_p.l(ctype_o.o)
    0x08006995   0x08006995   0x00000003   PAD
    0x08006998   0x08006998   0x00000004   Data   RO         1790    .constdata          mc_p.l(ctype_o.o)
    0x0800699c   0x0800699c   0x00000008   Data   RO          639    .rodata.cst8        gd32e23x_rcu.o
    0x080069a4   0x080069a4   0x000001d7   Data   RO         1304    .rodata.str1.1      usart.o
    0x08006b7b   0x08006b7b   0x00000056   Data   RO         1332    .rodata.str1.1      user.o
    0x08006bd1   0x08006bd1   0x00000003   PAD
    0x08006bd4   0x08006bd4   0x00000020   Data   RO         1821    Region$$Table       anon$$obj.o


    Execution Region RW_IRAM1 (Exec base: 0x20000000, Load base: 0x08006bf8, Size: 0x000010c0, Max: 0x00002000, ABSOLUTE, COMPRESSED[0x000000b0])

    Exec Addr    Load Addr    Size         Type   Attr      Idx    E Section Name        Object

    0x20000000   COMPRESSED   0x00000004   Data   RW         1737    .data               mc_p.l(stdout.o)
    0x20000004   COMPRESSED   0x00000004   Data   RW         1749    .data               mc_p.l(errno.o)
    0x20000008   COMPRESSED   0x000000f0   Data   RW         1305    .data.CMD_T         usart.o
    0x200000f8   COMPRESSED   0x000009e4   Data   RW         1350    .data.LSD_CMOS      adc.o
    0x20000adc   COMPRESSED   0x00000004   Data   RW           36    .data.SystemCoreClock  system_gd32e23x.o
    0x20000ae0   COMPRESSED   0x00000001   Data   RW         1306    .data.cmd_num       usart.o
    0x20000ae1   COMPRESSED   0x00000003   PAD
    0x20000ae4   COMPRESSED   0x0000001c   Data   RW         1386    .data.fmc_str       flash.o
    0x20000b00   COMPRESSED   0x00000001   Data   RW         1297    .data.transfersize  usart.o
    0x20000b01   COMPRESSED   0x00000007   PAD
    0x20000b08        -       0x00000002   Zero   RW         1351    .bss.ADC_Value_Inject  adc.o
    0x20000b0a   COMPRESSED   0x00000002   PAD
    0x20000b0c        -       0x00000004   Zero   RW         1387    .bss.JumpAddress    flash.o
    0x20000b10        -       0x00000004   Zero   RW         1388    .bss.Jump_To_Application  flash.o
    0x20000b14        -       0x00000008   Zero   RW         1399    .bss.Laser_Init     led_config.o
    0x20000b1c        -       0x00000001   Zero   RW         1301    .bss.Rx_flag        usart.o
    0x20000b1d   COMPRESSED   0x00000001   PAD
    0x20000b1e        -       0x00000002   Zero   RW         1367    .bss.TIMER13_IRQHandler.cnt  timer.o
    0x20000b20        -       0x00000001   Zero   RW         1366    .bss.TIMER13_IRQHandler.cp_status  timer.o
    0x20000b21   COMPRESSED   0x00000001   PAD
    0x20000b22        -       0x00000002   Zero   RW         1176    .bss.adc_Buf        main.o
    0x20000b24        -       0x00000001   Zero   RW         1174    .bss.arount_cnt     main.o
    0x20000b25   COMPRESSED   0x00000001   PAD
    0x20000b26        -       0x00000002   Zero   RW         1327    .bss.cnt            user.o
    0x20000b28        -       0x00000004   Zero   RW         1220    .bss.delay          systick.o
    0x20000b2c        -       0x00000002   Zero   RW         1368    .bss.index          timer.o
    0x20000b2e        -       0x00000002   Zero   RW         1330    .bss.lsd_index      user.o
    0x20000b30        -       0x00000080   Zero   RW         1175    .bss.p_buf          main.o
    0x20000bb0        -       0x00000080   Zero   RW         1307    .bss.receiver_buffer  usart.o
    0x20000c30        -       0x00000002   Zero   RW         1300    .bss.rxcount        usart.o
    0x20000c32        -       0x00000001   Zero   RW         1303    .bss.show_flag      usart.o
    0x20000c33   COMPRESSED   0x00000001   PAD
    0x20000c34        -       0x00000004   Zero   RW         1302    .bss.str_to_num     usart.o
    0x20000c38        -       0x00000080   Zero   RW         1308    .bss.transmitter_buffer  usart.o
    0x20000cb8        -       0x00000001   Zero   RW         1299    .bss.txcount        usart.o
    0x20000cb9   COMPRESSED   0x00000007   PAD
    0x20000cc0        -       0x00000400   Zero   RW            1    STACK               startup_gd32e23x.o


==============================================================================

Image component sizes


      Code (inc. data)   RO Data    RW Data    ZI Data      Debug   Object Name

       314         16          0       2532          2       3057   adc.o
       604         24          0          0          0       3093   ds18b20.o
       208         12          0         28          8       2843   flash.o
       660         36          0          0          0       9263   gd32e23x_adc.o
       216          8          0          0          0       6914   gd32e23x_dma.o
       136          8          0          0          0       3181   gd32e23x_exti.o
       256         24          0          0          0      12997   gd32e23x_fmc.o
       412         24          0          0          0       5543   gd32e23x_gpio.o
        56          4          0          0          0       2033   gd32e23x_it.o
       128         20          0          0          0       3949   gd32e23x_misc.o
       656         52          8          0          0      14320   gd32e23x_rcu.o
       112          4          0          0          0       3137   gd32e23x_syscfg.o
      1074         64          0          0          0      21606   gd32e23x_timer.o
       358         24          0          0          0      14189   gd32e23x_usart.o
       104          4          0          0          0       2641   gpio.o
         0          0          0          0          8        748   led_config.o
       392         76          0          0        131       1570   main.o
        28          8        204          0       1024        740   startup_gd32e23x.o
       308         32          0          4          0       2297   system_gd32e23x.o
       128         24          0          0          4       3197   systick.o
       508         44          0          0          5       3257   timer.o
      2088        612        471        242        265      12121   usart.o
       940        192         86          0          4       5094   user.o

    ----------------------------------------------------------------------
      9696       1312        804       2812       1468     137790   Object Totals
         0          0         32          0          0          0   (incl. Generated)
        10          0          3          6         17          0   (incl. Padding)

    ----------------------------------------------------------------------

      Code (inc. data)   RO Data    RW Data    ZI Data      Debug   Library Member Name

        86          0          0          0          0          0   __dczerorl2.o
        30          0          0          0          0         60   _chval.o
       166          0          0          0          0         84   _strtoul.o
        26          0          0          0          0         72   atoi.o
         8          4        133          0          0         60   ctype_o.o
         0          0          0          0          0          0   entry.o
         0          0          0          0          0          0   entry10a.o
         0          0          0          0          0          0   entry11a.o
         8          4          0          0          0          0   entry2.o
         4          0          0          0          0          0   entry5.o
         0          0          0          0          0          0   entry7b.o
         0          0          0          0          0          0   entry8b.o
         8          4          0          0          0          0   entry9a.o
         8          4          0          4          0         60   errno.o
        30          0          0          0          0          0   handlers.o
        36          8          0          0          0         68   init.o
         0          0          0          0          0          0   iusefp.o
        32          0          0          0          0         68   llshl.o
        38          0          0          0          0         68   llsshr.o
        34          0          0          0          0         68   llushr.o
        36          0          0          0          0         60   memcpya.o
        36          0          0          0          0        100   memseta.o
      2302        102          0          0          0        556   printfa.o
        32          4          0          0          0         68   puts.o
         0          0          0          4          0          0   stdout.o
        20          0          0          0          0         60   strchr.o
        14          0          0          0          0         60   strlen.o
       112          4          0          0          0         76   strtol.o
        62          0          0          0          0         72   uidiv_div0.o
        96          0          0          0          0         84   uldiv.o
        40          2          0          0          0         68   cdrcmple.o
       356          4          0          0          0        140   dadd.o
       240          6          0          0          0         84   ddiv.o
       236          0          0          0          0        216   depilogue.o
        64         10          0          0          0         68   dfixul.o
        40          6          0          0          0         68   dflti.o
       208          6          0          0          0         88   dmul.o
        40          0          0          0          0         60   f2d.o
        28          0          0          0          0         60   fcmpge.o
        28          0          0          0          0         60   fcmple.o
       130          0          0          0          0        144   fepilogue.o
        50          0          0          0          0         60   ffixi.o
        14          0          0          0          0         68   ffltui.o

    ----------------------------------------------------------------------
      4712        168        136          8          0       2928   Library Totals
        14          0          3          0          0          0   (incl. Padding)

    ----------------------------------------------------------------------

      Code (inc. data)   RO Data    RW Data    ZI Data      Debug   Library Name

      3224        134        133          8          0       1744   mc_p.l
      1474         34          0          0          0       1184   mf_p.l

    ----------------------------------------------------------------------
      4712        168        136          8          0       2928   Library Totals

    ----------------------------------------------------------------------

==============================================================================


      Code (inc. data)   RO Data    RW Data    ZI Data      Debug   

     14408       1480        940       2820       1468     139038   Grand Totals
     14408       1480        940        176       1468     139038   ELF Image Totals (compressed)
     14408       1480        940        176          0          0   ROM Totals

==============================================================================

    Total RO  Size (Code + RO Data)                15348 (  14.99kB)
    Total RW  Size (RW Data + ZI Data)              4288 (   4.19kB)
    Total ROM Size (Code + RO Data + RW Data)      15524 (  15.16kB)

==============================================================================

