Component: ARM Compiler 6.16 Tool: armlink [5dfeaa00]

==============================================================================

Section Cross References

    startup_gd32e23x.o(RESET) refers to startup_gd32e23x.o(STACK) for __initial_sp
    startup_gd32e23x.o(RESET) refers to startup_gd32e23x.o(.text) for Reset_Handler
    startup_gd32e23x.o(RESET) refers to gd32e23x_it.o(.text.NMI_Handler) for NMI_Handler
    startup_gd32e23x.o(RESET) refers to gd32e23x_it.o(.text.HardFault_Handler) for HardFault_Handler
    startup_gd32e23x.o(RESET) refers to gd32e23x_it.o(.text.SVC_Handler) for SVC_Handler
    startup_gd32e23x.o(RESET) refers to gd32e23x_it.o(.text.PendSV_Handler) for PendSV_Handler
    startup_gd32e23x.o(RESET) refers to gd32e23x_it.o(.text.SysTick_Handler) for SysTick_Handler
    startup_gd32e23x.o(RESET) refers to gd32e23x_it.o(.text.EXTI0_1_IRQHandler) for EXTI0_1_IRQHandler
    startup_gd32e23x.o(RESET) refers to usart.o(.text.USART0_IRQHandler) for USART0_IRQHandler
    startup_gd32e23x.o(.text) refers to system_gd32e23x.o(.text.SystemInit) for SystemInit
    startup_gd32e23x.o(.text) refers to entry.o(.ARM.Collect$$$$00000000) for __main
    gd32e230f_start.o(.text.gd_eval_led_init) refers to gd32e23x_rcu.o(.text.rcu_periph_clock_enable) for rcu_periph_clock_enable
    gd32e230f_start.o(.text.gd_eval_led_init) refers to gd32e23x_gpio.o(.text.gpio_mode_set) for gpio_mode_set
    gd32e230f_start.o(.text.gd_eval_led_init) refers to gd32e23x_gpio.o(.text.gpio_output_options_set) for gpio_output_options_set
    gd32e230f_start.o(.text.gd_eval_led_init) refers to gd32e230f_start.o(.rodata.cst8) for [Anonymous Symbol]
    gd32e230f_start.o(.ARM.exidx.text.gd_eval_led_init) refers to gd32e230f_start.o(.text.gd_eval_led_init) for [Anonymous Symbol]
    gd32e230f_start.o(.text.gd_eval_led_on) refers to gd32e230f_start.o(.rodata.cst8) for [Anonymous Symbol]
    gd32e230f_start.o(.ARM.exidx.text.gd_eval_led_on) refers to gd32e230f_start.o(.text.gd_eval_led_on) for [Anonymous Symbol]
    gd32e230f_start.o(.text.gd_eval_led_off) refers to gd32e230f_start.o(.rodata.cst8) for [Anonymous Symbol]
    gd32e230f_start.o(.ARM.exidx.text.gd_eval_led_off) refers to gd32e230f_start.o(.text.gd_eval_led_off) for [Anonymous Symbol]
    gd32e230f_start.o(.text.gd_eval_led_toggle) refers to gd32e230f_start.o(.rodata.cst8) for [Anonymous Symbol]
    gd32e230f_start.o(.ARM.exidx.text.gd_eval_led_toggle) refers to gd32e230f_start.o(.text.gd_eval_led_toggle) for [Anonymous Symbol]
    gd32e230f_start.o(.text.gd_eval_key_init) refers to gd32e23x_rcu.o(.text.rcu_periph_clock_enable) for rcu_periph_clock_enable
    gd32e230f_start.o(.text.gd_eval_key_init) refers to gd32e23x_gpio.o(.text.gpio_mode_set) for gpio_mode_set
    gd32e230f_start.o(.text.gd_eval_key_init) refers to gd32e23x_misc.o(.text.nvic_irq_enable) for nvic_irq_enable
    gd32e230f_start.o(.text.gd_eval_key_init) refers to gd32e23x_syscfg.o(.text.syscfg_exti_line_config) for syscfg_exti_line_config
    gd32e230f_start.o(.text.gd_eval_key_init) refers to gd32e23x_exti.o(.text.exti_init) for exti_init
    gd32e230f_start.o(.text.gd_eval_key_init) refers to gd32e23x_exti.o(.text.exti_interrupt_flag_clear) for exti_interrupt_flag_clear
    gd32e230f_start.o(.ARM.exidx.text.gd_eval_key_init) refers to gd32e230f_start.o(.text.gd_eval_key_init) for [Anonymous Symbol]
    gd32e230f_start.o(.text.gd_eval_key_state_get) refers to gd32e23x_gpio.o(.text.gpio_input_bit_get) for gpio_input_bit_get
    gd32e230f_start.o(.ARM.exidx.text.gd_eval_key_state_get) refers to gd32e230f_start.o(.text.gd_eval_key_state_get) for [Anonymous Symbol]
    system_gd32e23x.o(.text.SystemInit) refers to gd32e23x_misc.o(.text.nvic_vector_table_set) for nvic_vector_table_set
    system_gd32e23x.o(.ARM.exidx.text.SystemInit) refers to system_gd32e23x.o(.text.SystemInit) for [Anonymous Symbol]
    system_gd32e23x.o(.text.SystemCoreClockUpdate) refers to system_gd32e23x.o(.data.SystemCoreClock) for SystemCoreClock
    system_gd32e23x.o(.ARM.exidx.text.SystemCoreClockUpdate) refers to system_gd32e23x.o(.text.SystemCoreClockUpdate) for [Anonymous Symbol]
    gd32e23x_adc.o(.text.adc_deinit) refers to gd32e23x_rcu.o(.text.rcu_periph_reset_enable) for rcu_periph_reset_enable
    gd32e23x_adc.o(.text.adc_deinit) refers to gd32e23x_rcu.o(.text.rcu_periph_reset_disable) for rcu_periph_reset_disable
    gd32e23x_adc.o(.ARM.exidx.text.adc_deinit) refers to gd32e23x_adc.o(.text.adc_deinit) for [Anonymous Symbol]
    gd32e23x_adc.o(.ARM.exidx.text.adc_enable) refers to gd32e23x_adc.o(.text.adc_enable) for [Anonymous Symbol]
    gd32e23x_adc.o(.ARM.exidx.text.adc_disable) refers to gd32e23x_adc.o(.text.adc_disable) for [Anonymous Symbol]
    gd32e23x_adc.o(.ARM.exidx.text.adc_calibration_enable) refers to gd32e23x_adc.o(.text.adc_calibration_enable) for [Anonymous Symbol]
    gd32e23x_adc.o(.ARM.exidx.text.adc_dma_mode_enable) refers to gd32e23x_adc.o(.text.adc_dma_mode_enable) for [Anonymous Symbol]
[...]
    __arm_cp.1_6                             0x08003dc4   Number         4  user.o(.text.CMOS_ADC)
    __arm_cp.1_8                             0x08003dd0   Number         4  user.o(.text.CMOS_ADC)
    __arm_cp.1_9                             0x08003dd4   Number         4  user.o(.text.CMOS_ADC)
    __arm_cp.1_10                            0x08003dd8   Number         4  user.o(.text.CMOS_ADC)
    __arm_cp.1_11                            0x08003ddc   Number         4  user.o(.text.CMOS_ADC)
    [Anonymous Symbol]                       0x08003de0   Section        0  user.o(.text.CMOS_CLK)
    __arm_cp.0_1                             0x08003ea8   Number         4  user.o(.text.CMOS_CLK)
    __arm_cp.0_3                             0x08003eac   Number         4  user.o(.text.CMOS_CLK)
    __arm_cp.0_4                             0x08003eb0   Number         4  user.o(.text.CMOS_CLK)
    __arm_cp.0_5                             0x08003eb4   Number         4  user.o(.text.CMOS_CLK)
    __arm_cp.0_6                             0x08003eb8   Number         4  user.o(.text.CMOS_CLK)
    [Anonymous Symbol]                       0x08003ebc   Section        0  user.o(.text.CMOS_DIS)
    __arm_cp.4_0                             0x08003f98   Number         4  user.o(.text.CMOS_DIS)
    __arm_cp.4_1                             0x08003f9c   Number         4  user.o(.text.CMOS_DIS)
    __arm_cp.4_2                             0x08003fa0   Number         4  user.o(.text.CMOS_DIS)
    __arm_cp.4_3                             0x08003fa4   Number         4  user.o(.text.CMOS_DIS)
    __arm_cp.4_4                             0x08003fa8   Number         4  user.o(.text.CMOS_DIS)
    __arm_cp.4_6                             0x08003fc0   Number         4  user.o(.text.CMOS_DIS)
    __arm_cp.4_7                             0x08003fc4   Number         4  user.o(.text.CMOS_DIS)
    __arm_cp.4_9                             0x08003fd8   Number         4  user.o(.text.CMOS_DIS)
    [Anonymous Symbol]                       0x08004024   Section        0  gd32e23x_it.o(.text.EXTI0_1_IRQHandler)
    __arm_cp.9_1                             0x0800404c   Number         4  gd32e23x_it.o(.text.EXTI0_1_IRQHandler)
    [Anonymous Symbol]                       0x08004050   Section        0  flash.o(.text.Execute_user_Program)
    __arm_cp.4_0                             0x08004070   Number         4  flash.o(.text.Execute_user_Program)
    __arm_cp.4_1                             0x08004074   Number         4  flash.o(.text.Execute_user_Program)
    [Anonymous Symbol]                       0x08004078   Section        0  flash.o(.text.FMC_ERASE_PAGE)
    [Anonymous Symbol]                       0x0800409e   Section        0  flash.o(.text.FMC_FLASH_Read)
    [Anonymous Symbol]                       0x080040a6   Section        0  flash.o(.text.FMC_FLASH_Write)
    [Anonymous Symbol]                       0x080040d4   Section        0  flash.o(.text.FMC_WRITE_BUFFER)
    __arm_cp.1_0                             0x0800411c   Number         4  flash.o(.text.FMC_WRITE_BUFFER)
    [Anonymous Symbol]                       0x08004120   Section        0  adc.o(.text.Get_ADC_Value)
    [Anonymous Symbol]                       0x0800414a   Section        0  adc.o(.text.Get_Temp)
    [Anonymous Symbol]                       0x08004174   Section        0  gd32e23x_it.o(.text.HardFault_Handler)
    [Anonymous Symbol]                       0x08004178   Section        0  usart.o(.text.LASER_ON)
    [Anonymous Symbol]                       0x08004188   Section        0  led_config.o(.text.Laser_Calibration)
    __arm_cp.0_0                             0x080041ac   Number         4  led_config.o(.text.Laser_Calibration)
    __arm_cp.0_1                             0x080041b0   Number         4  led_config.o(.text.Laser_Calibration)
    [Anonymous Symbol]                       0x080041d0   Section        0  gd32e23x_it.o(.text.NMI_Handler)
    [Anonymous Symbol]                       0x080041d4   Section        0  timer.o(.text.PWM_timer_config)
    __arm_cp.0_1                             0x08004270   Number         4  timer.o(.text.PWM_timer_config)
    __arm_cp.0_2                             0x08004274   Number         4  timer.o(.text.PWM_timer_config)
    __arm_cp.0_3                             0x08004278   Number         4  timer.o(.text.PWM_timer_config)
    __arm_cp.0_4                             0x0800427c   Number         4  timer.o(.text.PWM_timer_config)
    [Anonymous Symbol]                       0x08004280   Section        0  gd32e23x_it.o(.text.PendSV_Handler)
    [Anonymous Symbol]                       0x08004282   Section        0  gd32e23x_it.o(.text.SVC_Handler)
    [Anonymous Symbol]                       0x08004284   Section        0  gd32e23x_it.o(.text.SysTick_Handler)
    [Anonymous Symbol]                       0x08004288   Section        0  system_gd32e23x.o(.text.SystemInit)
    __arm_cp.0_0                             0x0800439c   Number         4  system_gd32e23x.o(.text.SystemInit)
    __arm_cp.0_1                             0x080043a0   Number         4  system_gd32e23x.o(.text.SystemInit)
    __arm_cp.0_2                             0x080043a4   Number         4  system_gd32e23x.o(.text.SystemInit)
    __arm_cp.0_3                             0x080043a8   Number         4  system_gd32e23x.o(.text.SystemInit)
    __arm_cp.0_4                             0x080043ac   Number         4  system_gd32e23x.o(.text.SystemInit)
    __arm_cp.0_5                             0x080043b0   Number         4  system_gd32e23x.o(.text.SystemInit)
    __arm_cp.0_6                             0x080043b4   Number         4  system_gd32e23x.o(.text.SystemInit)
    __arm_cp.0_7                             0x080043b8   Number         4  system_gd32e23x.o(.text.SystemInit)
    [Anonymous Symbol]                       0x080043bc   Section        0  usart.o(.text.UART_TEST_HANDLE)
    __arm_cp.24_0                            0x08004468   Number         4  usart.o(.text.UART_TEST_HANDLE)
    __arm_cp.24_1                            0x0800446c   Number         4  usart.o(.text.UART_TEST_HANDLE)
    __arm_cp.24_2                            0x08004470   Number         4  usart.o(.text.UART_TEST_HANDLE)
    __arm_cp.24_3                            0x08004474   Number         4  usart.o(.text.UART_TEST_HANDLE)
    __arm_cp.24_4                            0x08004478   Number         4  usart.o(.text.UART_TEST_HANDLE)
    [Anonymous Symbol]                       0x0800448c   Section        0  usart.o(.text.USART0_IRQHandler)
    __arm_cp.26_1                            0x080044f8   Number         4  usart.o(.text.USART0_IRQHandler)
    __arm_cp.26_2                            0x080044fc   Number         4  usart.o(.text.USART0_IRQHandler)
    __arm_cp.26_3                            0x08004500   Number         4  usart.o(.text.USART0_IRQHandler)
    __arm_cp.26_4                            0x08004504   Number         4  usart.o(.text.USART0_IRQHandler)
    __arm_cp.26_5                            0x08004508   Number         4  usart.o(.text.USART0_IRQHandler)
    __arm_cp.26_6                            0x0800450c   Number         4  usart.o(.text.USART0_IRQHandler)
    __arm_cp.26_7                            0x08004510   Number         4  usart.o(.text.USART0_IRQHandler)
    __arm_cp.26_8                            0x08004514   Number         4  usart.o(.text.USART0_IRQHandler)
    [Anonymous Symbol]                       0x08004518   Section        0  usart.o(.text.Usart_GPIO_Init)
    __arm_cp.21_0                            0x08004588   Number         4  usart.o(.text.Usart_GPIO_Init)
    [Anonymous Symbol]                       0x0800458c   Section        0  usart.o(.text.Usart_Init)
    __arm_cp.22_0                            0x080045ec   Number         4  usart.o(.text.Usart_Init)
    __arm_cp.22_1                            0x080045f0   Number         4  usart.o(.text.Usart_Init)
    [Anonymous Symbol]                       0x080045f4   Section        0  usart.o(.text.V_STR_Printf)
    [Anonymous Symbol]                       0x08004610   Section        0  usart.o(.text._ADCf)
    __arm_cp.1_1                             0x08004650   Number         4  usart.o(.text._ADCf)
    [Anonymous Symbol]                       0x08004660   Section        0  usart.o(.text._DISTf)
    [Anonymous Symbol]                       0x08004678   Section        0  usart.o(.text._GETOf)
    __arm_cp.11_0                            0x0800468c   Number         4  usart.o(.text._GETOf)
    [Anonymous Symbol]                       0x0800469c   Section        0  usart.o(.text._GETTf)
    [Anonymous Symbol]                       0x080046c8   Section        0  usart.o(.text._LAINf)
    __arm_cp.15_0                            0x080046ec   Number         4  usart.o(.text._LAINf)
    __arm_cp.15_1                            0x080046f0   Number         4  usart.o(.text._LAINf)
    __arm_cp.15_2                            0x080046f4   Number         4  usart.o(.text._LAINf)
    [Anonymous Symbol]                       0x0800470c   Section        0  usart.o(.text._LAOFf)
    __arm_cp.3_0                             0x08004734   Number         4  usart.o(.text._LAOFf)
    __arm_cp.3_1                             0x08004738   Number         4  usart.o(.text._LAOFf)
    [Anonymous Symbol]                       0x08004744   Section        0  usart.o(.text._LAONf)
    __arm_cp.2_0                             0x08004764   Number         4  usart.o(.text._LAONf)
    __arm_cp.2_1                             0x08004768   Number         4  usart.o(.text._LAONf)
    __arm_cp.2_2                             0x0800476c   Number         4  usart.o(.text._LAONf)
    [Anonymous Symbol]                       0x08004778   Section        0  usart.o(.text._MEOFf)
    __arm_cp.6_0                             0x08004798   Number         4  usart.o(.text._MEOFf)
    __arm_cp.6_1                             0x0800479c   Number         4  usart.o(.text._MEOFf)
    [Anonymous Symbol]                       0x080047b0   Section        0  usart.o(.text._MEONf)
    __arm_cp.5_0                             0x080047d4   Number         4  usart.o(.text._MEONf)
    __arm_cp.5_1                             0x080047d8   Number         4  usart.o(.text._MEONf)
    __arm_cp.5_2                             0x080047dc   Number         4  usart.o(.text._MEONf)
    [Anonymous Symbol]                       0x080047f4   Section        0  usart.o(.text._RDFLf)
    __arm_cp.8_0                             0x08004828   Number         4  usart.o(.text._RDFLf)
    __arm_cp.8_1                             0x0800482c   Number         4  usart.o(.text._RDFLf)
    [Anonymous Symbol]                       0x08004838   Section        0  usart.o(.text._RPWMf)
    __arm_cp.13_0                            0x0800484c   Number         4  usart.o(.text._RPWMf)
    [Anonymous Symbol]                       0x0800485c   Section        0  usart.o(.text._SETEf)
    __arm_cp.18_0                            0x08004890   Number         4  usart.o(.text._SETEf)
    [Anonymous Symbol]                       0x08004898   Section        0  usart.o(.text._SETOf)
    [Anonymous Symbol]                       0x080048b4   Section        0  usart.o(.text._SETPf)
    __arm_cp.7_0                             0x08004914   Number         4  usart.o(.text._SETPf)
    __arm_cp.7_1                             0x08004918   Number         4  usart.o(.text._SETPf)
    __arm_cp.7_2                             0x0800491c   Number         4  usart.o(.text._SETPf)
    __arm_cp.7_3                             0x08004920   Number         4  usart.o(.text._SETPf)
    __arm_cp.7_4                             0x08004924   Number         4  usart.o(.text._SETPf)
    __arm_cp.7_6                             0x08004938   Number         4  usart.o(.text._SETPf)
    [Anonymous Symbol]                       0x0800493c   Section        0  usart.o(.text._SHOWf)
    __arm_cp.12_0                            0x0800495c   Number         4  usart.o(.text._SHOWf)
    __arm_cp.12_2                            0x08004960   Number         4  usart.o(.text._SHOWf)
    [Anonymous Symbol]                       0x08004964   Section        0  usart.o(.text._TEMPf)
    [Anonymous Symbol]                       0x08004984   Section        0  usart.o(.text._UPDTf)
    [Anonymous Symbol]                       0x08004994   Section        0  usart.o(.text._WPWMf)
    __arm_cp.14_1                            0x080049cc   Number         4  usart.o(.text._WPWMf)
    __arm_cp.14_2                            0x080049d0   Number         4  usart.o(.text._WPWMf)
    [Anonymous Symbol]                       0x080049d4   Section        0  usart.o(.text._WRFLf)
    __arm_cp.9_0                             0x08004a00   Number         4  usart.o(.text._WRFLf)
    __arm_cp.9_1                             0x08004a04   Number         4  usart.o(.text._WRFLf)
    __arm_cp.9_2                             0x08004a08   Number         4  usart.o(.text._WRFLf)
    [Anonymous Symbol]                       0x08004a0c   Section        0  usart.o(.text._helpf)
    __arm_cp.0_0                             0x08004a84   Number         4  usart.o(.text._helpf)
    __arm_cp.0_1                             0x08004a88   Number         4  usart.o(.text._helpf)
    __arm_cp.0_2                             0x08004a8c   Number         4  usart.o(.text._helpf)
    __arm_cp.0_3                             0x08004a90   Number         4  usart.o(.text._helpf)
    __arm_cp.0_4                             0x08004a94   Number         4  usart.o(.text._helpf)
    __arm_cp.0_5                             0x08004a98   Number         4  usart.o(.text._helpf)
    __arm_cp.0_6                             0x08004a9c   Number         4  usart.o(.text._helpf)
    __arm_cp.0_7                             0x08004aa0   Number         4  usart.o(.text._helpf)
    __arm_cp.0_8                             0x08004aa4   Number         4  usart.o(.text._helpf)
    __arm_cp.0_9                             0x08004aa8   Number         4  usart.o(.text._helpf)
    __arm_cp.0_10                            0x08004aac   Number         4  usart.o(.text._helpf)
    __arm_cp.0_15                            0x08004b0c   Number         4  usart.o(.text._helpf)
    [Anonymous Symbol]                       0x08004b4c   Section        0  gd32e23x_adc.o(.text.adc_calibration_enable)
    [Anonymous Symbol]                       0x08004b6c   Section        0  gd32e23x_adc.o(.text.adc_channel_length_config)
    __arm_cp.11_0                            0x08004ba8   Number         4  gd32e23x_adc.o(.text.adc_channel_length_config)
    [Anonymous Symbol]                       0x08004bac   Section        0  gd32e23x_adc.o(.text.adc_data_alignment_config)
    [Anonymous Symbol]                       0x08004bc4   Section        0  gd32e23x_adc.o(.text.adc_enable)
    [Anonymous Symbol]                       0x08004bd8   Section        0  gd32e23x_adc.o(.text.adc_external_trigger_config)
    [Anonymous Symbol]                       0x08004c20   Section        0  gd32e23x_adc.o(.text.adc_external_trigger_source_config)
    __arm_cp.16_0                            0x08004c40   Number         4  gd32e23x_adc.o(.text.adc_external_trigger_source_config)
    __arm_cp.16_1                            0x08004c44   Number         4  gd32e23x_adc.o(.text.adc_external_trigger_source_config)
    [Anonymous Symbol]                       0x08004c48   Section        0  gd32e23x_adc.o(.text.adc_flag_clear)
    [Anonymous Symbol]                       0x08004c54   Section        0  gd32e23x_adc.o(.text.adc_flag_get)
    __arm_cp.20_0                            0x08004c64   Number         4  gd32e23x_adc.o(.text.adc_flag_get)
    [Anonymous Symbol]                       0x08004c68   Section        0  gd32e23x_adc.o(.text.adc_regular_channel_config)
    __arm_cp.12_0                            0x08004cf0   Number         4  gd32e23x_adc.o(.text.adc_regular_channel_config)
    [Anonymous Symbol]                       0x08004cf4   Section        0  gd32e23x_adc.o(.text.adc_regular_data_read)
    __arm_cp.18_0                            0x08004cfc   Number         4  gd32e23x_adc.o(.text.adc_regular_data_read)
    [Anonymous Symbol]                       0x08004d00   Section        0  gd32e23x_adc.o(.text.adc_resolution_config)
    [Anonymous Symbol]                       0x08004d14   Section        0  gd32e23x_adc.o(.text.adc_software_trigger_enable)
    __arm_cp.17_0                            0x08004d3c   Number         4  gd32e23x_adc.o(.text.adc_software_trigger_enable)
    [Anonymous Symbol]                       0x08004d40   Section        0  gd32e23x_adc.o(.text.adc_special_function_config)
    __arm_cp.9_0                             0x08004db0   Number         4  gd32e23x_adc.o(.text.adc_special_function_config)
    [Anonymous Symbol]                       0x08004db4   Section        0  ds18b20.o(.text.da18b20rd)
    [Anonymous Symbol]                       0x08004e60   Section        0  systick.o(.text.delay_10us)
    [Anonymous Symbol]                       0x08004e6c   Section        0  systick.o(.text.delay_1ms)
    [Anonymous Symbol]                       0x08004e80   Section        0  systick.o(.text.delay_decrement)
    __arm_cp.3_0                             0x08004e90   Number         4  systick.o(.text.delay_decrement)
    [Anonymous Symbol]                       0x08004e94   Section        0  ds18b20.o(.text.ds18b20_init)
    [Anonymous Symbol]                       0x08004ecc   Section        0  ds18b20.o(.text.ds18b20wr)
    __arm_cp.4_0                             0x08004f40   Number         4  ds18b20.o(.text.ds18b20wr)
    __arm_cp.4_1                             0x08004f44   Number         4  ds18b20.o(.text.ds18b20wr)
    [Anonymous Symbol]                       0x08004f48   Section        0  gd32e23x_exti.o(.text.exti_init)
    __arm_cp.1_0                             0x08004fb0   Number         4  gd32e23x_exti.o(.text.exti_init)
    [Anonymous Symbol]                       0x08004fb4   Section        0  gd32e23x_exti.o(.text.exti_interrupt_flag_clear)
    [Anonymous Symbol]                       0x08004fbc   Section        0  gd32e23x_exti.o(.text.exti_interrupt_flag_get)
    __arm_cp.10_0                            0x08004fcc   Number         4  gd32e23x_exti.o(.text.exti_interrupt_flag_get)
    [Anonymous Symbol]                       0x08004fd0   Section        0  gd32e23x_fmc.o(.text.fmc_flag_clear)
    [Anonymous Symbol]                       0x08004fd8   Section        0  gd32e23x_fmc.o(.text.fmc_lock)
    __arm_cp.1_0                             0x08004fe4   Number         4  gd32e23x_fmc.o(.text.fmc_lock)
    [Anonymous Symbol]                       0x08004fe8   Section        0  gd32e23x_fmc.o(.text.fmc_page_erase)
    [Anonymous Symbol]                       0x0800504c   Section        0  gd32e23x_fmc.o(.text.fmc_unlock)
    __arm_cp.0_0                             0x08005060   Number         4  gd32e23x_fmc.o(.text.fmc_unlock)
    __arm_cp.0_1                             0x08005064   Number         4  gd32e23x_fmc.o(.text.fmc_unlock)
    __arm_cp.0_2                             0x08005068   Number         4  gd32e23x_fmc.o(.text.fmc_unlock)
    [Anonymous Symbol]                       0x0800506c   Section        0  gd32e23x_fmc.o(.text.fmc_word_program)
    __arm_cp.9_0                             0x080050c8   Number         4  gd32e23x_fmc.o(.text.fmc_word_program)
    __arm_cp.9_1                             0x080050cc   Number         4  gd32e23x_fmc.o(.text.fmc_word_program)
    [Anonymous Symbol]                       0x080050d0   Section        0  usart.o(.text.fputc)
    __arm_cp.20_0                            0x080050f0   Number         4  usart.o(.text.fputc)
    __arm_cp.20_1                            0x080050f4   Number         4  usart.o(.text.fputc)
    [Anonymous Symbol]                       0x080050f8   Section        0  gd32e23x_gpio.o(.text.gpio_af_set)
    __arm_cp.11_0                            0x080051dc   Number         4  gd32e23x_gpio.o(.text.gpio_af_set)
    __arm_cp.11_1                            0x080051e0   Number         4  gd32e23x_gpio.o(.text.gpio_af_set)
    __arm_cp.11_2                            0x080051e4   Number         4  gd32e23x_gpio.o(.text.gpio_af_set)
    __arm_cp.11_3                            0x080051e8   Number         4  gd32e23x_gpio.o(.text.gpio_af_set)
    __arm_cp.11_4                            0x080051ec   Number         4  gd32e23x_gpio.o(.text.gpio_af_set)
    __arm_cp.11_5                            0x080051f0   Number         4  gd32e23x_gpio.o(.text.gpio_af_set)
    [Anonymous Symbol]                       0x080051f4   Section        0  gd32e23x_gpio.o(.text.gpio_bit_write)
    [Anonymous Symbol]                       0x08005204   Section        0  gpio.o(.text.gpio_config)
    __arm_cp.0_0                             0x08005268   Number         4  gpio.o(.text.gpio_config)
    [Anonymous Symbol]                       0x0800526c   Section        0  gd32e23x_gpio.o(.text.gpio_input_bit_get)
    [Anonymous Symbol]                       0x08005276   Section        0  gd32e23x_gpio.o(.text.gpio_mode_set)
    [Anonymous Symbol]                       0x080052b8   Section        0  gd32e23x_gpio.o(.text.gpio_output_options_set)
    [Anonymous Symbol]                       0x08005300   Section        0  main.o(.text.main)
    __arm_cp.0_0                             0x080053fc   Number         4  main.o(.text.main)
    __arm_cp.0_1                             0x08005400   Number         4  main.o(.text.main)
    __arm_cp.0_2                             0x08005404   Number         4  main.o(.text.main)
    __arm_cp.0_3                             0x08005408   Number         4  main.o(.text.main)
    __arm_cp.0_4                             0x0800540c   Number         4  main.o(.text.main)
    __arm_cp.0_5                             0x08005410   Number         4  main.o(.text.main)
    __arm_cp.0_6                             0x08005414   Number         4  main.o(.text.main)
    [Anonymous Symbol]                       0x08005418   Section        0  gd32e23x_misc.o(.text.nvic_irq_enable)
    __arm_cp.0_0                             0x08005474   Number         4  gd32e23x_misc.o(.text.nvic_irq_enable)
    __arm_cp.0_1                             0x08005478   Number         4  gd32e23x_misc.o(.text.nvic_irq_enable)
    __arm_cp.0_2                             0x0800547c   Number         4  gd32e23x_misc.o(.text.nvic_irq_enable)
    [Anonymous Symbol]                       0x08005480   Section        0  gd32e23x_misc.o(.text.nvic_vector_table_set)
    __arm_cp.3_0                             0x08005490   Number         4  gd32e23x_misc.o(.text.nvic_vector_table_set)
    __arm_cp.3_1                             0x08005494   Number         4  gd32e23x_misc.o(.text.nvic_vector_table_set)
    [Anonymous Symbol]                       0x08005498   Section        0  gd32e23x_rcu.o(.text.rcu_adc_clock_config)
    __arm_cp.14_0                            0x08005560   Number         4  gd32e23x_rcu.o(.text.rcu_adc_clock_config)
    __arm_cp.14_1                            0x08005564   Number         4  gd32e23x_rcu.o(.text.rcu_adc_clock_config)
    [Anonymous Symbol]                       0x08005568   Section        0  gd32e23x_rcu.o(.text.rcu_clock_freq_get)
    __arm_cp.33_0                            0x080056c0   Number         4  gd32e23x_rcu.o(.text.rcu_clock_freq_get)
    __arm_cp.33_1                            0x080056c4   Number         4  gd32e23x_rcu.o(.text.rcu_clock_freq_get)
    __arm_cp.33_2                            0x080056c8   Number         4  gd32e23x_rcu.o(.text.rcu_clock_freq_get)
    __arm_cp.33_4                            0x080056dc   Number         4  gd32e23x_rcu.o(.text.rcu_clock_freq_get)
    __arm_cp.33_5                            0x080056e0   Number         4  gd32e23x_rcu.o(.text.rcu_clock_freq_get)
    __arm_cp.33_6                            0x080056e4   Number         4  gd32e23x_rcu.o(.text.rcu_clock_freq_get)
    [Anonymous Symbol]                       0x080056e8   Section        0  gd32e23x_rcu.o(.text.rcu_periph_clock_enable)
    [Anonymous Symbol]                       0x080056fc   Section        0  gd32e23x_rcu.o(.text.rcu_periph_reset_disable)
    [Anonymous Symbol]                       0x08005710   Section        0  gd32e23x_rcu.o(.text.rcu_periph_reset_enable)
    __arm_cp.5_0                             0x08005724   Number         4  gd32e23x_rcu.o(.text.rcu_periph_reset_enable)
    [Anonymous Symbol]                       0x08005728   Section        0  ds18b20.o(.text.readtemp)
    __arm_cp.6_0                             0x08005818   Number         4  ds18b20.o(.text.readtemp)
    __arm_cp.6_1                             0x0800581c   Number         4  ds18b20.o(.text.readtemp)
    __arm_cp.6_2                             0x08005820   Number         4  ds18b20.o(.text.readtemp)
    __arm_cp.6_3                             0x08005824   Number         4  ds18b20.o(.text.readtemp)
    [Anonymous Symbol]                       0x08005828   Section        0  gd32e23x_syscfg.o(.text.syscfg_exti_line_config)
    __arm_cp.5_0                             0x08005894   Number         4  gd32e23x_syscfg.o(.text.syscfg_exti_line_config)
    [Anonymous Symbol]                       0x08005898   Section        0  systick.o(.text.systick_config)
    __arm_cp.0_0                             0x080058d0   Number         4  systick.o(.text.systick_config)
    __arm_cp.0_1                             0x080058d4   Number         4  systick.o(.text.systick_config)
    __arm_cp.0_2                             0x080058d8   Number         4  systick.o(.text.systick_config)
    __arm_cp.0_3                             0x080058dc   Number         4  systick.o(.text.systick_config)
    __arm_cp.0_4                             0x080058e0   Number         4  systick.o(.text.systick_config)
    [Anonymous Symbol]                       0x080058e4   Section        0  gd32e23x_timer.o(.text.timer_channel_output_config)
    __arm_cp.42_0                            0x08005b04   Number         4  gd32e23x_timer.o(.text.timer_channel_output_config)
    __arm_cp.42_3                            0x08005b08   Number         4  gd32e23x_timer.o(.text.timer_channel_output_config)
    [Anonymous Symbol]                       0x08005b0c   Section        0  gd32e23x_timer.o(.text.timer_channel_output_mode_config)
    [Anonymous Symbol]                       0x08005b68   Section        0  gd32e23x_timer.o(.text.timer_channel_output_pulse_value_config)
    [Anonymous Symbol]                       0x08005b74   Section        0  gd32e23x_timer.o(.text.timer_deinit)
    __arm_cp.0_0                             0x08005bd8   Number         4  gd32e23x_timer.o(.text.timer_deinit)
    __arm_cp.0_1                             0x08005bdc   Number         4  gd32e23x_timer.o(.text.timer_deinit)
    __arm_cp.0_2                             0x08005be0   Number         4  gd32e23x_timer.o(.text.timer_deinit)
    __arm_cp.0_8                             0x08005be4   Number         4  gd32e23x_timer.o(.text.timer_deinit)
    [Anonymous Symbol]                       0x08005be8   Section        0  gd32e23x_timer.o(.text.timer_enable)
    [Anonymous Symbol]                       0x08005bf4   Section        0  gd32e23x_timer.o(.text.timer_init)
    __arm_cp.2_0                             0x08005c84   Number         4  gd32e23x_timer.o(.text.timer_init)
    __arm_cp.2_1                             0x08005c88   Number         4  gd32e23x_timer.o(.text.timer_init)
    __arm_cp.2_2                             0x08005c8c   Number         4  gd32e23x_timer.o(.text.timer_init)
    __arm_cp.2_3                             0x08005c90   Number         4  gd32e23x_timer.o(.text.timer_init)
    __arm_cp.2_4                             0x08005c94   Number         4  gd32e23x_timer.o(.text.timer_init)
    __arm_cp.2_5                             0x08005c98   Number         4  gd32e23x_timer.o(.text.timer_init)
    __arm_cp.2_6                             0x08005c9c   Number         4  gd32e23x_timer.o(.text.timer_init)
    __arm_cp.2_7                             0x08005ca0   Number         4  gd32e23x_timer.o(.text.timer_init)
    [Anonymous Symbol]                       0x08005ca4   Section        0  gd32e23x_timer.o(.text.timer_prescaler_config)
    [Anonymous Symbol]                       0x08005cb4   Section        0  gd32e23x_timer.o(.text.timer_primary_output_config)
    [Anonymous Symbol]                       0x08005ccc   Section        0  gd32e23x_usart.o(.text.usart_baudrate_set)
    __arm_cp.1_2                             0x08005d18   Number         4  gd32e23x_usart.o(.text.usart_baudrate_set)
    [Anonymous Symbol]                       0x08005d1c   Section        0  gd32e23x_usart.o(.text.usart_data_receive)
    [Anonymous Symbol]                       0x08005d24   Section        0  gd32e23x_usart.o(.text.usart_data_transmit)
    __arm_cp.18_0                            0x08005d2c   Number         4  gd32e23x_usart.o(.text.usart_data_transmit)
    [Anonymous Symbol]                       0x08005d30   Section        0  gd32e23x_usart.o(.text.usart_deinit)
    __arm_cp.0_0                             0x08005d58   Number         4  gd32e23x_usart.o(.text.usart_deinit)
    __arm_cp.0_1                             0x08005d5c   Number         4  gd32e23x_usart.o(.text.usart_deinit)
    __arm_cp.0_2                             0x08005d60   Number         4  gd32e23x_usart.o(.text.usart_deinit)
    __arm_cp.0_3                             0x08005d64   Number         4  gd32e23x_usart.o(.text.usart_deinit)
    [Anonymous Symbol]                       0x08005d68   Section        0  gd32e23x_usart.o(.text.usart_enable)
    [Anonymous Symbol]                       0x08005d72   Section        0  gd32e23x_usart.o(.text.usart_flag_get)
    [Anonymous Symbol]                       0x08005d82   Section        0  gd32e23x_usart.o(.text.usart_interrupt_disable)
    [Anonymous Symbol]                       0x08005d94   Section        0  gd32e23x_usart.o(.text.usart_interrupt_enable)
    [Anonymous Symbol]                       0x08005da6   Section        0  gd32e23x_usart.o(.text.usart_interrupt_flag_get)
    [Anonymous Symbol]                       0x08005dc4   Section        0  gd32e23x_usart.o(.text.usart_parity_config)
    [Anonymous Symbol]                       0x08005dde   Section        0  gd32e23x_usart.o(.text.usart_receive_config)
    [Anonymous Symbol]                       0x08005dee   Section        0  gd32e23x_usart.o(.text.usart_stop_bit_set)
    [Anonymous Symbol]                       0x08005e08   Section        0  gd32e23x_usart.o(.text.usart_transmit_config)
    [Anonymous Symbol]                       0x08005e18   Section        0  gd32e23x_usart.o(.text.usart_word_length_set)
    i.__0printf                              0x08005e34   Section        0  printfa.o(i.__0printf)
    i.__0sprintf                             0x08005e54   Section        0  printfa.o(i.__0sprintf)
    i.__ARM_clz                              0x08005e7c   Section        0  depilogue.o(i.__ARM_clz)
    i.__aeabi_errno_addr                     0x08005eac   Section        0  errno.o(i.__aeabi_errno_addr)
    i.__scatterload_copy                     0x08005eb4   Section       14  handlers.o(i.__scatterload_copy)
    i.__scatterload_null                     0x08005ec2   Section        2  handlers.o(i.__scatterload_null)
    i.__scatterload_zeroinit                 0x08005ec4   Section       14  handlers.o(i.__scatterload_zeroinit)
    _fp_digits                               0x08005ed5   Thumb Code   344  printfa.o(i._fp_digits)
    i._fp_digits                             0x08005ed4   Section        0  printfa.o(i._fp_digits)
    _printf_core                             0x08006049   Thumb Code  1754  printfa.o(i._printf_core)
    i._printf_core                           0x08006048   Section        0  printfa.o(i._printf_core)
    _printf_post_padding                     0x08006735   Thumb Code    32  printfa.o(i._printf_post_padding)
    i._printf_post_padding                   0x08006734   Section        0  printfa.o(i._printf_post_padding)
    _printf_pre_padding                      0x08006755   Thumb Code    44  printfa.o(i._printf_pre_padding)
    i._printf_pre_padding                    0x08006754   Section        0  printfa.o(i._printf_pre_padding)
    _sputc                                   0x08006781   Thumb Code    10  printfa.o(i._sputc)
    i._sputc                                 0x08006780   Section        0  printfa.o(i._sputc)
    i.puts                                   0x0800678c   Section        0  puts.o(i.puts)
    .constdata                               0x080067ac   Section      129  ctype_o.o(.constdata)
    table                                    0x08006830   Data           4  ctype_o.o(.constdata)
    .constdata                               0x08006830   Section        4  ctype_o.o(.constdata)
    [Anonymous Symbol]                       0x08006834   Section        0  gd32e23x_rcu.o(.rodata.cst8)
    [Anonymous Symbol]                       0x0800683c   Section        0  usart.o(.rodata.str1.1)
    [Anonymous Symbol]                       0x08006a08   Section        0  user.o(.rodata.str1.1)
    .data                                    0x20000000   Section        4  stdout.o(.data)
    _errno                                   0x20000004   Data           4  errno.o(.data)
    .data                                    0x20000004   Section        4  errno.o(.data)
    delay                                    0x20000c7c   Data           4  systick.o(.bss.delay)
    [Anonymous Symbol]                       0x20000c7c   Section        0  systick.o(.bss.delay)
    STACK                                    0x20000e10   Section     1024  startup_gd32e23x.o(STACK)

    Global Symbols

    Symbol Name                              Value     Ov Type        Size  Object(Section)

    BuildAttributes$$THM_ISAv3M$S$8M$PE$A:L22$X:L11$S22$IEEE1$IW$~IW$USESV6$~STKCKD$USESV7$~SHL$OTIME$ROPI$EBA8$MICROLIB$REQ8$PRES8$EABIv2 0x00000000   Number         0  anon$$obj.o ABSOLUTE
    _printf_a                                0x00000000   Number         0  printfstubs.o ABSOLUTE
    _printf_c                                0x00000000   Number         0  printfstubs.o ABSOLUTE
    _printf_charcount                        0x00000000   Number         0  printfstubs.o ABSOLUTE
    _printf_d                                0x00000000   Number         0  printfstubs.o ABSOLUTE
    _printf_e                                0x00000000   Number         0  printfstubs.o ABSOLUTE
    _printf_f                                0x00000000   Number         0  printfstubs.o ABSOLUTE
    _printf_flags                            0x00000000   Number         0  printfstubs.o ABSOLUTE
    _printf_fp_dec                           0x00000000   Number         0  printfstubs.o ABSOLUTE
    _printf_fp_hex                           0x00000000   Number         0  printfstubs.o ABSOLUTE
    _printf_g                                0x00000000   Number         0  printfstubs.o ABSOLUTE
    _printf_i                                0x00000000   Number         0  printfstubs.o ABSOLUTE
    _printf_int_dec                          0x00000000   Number         0  printfstubs.o ABSOLUTE
    _printf_l                                0x00000000   Number         0  printfstubs.o ABSOLUTE
    _printf_lc                               0x00000000   Number         0  printfstubs.o ABSOLUTE
    _printf_ll                               0x00000000   Number         0  printfstubs.o ABSOLUTE
    _printf_lld                              0x00000000   Number         0  printfstubs.o ABSOLUTE
    _printf_lli                              0x00000000   Number         0  printfstubs.o ABSOLUTE
    _printf_llo                              0x00000000   Number         0  printfstubs.o ABSOLUTE
    _printf_llu                              0x00000000   Number         0  printfstubs.o ABSOLUTE
    _printf_llx                              0x00000000   Number         0  printfstubs.o ABSOLUTE
    _printf_longlong_dec                     0x00000000   Number         0  printfstubs.o ABSOLUTE
    _printf_longlong_hex                     0x00000000   Number         0  printfstubs.o ABSOLUTE
    _printf_longlong_oct                     0x00000000   Number         0  printfstubs.o ABSOLUTE
    _printf_ls                               0x00000000   Number         0  printfstubs.o ABSOLUTE
    _printf_mbtowc                           0x00000000   Number         0  printfstubs.o ABSOLUTE
    _printf_n                                0x00000000   Number         0  printfstubs.o ABSOLUTE
    _printf_o                                0x00000000   Number         0  printfstubs.o ABSOLUTE
    _printf_p                                0x00000000   Number         0  printfstubs.o ABSOLUTE
    _printf_percent                          0x00000000   Number         0  printfstubs.o ABSOLUTE
    _printf_pre_padding                      0x00000000   Number         0  printfstubs.o ABSOLUTE
    _printf_return_value                     0x00000000   Number         0  printfstubs.o ABSOLUTE
    _printf_s                                0x00000000   Number         0  printfstubs.o ABSOLUTE
    _printf_sizespec                         0x00000000   Number         0  printfstubs.o ABSOLUTE
    _printf_str                              0x00000000   Number         0  printfstubs.o ABSOLUTE
    _printf_truncate_signed                  0x00000000   Number         0  printfstubs.o ABSOLUTE
    _printf_truncate_unsigned                0x00000000   Number         0  printfstubs.o ABSOLUTE
    _printf_u                                0x00000000   Number         0  printfstubs.o ABSOLUTE
    _printf_wc                               0x00000000   Number         0  printfstubs.o ABSOLUTE
    _printf_wctomb                           0x00000000   Number         0  printfstubs.o ABSOLUTE
    _printf_widthprec                        0x00000000   Number         0  printfstubs.o ABSOLUTE
    _printf_x                                0x00000000   Number         0  printfstubs.o ABSOLUTE
    __cpp_initialize__aeabi_                  - Undefined Weak Reference
    __cxa_finalize                            - Undefined Weak Reference
    _clock_init                               - Undefined Weak Reference
    _microlib_exit                            - Undefined Weak Reference
    __Vectors_Size                           0x000000cc   Number         0  startup_gd32e23x.o ABSOLUTE
    __Vectors                                0x08003000   Data           4  startup_gd32e23x.o(RESET)
    __Vectors_End                            0x080030cc   Data           0  startup_gd32e23x.o(RESET)
    __main                                   0x080030cd   Thumb Code     0  entry.o(.ARM.Collect$$$$00000000)
    _main_stk                                0x080030cd   Thumb Code     0  entry2.o(.ARM.Collect$$$$00000001)
    _main_scatterload                        0x080030d1   Thumb Code     0  entry5.o(.ARM.Collect$$$$00000004)
    __main_after_scatterload                 0x080030d5   Thumb Code     0  entry5.o(.ARM.Collect$$$$00000004)
    _main_clock                              0x080030d5   Thumb Code     0  entry7b.o(.ARM.Collect$$$$00000008)
    _main_cpp_init                           0x080030d5   Thumb Code     0  entry8b.o(.ARM.Collect$$$$0000000A)
    _main_init                               0x080030d5   Thumb Code     0  entry9a.o(.ARM.Collect$$$$0000000B)
    __rt_final_cpp                           0x080030dd   Thumb Code     0  entry10a.o(.ARM.Collect$$$$0000000D)
    __rt_final_exit                          0x080030dd   Thumb Code     0  entry11a.o(.ARM.Collect$$$$0000000F)
    Reset_Handler                            0x080030e1   Thumb Code     8  startup_gd32e23x.o(.text)
    ADC_CMP_IRQHandler                       0x080030f3   Thumb Code     0  startup_gd32e23x.o(.text)
    DMA_Channel0_IRQHandler                  0x080030f3   Thumb Code     0  startup_gd32e23x.o(.text)
    DMA_Channel1_2_IRQHandler                0x080030f3   Thumb Code     0  startup_gd32e23x.o(.text)
    DMA_Channel3_4_IRQHandler                0x080030f3   Thumb Code     0  startup_gd32e23x.o(.text)
    EXTI2_3_IRQHandler                       0x080030f3   Thumb Code     0  startup_gd32e23x.o(.text)
    EXTI4_15_IRQHandler                      0x080030f3   Thumb Code     0  startup_gd32e23x.o(.text)
    FMC_IRQHandler                           0x080030f3   Thumb Code     0  startup_gd32e23x.o(.text)
    I2C0_ER_IRQHandler                       0x080030f3   Thumb Code     0  startup_gd32e23x.o(.text)
    I2C0_EV_IRQHandler                       0x080030f3   Thumb Code     0  startup_gd32e23x.o(.text)
    I2C1_ER_IRQHandler                       0x080030f3   Thumb Code     0  startup_gd32e23x.o(.text)
    I2C1_EV_IRQHandler                       0x080030f3   Thumb Code     0  startup_gd32e23x.o(.text)
    LVD_IRQHandler                           0x080030f3   Thumb Code     0  startup_gd32e23x.o(.text)
    RCU_IRQHandler                           0x080030f3   Thumb Code     0  startup_gd32e23x.o(.text)
    RTC_IRQHandler                           0x080030f3   Thumb Code     0  startup_gd32e23x.o(.text)
    SPI0_IRQHandler                          0x080030f3   Thumb Code     0  startup_gd32e23x.o(.text)
    SPI1_IRQHandler                          0x080030f3   Thumb Code     0  startup_gd32e23x.o(.text)
    TIMER0_BRK_UP_TRG_COM_IRQHandler         0x080030f3   Thumb Code     0  startup_gd32e23x.o(.text)
    TIMER0_Channel_IRQHandler                0x080030f3   Thumb Code     0  startup_gd32e23x.o(.text)
    TIMER13_IRQHandler                       0x080030f3   Thumb Code     0  startup_gd32e23x.o(.text)
    TIMER14_IRQHandler                       0x080030f3   Thumb Code     0  startup_gd32e23x.o(.text)
    TIMER15_IRQHandler                       0x080030f3   Thumb Code     0  startup_gd32e23x.o(.text)
    TIMER16_IRQHandler                       0x080030f3   Thumb Code     0  startup_gd32e23x.o(.text)
    TIMER2_IRQHandler                        0x080030f3   Thumb Code     0  startup_gd32e23x.o(.text)
    TIMER5_IRQHandler                        0x080030f3   Thumb Code     0  startup_gd32e23x.o(.text)
    USART1_IRQHandler                        0x080030f3   Thumb Code     0  startup_gd32e23x.o(.text)
    WWDGT_IRQHandler                         0x080030f3   Thumb Code     0  startup_gd32e23x.o(.text)
    __aeabi_memcpy                           0x080030fd   Thumb Code    36  memcpya.o(.text)
    __aeabi_memcpy4                          0x080030fd   Thumb Code     0  memcpya.o(.text)
    __aeabi_memcpy8                          0x080030fd   Thumb Code     0  memcpya.o(.text)
    __aeabi_memset                           0x08003121   Thumb Code    14  memseta.o(.text)
    __aeabi_memset4                          0x08003121   Thumb Code     0  memseta.o(.text)
    __aeabi_memset8                          0x08003121   Thumb Code     0  memseta.o(.text)
    __aeabi_memclr                           0x0800312f   Thumb Code     4  memseta.o(.text)
    __aeabi_memclr4                          0x0800312f   Thumb Code     0  memseta.o(.text)
    __aeabi_memclr8                          0x0800312f   Thumb Code     0  memseta.o(.text)
    _memset$wrapper                          0x08003133   Thumb Code    18  memseta.o(.text)
    strchr                                   0x08003145   Thumb Code    20  strchr.o(.text)
    strlen                                   0x08003159   Thumb Code    14  strlen.o(.text)
    atoi                                     0x08003167   Thumb Code    26  atoi.o(.text)
    __aeabi_fadd                             0x08003181   Thumb Code   162  fadd.o(.text)
    __aeabi_fsub                             0x08003223   Thumb Code     8  fadd.o(.text)
    __aeabi_frsub                            0x0800322b   Thumb Code     8  fadd.o(.text)
    __aeabi_dmul                             0x08003235   Thumb Code   202  dmul.o(.text)
    __aeabi_fcmple                           0x08003305   Thumb Code    28  fcmple.o(.text)
    __aeabi_fcmpge                           0x08003321   Thumb Code    28  fcmpge.o(.text)
    __aeabi_ui2f                             0x0800333d   Thumb Code    14  ffltui.o(.text)
    __aeabi_i2d                              0x0800334d   Thumb Code    34  dflti.o(.text)
    __aeabi_f2iz                             0x08003375   Thumb Code    50  ffixi.o(.text)
    __aeabi_f2d                              0x080033a7   Thumb Code    40  f2d.o(.text)
    __aeabi_uldivmod                         0x080033cf   Thumb Code    96  uldiv.o(.text)
    strtol                                   0x08003431   Thumb Code   108  strtol.o(.text)
    __I$use$fp                               0x080034a1   Thumb Code     0  iusefp.o(.text)
    _float_round                             0x080034a1   Thumb Code    16  fepilogue.o(.text)
    _float_epilogue                          0x080034b1   Thumb Code   114  fepilogue.o(.text)
    _double_round                            0x08003523   Thumb Code    26  depilogue.o(.text)
    _double_epilogue                         0x0800353d   Thumb Code   164  depilogue.o(.text)
    __aeabi_dadd                             0x080035e1   Thumb Code   328  dadd.o(.text)
    __aeabi_dsub                             0x08003729   Thumb Code    12  dadd.o(.text)
    __aeabi_drsub                            0x08003735   Thumb Code    12  dadd.o(.text)
    __aeabi_ddiv                             0x08003745   Thumb Code   234  ddiv.o(.text)
    __aeabi_d2ulz                            0x08003835   Thumb Code    54  dfixul.o(.text)
    __aeabi_cdrcmple                         0x08003875   Thumb Code    38  cdrcmple.o(.text)
    __scatterload                            0x0800389d   Thumb Code    28  init.o(.text)
    __scatterload_rt2                        0x0800389d   Thumb Code     0  init.o(.text)
    __aeabi_uidiv$div0                       0x080038c1   Thumb Code     0  uidiv_div0.o(.text)
    __aeabi_uidivmod                         0x080038c1   Thumb Code    62  uidiv_div0.o(.text)
    __aeabi_llsl                             0x080038ff   Thumb Code    32  llshl.o(.text)
    _ll_shift_l                              0x080038ff   Thumb Code     0  llshl.o(.text)
    __aeabi_llsr                             0x0800391f   Thumb Code    34  llushr.o(.text)
    _ll_ushift_r                             0x0800391f   Thumb Code     0  llushr.o(.text)
    __aeabi_lasr                             0x08003941   Thumb Code    38  llsshr.o(.text)
    _ll_sshift_r                             0x08003941   Thumb Code     0  llsshr.o(.text)
    __rt_ctype_table                         0x08003969   Thumb Code     4  ctype_o.o(.text)
    _strtoul                                 0x08003971   Thumb Code   166  _strtoul.o(.text)
    _chval                                   0x08003a17   Thumb Code    30  _chval.o(.text)
    __decompress                             0x08003a35   Thumb Code     0  __dczerorl2.o(.text)
    __decompress1                            0x08003a35   Thumb Code    86  __dczerorl2.o(.text)
    ADC_Init                                 0x08003a8d   Thumb Code   140  adc.o(.text.ADC_Init)
    CMOS_ADC                                 0x08003b1d   Thumb Code   656  user.o(.text.CMOS_ADC)
    CMOS_CLK                                 0x08003de1   Thumb Code   200  user.o(.text.CMOS_CLK)
    CMOS_DIS                                 0x08003ebd   Thumb Code   220  user.o(.text.CMOS_DIS)
    EXTI0_1_IRQHandler                       0x08004025   Thumb Code    40  gd32e23x_it.o(.text.EXTI0_1_IRQHandler)
    Execute_user_Program                     0x08004051   Thumb Code    32  flash.o(.text.Execute_user_Program)
    FMC_ERASE_PAGE                           0x08004079   Thumb Code    38  flash.o(.text.FMC_ERASE_PAGE)
    FMC_FLASH_Read                           0x0800409f   Thumb Code     8  flash.o(.text.FMC_FLASH_Read)
    FMC_FLASH_Write                          0x080040a7   Thumb Code    46  flash.o(.text.FMC_FLASH_Write)
    FMC_WRITE_BUFFER                         0x080040d5   Thumb Code    72  flash.o(.text.FMC_WRITE_BUFFER)
    Get_ADC_Value                            0x08004121   Thumb Code    42  adc.o(.text.Get_ADC_Value)
    Get_Temp                                 0x0800414b   Thumb Code    42  adc.o(.text.Get_Temp)
    HardFault_Handler                        0x08004175   Thumb Code     2  gd32e23x_it.o(.text.HardFault_Handler)
    LASER_ON                                 0x08004179   Thumb Code    16  usart.o(.text.LASER_ON)
    Laser_Calibration                        0x08004189   Thumb Code    36  led_config.o(.text.Laser_Calibration)
    NMI_Handler                              0x080041d1   Thumb Code     2  gd32e23x_it.o(.text.NMI_Handler)
    PWM_timer_config                         0x080041d5   Thumb Code   156  timer.o(.text.PWM_timer_config)
    PendSV_Handler                           0x08004281   Thumb Code     2  gd32e23x_it.o(.text.PendSV_Handler)
    SVC_Handler                              0x08004283   Thumb Code     2  gd32e23x_it.o(.text.SVC_Handler)
    SysTick_Handler                          0x08004285   Thumb Code     4  gd32e23x_it.o(.text.SysTick_Handler)
    SystemInit                               0x08004289   Thumb Code   276  system_gd32e23x.o(.text.SystemInit)
    UART_TEST_HANDLE                         0x080043bd   Thumb Code   172  usart.o(.text.UART_TEST_HANDLE)
    USART0_IRQHandler                        0x0800448d   Thumb Code   108  usart.o(.text.USART0_IRQHandler)
    Usart_GPIO_Init                          0x08004519   Thumb Code   112  usart.o(.text.Usart_GPIO_Init)
    Usart_Init                               0x0800458d   Thumb Code    96  usart.o(.text.Usart_Init)
    V_STR_Printf                             0x080045f5   Thumb Code    28  usart.o(.text.V_STR_Printf)
    _ADCf                                    0x08004611   Thumb Code    60  usart.o(.text._ADCf)
    _DISTf                                   0x08004661   Thumb Code    24  usart.o(.text._DISTf)
    _GETOf                                   0x08004679   Thumb Code    20  usart.o(.text._GETOf)
    _GETTf                                   0x0800469d   Thumb Code    20  usart.o(.text._GETTf)
    _LAINf                                   0x080046c9   Thumb Code    36  usart.o(.text._LAINf)
    _LAOFf                                   0x0800470d   Thumb Code    40  usart.o(.text._LAOFf)
    _LAONf                                   0x08004745   Thumb Code    32  usart.o(.text._LAONf)
    _MEOFf                                   0x08004779   Thumb Code    32  usart.o(.text._MEOFf)
    _MEONf                                   0x080047b1   Thumb Code    36  usart.o(.text._MEONf)
    _RDFLf                                   0x080047f5   Thumb Code    52  usart.o(.text._RDFLf)
    _RPWMf                                   0x08004839   Thumb Code    20  usart.o(.text._RPWMf)
    _SETEf                                   0x0800485d   Thumb Code    52  usart.o(.text._SETEf)
    _SETOf                                   0x08004899   Thumb Code    28  usart.o(.text._SETOf)
    _SETPf                                   0x080048b5   Thumb Code    96  usart.o(.text._SETPf)
    _SHOWf                                   0x0800493d   Thumb Code    32  usart.o(.text._SHOWf)
    _TEMPf                                   0x08004965   Thumb Code    20  usart.o(.text._TEMPf)
    _UPDTf                                   0x08004985   Thumb Code    16  usart.o(.text._UPDTf)
    _WPWMf                                   0x08004995   Thumb Code    56  usart.o(.text._WPWMf)
    _WRFLf                                   0x080049d5   Thumb Code    44  usart.o(.text._WRFLf)
    _helpf                                   0x08004a0d   Thumb Code   120  usart.o(.text._helpf)
    adc_calibration_enable                   0x08004b4d   Thumb Code    32  gd32e23x_adc.o(.text.adc_calibration_enable)
    adc_channel_length_config                0x08004b6d   Thumb Code    60  gd32e23x_adc.o(.text.adc_channel_length_config)
    adc_data_alignment_config                0x08004bad   Thumb Code    24  gd32e23x_adc.o(.text.adc_data_alignment_config)
    adc_enable                               0x08004bc5   Thumb Code    20  gd32e23x_adc.o(.text.adc_enable)
    adc_external_trigger_config              0x08004bd9   Thumb Code    72  gd32e23x_adc.o(.text.adc_external_trigger_config)
    adc_external_trigger_source_config       0x08004c21   Thumb Code    32  gd32e23x_adc.o(.text.adc_external_trigger_source_config)
    adc_flag_clear                           0x08004c49   Thumb Code    12  gd32e23x_adc.o(.text.adc_flag_clear)
    adc_flag_get                             0x08004c55   Thumb Code    16  gd32e23x_adc.o(.text.adc_flag_get)
    adc_regular_channel_config               0x08004c69   Thumb Code   136  gd32e23x_adc.o(.text.adc_regular_channel_config)
    adc_regular_data_read                    0x08004cf5   Thumb Code     8  gd32e23x_adc.o(.text.adc_regular_data_read)
    adc_resolution_config                    0x08004d01   Thumb Code    20  gd32e23x_adc.o(.text.adc_resolution_config)
    adc_software_trigger_enable              0x08004d15   Thumb Code    40  gd32e23x_adc.o(.text.adc_software_trigger_enable)
    adc_special_function_config              0x08004d41   Thumb Code   112  gd32e23x_adc.o(.text.adc_special_function_config)
    da18b20rd                                0x08004db5   Thumb Code   172  ds18b20.o(.text.da18b20rd)
    delay_10us                               0x08004e61   Thumb Code    12  systick.o(.text.delay_10us)
    delay_1ms                                0x08004e6d   Thumb Code    20  systick.o(.text.delay_1ms)
    delay_decrement                          0x08004e81   Thumb Code    16  systick.o(.text.delay_decrement)
    ds18b20_init                             0x08004e95   Thumb Code    56  ds18b20.o(.text.ds18b20_init)
    ds18b20wr                                0x08004ecd   Thumb Code   116  ds18b20.o(.text.ds18b20wr)
    exti_init                                0x08004f49   Thumb Code   104  gd32e23x_exti.o(.text.exti_init)
    exti_interrupt_flag_clear                0x08004fb5   Thumb Code     8  gd32e23x_exti.o(.text.exti_interrupt_flag_clear)
    exti_interrupt_flag_get                  0x08004fbd   Thumb Code    16  gd32e23x_exti.o(.text.exti_interrupt_flag_get)
    fmc_flag_clear                           0x08004fd1   Thumb Code     8  gd32e23x_fmc.o(.text.fmc_flag_clear)
    fmc_lock                                 0x08004fd9   Thumb Code    12  gd32e23x_fmc.o(.text.fmc_lock)
    fmc_page_erase                           0x08004fe9   Thumb Code   100  gd32e23x_fmc.o(.text.fmc_page_erase)
    fmc_unlock                               0x0800504d   Thumb Code    20  gd32e23x_fmc.o(.text.fmc_unlock)
    fmc_word_program                         0x0800506d   Thumb Code    92  gd32e23x_fmc.o(.text.fmc_word_program)
    fputc                                    0x080050d1   Thumb Code    32  usart.o(.text.fputc)
    gpio_af_set                              0x080050f9   Thumb Code   228  gd32e23x_gpio.o(.text.gpio_af_set)
    gpio_bit_write                           0x080051f5   Thumb Code    14  gd32e23x_gpio.o(.text.gpio_bit_write)
    gpio_config                              0x08005205   Thumb Code   100  gpio.o(.text.gpio_config)
    gpio_input_bit_get                       0x0800526d   Thumb Code    10  gd32e23x_gpio.o(.text.gpio_input_bit_get)
    gpio_mode_set                            0x08005277   Thumb Code    66  gd32e23x_gpio.o(.text.gpio_mode_set)
    gpio_output_options_set                  0x080052b9   Thumb Code    70  gd32e23x_gpio.o(.text.gpio_output_options_set)
    main                                     0x08005301   Thumb Code   252  main.o(.text.main)
    nvic_irq_enable                          0x08005419   Thumb Code    92  gd32e23x_misc.o(.text.nvic_irq_enable)
    nvic_vector_table_set                    0x08005481   Thumb Code    16  gd32e23x_misc.o(.text.nvic_vector_table_set)
    rcu_adc_clock_config                     0x08005499   Thumb Code   200  gd32e23x_rcu.o(.text.rcu_adc_clock_config)
    rcu_clock_freq_get                       0x08005569   Thumb Code   344  gd32e23x_rcu.o(.text.rcu_clock_freq_get)
    rcu_periph_clock_enable                  0x080056e9   Thumb Code    20  gd32e23x_rcu.o(.text.rcu_periph_clock_enable)
    rcu_periph_reset_disable                 0x080056fd   Thumb Code    20  gd32e23x_rcu.o(.text.rcu_periph_reset_disable)
    rcu_periph_reset_enable                  0x08005711   Thumb Code    20  gd32e23x_rcu.o(.text.rcu_periph_reset_enable)
    readtemp                                 0x08005729   Thumb Code   240  ds18b20.o(.text.readtemp)
    syscfg_exti_line_config                  0x08005829   Thumb Code   108  gd32e23x_syscfg.o(.text.syscfg_exti_line_config)
    systick_config                           0x08005899   Thumb Code    56  systick.o(.text.systick_config)
    timer_channel_output_config              0x080058e5   Thumb Code   544  gd32e23x_timer.o(.text.timer_channel_output_config)
    timer_channel_output_mode_config         0x08005b0d   Thumb Code    92  gd32e23x_timer.o(.text.timer_channel_output_mode_config)
    timer_channel_output_pulse_value_config  0x08005b69   Thumb Code    12  gd32e23x_timer.o(.text.timer_channel_output_pulse_value_config)
    timer_deinit                             0x08005b75   Thumb Code   100  gd32e23x_timer.o(.text.timer_deinit)
    timer_enable                             0x08005be9   Thumb Code    10  gd32e23x_timer.o(.text.timer_enable)
    timer_init                               0x08005bf5   Thumb Code   144  gd32e23x_timer.o(.text.timer_init)
    timer_prescaler_config                   0x08005ca5   Thumb Code    16  gd32e23x_timer.o(.text.timer_prescaler_config)
    timer_primary_output_config              0x08005cb5   Thumb Code    22  gd32e23x_timer.o(.text.timer_primary_output_config)
    usart_baudrate_set                       0x08005ccd   Thumb Code    76  gd32e23x_usart.o(.text.usart_baudrate_set)
    usart_data_receive                       0x08005d1d   Thumb Code     8  gd32e23x_usart.o(.text.usart_data_receive)
    usart_data_transmit                      0x08005d25   Thumb Code     8  gd32e23x_usart.o(.text.usart_data_transmit)
    usart_deinit                             0x08005d31   Thumb Code    40  gd32e23x_usart.o(.text.usart_deinit)
    usart_enable                             0x08005d69   Thumb Code    10  gd32e23x_usart.o(.text.usart_enable)
    usart_flag_get                           0x08005d73   Thumb Code    16  gd32e23x_usart.o(.text.usart_flag_get)
    usart_interrupt_disable                  0x08005d83   Thumb Code    18  gd32e23x_usart.o(.text.usart_interrupt_disable)
    usart_interrupt_enable                   0x08005d95   Thumb Code    18  gd32e23x_usart.o(.text.usart_interrupt_enable)
    usart_interrupt_flag_get                 0x08005da7   Thumb Code    30  gd32e23x_usart.o(.text.usart_interrupt_flag_get)
    usart_parity_config                      0x08005dc5   Thumb Code    26  gd32e23x_usart.o(.text.usart_parity_config)
    usart_receive_config                     0x08005ddf   Thumb Code    16  gd32e23x_usart.o(.text.usart_receive_config)
    usart_stop_bit_set                       0x08005def   Thumb Code    26  gd32e23x_usart.o(.text.usart_stop_bit_set)
    usart_transmit_config                    0x08005e09   Thumb Code    16  gd32e23x_usart.o(.text.usart_transmit_config)
    usart_word_length_set                    0x08005e19   Thumb Code    26  gd32e23x_usart.o(.text.usart_word_length_set)
    __0printf                                0x08005e35   Thumb Code    24  printfa.o(i.__0printf)
    __1printf                                0x08005e35   Thumb Code     0  printfa.o(i.__0printf)
    __2printf                                0x08005e35   Thumb Code     0  printfa.o(i.__0printf)
    __c89printf                              0x08005e35   Thumb Code     0  printfa.o(i.__0printf)
    printf                                   0x08005e35   Thumb Code     0  printfa.o(i.__0printf)
    __0sprintf                               0x08005e55   Thumb Code    36  printfa.o(i.__0sprintf)
    __1sprintf                               0x08005e55   Thumb Code     0  printfa.o(i.__0sprintf)
    __2sprintf                               0x08005e55   Thumb Code     0  printfa.o(i.__0sprintf)
    __c89sprintf                             0x08005e55   Thumb Code     0  printfa.o(i.__0sprintf)
    sprintf                                  0x08005e55   Thumb Code     0  printfa.o(i.__0sprintf)
    __ARM_clz                                0x08005e7d   Thumb Code    46  depilogue.o(i.__ARM_clz)
    __aeabi_errno_addr                       0x08005ead   Thumb Code     4  errno.o(i.__aeabi_errno_addr)
    __rt_errno_addr                          0x08005ead   Thumb Code     0  errno.o(i.__aeabi_errno_addr)
    __scatterload_copy                       0x08005eb5   Thumb Code    14  handlers.o(i.__scatterload_copy)
    __scatterload_null                       0x08005ec3   Thumb Code     2  handlers.o(i.__scatterload_null)
    __scatterload_zeroinit                   0x08005ec5   Thumb Code    14  handlers.o(i.__scatterload_zeroinit)
    puts                                     0x0800678d   Thumb Code    28  puts.o(i.puts)
    __ctype_table                            0x080067ac   Data         129  ctype_o.o(.constdata)
    Region$$Table$$Base                      0x08006a60   Number         0  anon$$obj.o(Region$$Table)
    Region$$Table$$Limit                     0x08006a80   Number         0  anon$$obj.o(Region$$Table)
    __stdout                                 0x20000000   Data           4  stdout.o(.data)
    CMD_T                                    0x20000008   Data         240  usart.o(.data.CMD_T)
    LSD_CMOS                                 0x200000f8   Data        2880  adc.o(.data.LSD_CMOS)
    SystemCoreClock                          0x20000c38   Data           4  system_gd32e23x.o(.data.SystemCoreClock)
    cmd_num                                  0x20000c3c   Data           1  usart.o(.data.cmd_num)
    fmc_str                                  0x20000c40   Data          28  flash.o(.data.fmc_str)
    transfersize                             0x20000c5c   Data           1  usart.o(.data.transfersize)
    JumpAddress                              0x20000c60   Data           4  flash.o(.bss.JumpAddress)
    Jump_To_Application                      0x20000c64   Data           4  flash.o(.bss.Jump_To_Application)
    Laser_Init                               0x20000c68   Data           8  led_config.o(.bss.Laser_Init)
    Rx_flag                                  0x20000c70   Data           1  usart.o(.bss.Rx_flag)
    adc_Buf                                  0x20000c72   Data           2  main.o(.bss.adc_Buf)
    adc_Buf_fake                             0x20000c74   Data           2  user.o(.bss.adc_Buf_fake)
    arount_cnt                               0x20000c76   Data           1  main.o(.bss.arount_cnt)
    cnt                                      0x20000c78   Data           2  user.o(.bss.cnt)
    lsd_index                                0x20000c80   Data           2  user.o(.bss.lsd_index)
    p_buf                                    0x20000c82   Data         128  main.o(.bss.p_buf)
    receiver_buffer                          0x20000d04   Data         128  usart.o(.bss.receiver_buffer)
    rxcount                                  0x20000d84   Data           2  usart.o(.bss.rxcount)
    show_flag                                0x20000d86   Data           1  usart.o(.bss.show_flag)
    str_to_num                               0x20000d88   Data           4  usart.o(.bss.str_to_num)
    transmitter_buffer                       0x20000d8c   Data         128  usart.o(.bss.transmitter_buffer)
    txcount                                  0x20000e0c   Data           1  usart.o(.bss.txcount)
    __initial_sp                             0x20001210   Data           0  startup_gd32e23x.o(STACK)



==============================================================================

Memory Map of the image

  Image Entry point : 0x080030cd

  Load Region LR_IROM1 (Base: 0x08003000, Size: 0x000046e0, Max: 0x0000cc00, ABSOLUTE, COMPRESSED[0x00003b30])

    Execution Region ER_IROM1 (Exec base: 0x08003000, Load base: 0x08003000, Size: 0x00003a80, Max: 0x0000cc00, ABSOLUTE)

    Exec Addr    Load Addr    Size         Type   Attr      Idx    E Section Name        Object

    0x08003000   0x08003000   0x000000cc   Data   RO            3    RESET               startup_gd32e23x.o
    0x080030cc   0x080030cc   0x00000000   Code   RO         1419  * .ARM.Collect$$$$00000000  mc_p.l(entry.o)
    0x080030cc   0x080030cc   0x00000004   Code   RO         1717    .ARM.Collect$$$$00000001  mc_p.l(entry2.o)
    0x080030d0   0x080030d0   0x00000004   Code   RO         1720    .ARM.Collect$$$$00000004  mc_p.l(entry5.o)
    0x080030d4   0x080030d4   0x00000000   Code   RO         1722    .ARM.Collect$$$$00000008  mc_p.l(entry7b.o)
    0x080030d4   0x080030d4   0x00000000   Code   RO         1724    .ARM.Collect$$$$0000000A  mc_p.l(entry8b.o)
    0x080030d4   0x080030d4   0x00000008   Code   RO         1725    .ARM.Collect$$$$0000000B  mc_p.l(entry9a.o)
    0x080030dc   0x080030dc   0x00000000   Code   RO         1727    .ARM.Collect$$$$0000000D  mc_p.l(entry10a.o)
    0x080030dc   0x080030dc   0x00000000   Code   RO         1729    .ARM.Collect$$$$0000000F  mc_p.l(entry11a.o)
    0x080030dc   0x080030dc   0x00000004   Code   RO         1718    .ARM.Collect$$$$00002712  mc_p.l(entry2.o)
    0x080030e0   0x080030e0   0x0000001c   Code   RO            4    .text               startup_gd32e23x.o
    0x080030fc   0x080030fc   0x00000024   Code   RO         1426    .text               mc_p.l(memcpya.o)
    0x08003120   0x08003120   0x00000024   Code   RO         1428    .text               mc_p.l(memseta.o)
    0x08003144   0x08003144   0x00000014   Code   RO         1430    .text               mc_p.l(strchr.o)
    0x08003158   0x08003158   0x0000000e   Code   RO         1432    .text               mc_p.l(strlen.o)
    0x08003166   0x08003166   0x0000001a   Code   RO         1697    .text               mc_p.l(atoi.o)
    0x08003180   0x08003180   0x000000b2   Code   RO         1699    .text               mf_p.l(fadd.o)
    0x08003232   0x08003232   0x00000002   PAD
    0x08003234   0x08003234   0x000000d0   Code   RO         1701    .text               mf_p.l(dmul.o)
    0x08003304   0x08003304   0x0000001c   Code   RO         1703    .text               mf_p.l(fcmple.o)
    0x08003320   0x08003320   0x0000001c   Code   RO         1705    .text               mf_p.l(fcmpge.o)
    0x0800333c   0x0800333c   0x0000000e   Code   RO         1709    .text               mf_p.l(ffltui.o)
    0x0800334a   0x0800334a   0x00000002   PAD
    0x0800334c   0x0800334c   0x00000028   Code   RO         1711    .text               mf_p.l(dflti.o)
    0x08003374   0x08003374   0x00000032   Code   RO         1713    .text               mf_p.l(ffixi.o)
    0x080033a6   0x080033a6   0x00000028   Code   RO         1715    .text               mf_p.l(f2d.o)
    0x080033ce   0x080033ce   0x00000060   Code   RO         1738    .text               mc_p.l(uldiv.o)
    0x0800342e   0x0800342e   0x00000002   PAD
    0x08003430   0x08003430   0x00000070   Code   RO         1747    .text               mc_p.l(strtol.o)
    0x080034a0   0x080034a0   0x00000000   Code   RO         1749    .text               mc_p.l(iusefp.o)
    0x080034a0   0x080034a0   0x00000082   Code   RO         1750    .text               mf_p.l(fepilogue.o)
    0x08003522   0x08003522   0x000000be   Code   RO         1752    .text               mf_p.l(depilogue.o)
    0x080035e0   0x080035e0   0x00000164   Code   RO         1756    .text               mf_p.l(dadd.o)
    0x08003744   0x08003744   0x000000f0   Code   RO         1758    .text               mf_p.l(ddiv.o)
    0x08003834   0x08003834   0x00000040   Code   RO         1760    .text               mf_p.l(dfixul.o)
    0x08003874   0x08003874   0x00000028   Code   RO         1762    .text               mf_p.l(cdrcmple.o)
    0x0800389c   0x0800389c   0x00000024   Code   RO         1764    .text               mc_p.l(init.o)
    0x080038c0   0x080038c0   0x0000003e   Code   RO         1770    .text               mc_p.l(uidiv_div0.o)
    0x080038fe   0x080038fe   0x00000020   Code   RO         1776    .text               mc_p.l(llshl.o)
    0x0800391e   0x0800391e   0x00000022   Code   RO         1778    .text               mc_p.l(llushr.o)
    0x08003940   0x08003940   0x00000026   Code   RO         1780    .text               mc_p.l(llsshr.o)
    0x08003966   0x08003966   0x00000002   PAD
    0x08003968   0x08003968   0x00000008   Code   RO         1782    .text               mc_p.l(ctype_o.o)
    0x08003970   0x08003970   0x000000a6   Code   RO         1810    .text               mc_p.l(_strtoul.o)
    0x08003a16   0x08003a16   0x0000001e   Code   RO         1812    .text               mc_p.l(_chval.o)
    0x08003a34   0x08003a34   0x00000056   Code   RO         1822    .text               mc_p.l(__dczerorl2.o)
    0x08003a8a   0x08003a8a   0x00000002   PAD
    0x08003a8c   0x08003a8c   0x00000090   Code   RO         1342    .text.ADC_Init      adc.o
    0x08003b1c   0x08003b1c   0x000002c4   Code   RO         1319    .text.CMOS_ADC      user.o
    0x08003de0   0x08003de0   0x000000dc   Code   RO         1317    .text.CMOS_CLK      user.o
    0x08003ebc   0x08003ebc   0x00000168   Code   RO         1325    .text.CMOS_DIS      user.o
    0x08004024   0x08004024   0x0000002c   Code   RO         1203    .text.EXTI0_1_IRQHandler  gd32e23x_it.o
    0x08004050   0x08004050   0x00000028   Code   RO         1376    .text.Execute_user_Program  flash.o
    0x08004078   0x08004078   0x00000026   Code   RO         1368    .text.FMC_ERASE_PAGE  flash.o
    0x0800409e   0x0800409e   0x00000008   Code   RO         1374    .text.FMC_FLASH_Read  flash.o
    0x080040a6   0x080040a6   0x0000002e   Code   RO         1372    .text.FMC_FLASH_Write  flash.o
    0x080040d4   0x080040d4   0x0000004c   Code   RO         1370    .text.FMC_WRITE_BUFFER  flash.o
    0x08004120   0x08004120   0x0000002a   Code   RO         1346    .text.Get_ADC_Value  adc.o
    0x0800414a   0x0800414a   0x0000002a   Code   RO         1348    .text.Get_Temp      adc.o
    0x08004174   0x08004174   0x00000002   Code   RO         1187    .text.HardFault_Handler  gd32e23x_it.o
    0x08004176   0x08004176   0x00000002   PAD
    0x08004178   0x08004178   0x00000010   Code   RO         1293    .text.LASER_ON      usart.o
    0x08004188   0x08004188   0x00000048   Code   RO         1389    .text.Laser_Calibration  led_config.o
    0x080041d0   0x080041d0   0x00000002   Code   RO         1185    .text.NMI_Handler   gd32e23x_it.o
    0x080041d2   0x080041d2   0x00000002   PAD
    0x080041d4   0x080041d4   0x000000ac   Code   RO         1360    .text.PWM_timer_config  timer.o
    0x08004280   0x08004280   0x00000002   Code   RO         1199    .text.PendSV_Handler  gd32e23x_it.o
    0x08004282   0x08004282   0x00000002   Code   RO         1195    .text.SVC_Handler   gd32e23x_it.o
    0x08004284   0x08004284   0x00000004   Code   RO         1201    .text.SysTick_Handler  gd32e23x_it.o
    0x08004288   0x08004288   0x00000134   Code   RO           32    .text.SystemInit    system_gd32e23x.o
    0x080043bc   0x080043bc   0x000000d0   Code   RO         1285    .text.UART_TEST_HANDLE  usart.o
    0x0800448c   0x0800448c   0x0000008c   Code   RO         1289    .text.USART0_IRQHandler  usart.o
    0x08004518   0x08004518   0x00000074   Code   RO         1279    .text.Usart_GPIO_Init  usart.o
    0x0800458c   0x0800458c   0x00000068   Code   RO         1281    .text.Usart_Init    usart.o
    0x080045f4   0x080045f4   0x0000001c   Code   RO         1287    .text.V_STR_Printf  usart.o
    0x08004610   0x08004610   0x00000050   Code   RO         1239    .text._ADCf         usart.o
    0x08004660   0x08004660   0x00000018   Code   RO         1245    .text._DISTf        usart.o
    0x08004678   0x08004678   0x00000024   Code   RO         1259    .text._GETOf        usart.o
    0x0800469c   0x0800469c   0x0000002c   Code   RO         1275    .text._GETTf        usart.o
    0x080046c8   0x080046c8   0x00000044   Code   RO         1267    .text._LAINf        usart.o
    0x0800470c   0x0800470c   0x00000038   Code   RO         1243    .text._LAOFf        usart.o
    0x08004744   0x08004744   0x00000034   Code   RO         1241    .text._LAONf        usart.o
    0x08004778   0x08004778   0x00000038   Code   RO         1249    .text._MEOFf        usart.o
    0x080047b0   0x080047b0   0x00000044   Code   RO         1247    .text._MEONf        usart.o
    0x080047f4   0x080047f4   0x00000044   Code   RO         1253    .text._RDFLf        usart.o
    0x08004838   0x08004838   0x00000024   Code   RO         1263    .text._RPWMf        usart.o
    0x0800485c   0x0800485c   0x0000003c   Code   RO         1273    .text._SETEf        usart.o
    0x08004898   0x08004898   0x0000001c   Code   RO         1257    .text._SETOf        usart.o
    0x080048b4   0x080048b4   0x00000088   Code   RO         1251    .text._SETPf        usart.o
    0x0800493c   0x0800493c   0x00000028   Code   RO         1261    .text._SHOWf        usart.o
    0x08004964   0x08004964   0x00000020   Code   RO         1271    .text._TEMPf        usart.o
    0x08004984   0x08004984   0x00000010   Code   RO         1269    .text._UPDTf        usart.o
    0x08004994   0x08004994   0x00000040   Code   RO         1265    .text._WPWMf        usart.o
    0x080049d4   0x080049d4   0x00000038   Code   RO         1255    .text._WRFLf        usart.o
    0x08004a0c   0x08004a0c   0x00000140   Code   RO         1237    .text._helpf        usart.o
    0x08004b4c   0x08004b4c   0x00000020   Code   RO           51    .text.adc_calibration_enable  gd32e23x_adc.o
    0x08004b6c   0x08004b6c   0x00000040   Code   RO           67    .text.adc_channel_length_config  gd32e23x_adc.o
    0x08004bac   0x08004bac   0x00000018   Code   RO           65    .text.adc_data_alignment_config  gd32e23x_adc.o
    0x08004bc4   0x08004bc4   0x00000014   Code   RO           47    .text.adc_enable    gd32e23x_adc.o
    0x08004bd8   0x08004bd8   0x00000048   Code   RO           75    .text.adc_external_trigger_config  gd32e23x_adc.o
    0x08004c20   0x08004c20   0x00000028   Code   RO           77    .text.adc_external_trigger_source_config  gd32e23x_adc.o
    0x08004c48   0x08004c48   0x0000000c   Code   RO           87    .text.adc_flag_clear  gd32e23x_adc.o
    0x08004c54   0x08004c54   0x00000014   Code   RO           85    .text.adc_flag_get  gd32e23x_adc.o
    0x08004c68   0x08004c68   0x0000008c   Code   RO           69    .text.adc_regular_channel_config  gd32e23x_adc.o
    0x08004cf4   0x08004cf4   0x0000000c   Code   RO           81    .text.adc_regular_data_read  gd32e23x_adc.o
    0x08004d00   0x08004d00   0x00000014   Code   RO          105    .text.adc_resolution_config  gd32e23x_adc.o
    0x08004d14   0x08004d14   0x0000002c   Code   RO           79    .text.adc_software_trigger_enable  gd32e23x_adc.o
    0x08004d40   0x08004d40   0x00000074   Code   RO           63    .text.adc_special_function_config  gd32e23x_adc.o
    0x08004db4   0x08004db4   0x000000ac   Code   RO         1408    .text.da18b20rd     ds18b20.o
    0x08004e60   0x08004e60   0x0000000c   Code   RO         1216    .text.delay_10us    systick.o
    0x08004e6c   0x08004e6c   0x00000014   Code   RO         1214    .text.delay_1ms     systick.o
    0x08004e80   0x08004e80   0x00000014   Code   RO         1218    .text.delay_decrement  systick.o
    0x08004e94   0x08004e94   0x00000038   Code   RO         1398    .text.ds18b20_init  ds18b20.o
    0x08004ecc   0x08004ecc   0x0000007c   Code   RO         1406    .text.ds18b20wr     ds18b20.o
    0x08004f48   0x08004f48   0x0000006c   Code   RO          265    .text.exti_init     gd32e23x_exti.o
    0x08004fb4   0x08004fb4   0x00000008   Code   RO          285    .text.exti_interrupt_flag_clear  gd32e23x_exti.o
    0x08004fbc   0x08004fbc   0x00000014   Code   RO          283    .text.exti_interrupt_flag_get  gd32e23x_exti.o
    0x08004fd0   0x08004fd0   0x00000008   Code   RO          347    .text.fmc_flag_clear  gd32e23x_fmc.o
    0x08004fd8   0x08004fd8   0x00000010   Code   RO          297    .text.fmc_lock      gd32e23x_fmc.o
    0x08004fe8   0x08004fe8   0x00000064   Code   RO          305    .text.fmc_page_erase  gd32e23x_fmc.o
    0x0800504c   0x0800504c   0x00000020   Code   RO          295    .text.fmc_unlock    gd32e23x_fmc.o
    0x0800506c   0x0800506c   0x00000064   Code   RO          313    .text.fmc_word_program  gd32e23x_fmc.o
    0x080050d0   0x080050d0   0x00000028   Code   RO         1277    .text.fputc         usart.o
    0x080050f8   0x080050f8   0x000000fc   Code   RO          411    .text.gpio_af_set   gd32e23x_gpio.o
    0x080051f4   0x080051f4   0x0000000e   Code   RO          399    .text.gpio_bit_write  gd32e23x_gpio.o
    0x08005202   0x08005202   0x00000002   PAD
    0x08005204   0x08005204   0x00000068   Code   RO         1229    .text.gpio_config   gpio.o
    0x0800526c   0x0800526c   0x0000000a   Code   RO          403    .text.gpio_input_bit_get  gd32e23x_gpio.o
    0x08005276   0x08005276   0x00000042   Code   RO          391    .text.gpio_mode_set  gd32e23x_gpio.o
    0x080052b8   0x080052b8   0x00000046   Code   RO          393    .text.gpio_output_options_set  gd32e23x_gpio.o
    0x080052fe   0x080052fe   0x00000002   PAD
    0x08005300   0x08005300   0x00000118   Code   RO         1168    .text.main          main.o
    0x08005418   0x08005418   0x00000068   Code   RO          505    .text.nvic_irq_enable  gd32e23x_misc.o
    0x08005480   0x08005480   0x00000018   Code   RO          511    .text.nvic_vector_table_set  gd32e23x_misc.o
    0x08005498   0x08005498   0x000000d0   Code   RO          589    .text.rcu_adc_clock_config  gd32e23x_rcu.o
    0x08005568   0x08005568   0x00000180   Code   RO          627    .text.rcu_clock_freq_get  gd32e23x_rcu.o
    0x080056e8   0x080056e8   0x00000014   Code   RO          563    .text.rcu_periph_clock_enable  gd32e23x_rcu.o
    0x080056fc   0x080056fc   0x00000014   Code   RO          573    .text.rcu_periph_reset_disable  gd32e23x_rcu.o
    0x08005710   0x08005710   0x00000018   Code   RO          571    .text.rcu_periph_reset_enable  gd32e23x_rcu.o
    0x08005728   0x08005728   0x00000100   Code   RO         1410    .text.readtemp      ds18b20.o
    0x08005828   0x08005828   0x00000070   Code   RO          824    .text.syscfg_exti_line_config  gd32e23x_syscfg.o
    0x08005898   0x08005898   0x0000004c   Code   RO         1212    .text.systick_config  systick.o
    0x080058e4   0x080058e4   0x00000228   Code   RO          926    .text.timer_channel_output_config  gd32e23x_timer.o
    0x08005b0c   0x08005b0c   0x0000005c   Code   RO          928    .text.timer_channel_output_mode_config  gd32e23x_timer.o
    0x08005b68   0x08005b68   0x0000000c   Code   RO          930    .text.timer_channel_output_pulse_value_config  gd32e23x_timer.o
    0x08005b74   0x08005b74   0x00000074   Code   RO          842    .text.timer_deinit  gd32e23x_timer.o
    0x08005be8   0x08005be8   0x0000000a   Code   RO          848    .text.timer_enable  gd32e23x_timer.o
    0x08005bf2   0x08005bf2   0x00000002   PAD
    0x08005bf4   0x08005bf4   0x000000b0   Code   RO          846    .text.timer_init    gd32e23x_timer.o
    0x08005ca4   0x08005ca4   0x00000010   Code   RO          866    .text.timer_prescaler_config  gd32e23x_timer.o
    0x08005cb4   0x08005cb4   0x00000016   Code   RO          918    .text.timer_primary_output_config  gd32e23x_timer.o
    0x08005cca   0x08005cca   0x00000002   PAD
    0x08005ccc   0x08005ccc   0x00000050   Code   RO          998    .text.usart_baudrate_set  gd32e23x_usart.o
    0x08005d1c   0x08005d1c   0x00000008   Code   RO         1034    .text.usart_data_receive  gd32e23x_usart.o
    0x08005d24   0x08005d24   0x0000000c   Code   RO         1032    .text.usart_data_transmit  gd32e23x_usart.o
    0x08005d30   0x08005d30   0x00000038   Code   RO          996    .text.usart_deinit  gd32e23x_usart.o
    0x08005d68   0x08005d68   0x0000000a   Code   RO         1006    .text.usart_enable  gd32e23x_usart.o
    0x08005d72   0x08005d72   0x00000010   Code   RO         1124    .text.usart_flag_get  gd32e23x_usart.o
    0x08005d82   0x08005d82   0x00000012   Code   RO         1130    .text.usart_interrupt_disable  gd32e23x_usart.o
    0x08005d94   0x08005d94   0x00000012   Code   RO         1128    .text.usart_interrupt_enable  gd32e23x_usart.o
    0x08005da6   0x08005da6   0x0000001e   Code   RO         1134    .text.usart_interrupt_flag_get  gd32e23x_usart.o
    0x08005dc4   0x08005dc4   0x0000001a   Code   RO         1000    .text.usart_parity_config  gd32e23x_usart.o
    0x08005dde   0x08005dde   0x00000010   Code   RO         1012    .text.usart_receive_config  gd32e23x_usart.o
    0x08005dee   0x08005dee   0x0000001a   Code   RO         1004    .text.usart_stop_bit_set  gd32e23x_usart.o
    0x08005e08   0x08005e08   0x00000010   Code   RO         1010    .text.usart_transmit_config  gd32e23x_usart.o
    0x08005e18   0x08005e18   0x0000001a   Code   RO         1002    .text.usart_word_length_set  gd32e23x_usart.o
    0x08005e32   0x08005e32   0x00000002   PAD
    0x08005e34   0x08005e34   0x00000020   Code   RO         1669    i.__0printf         mc_p.l(printfa.o)
    0x08005e54   0x08005e54   0x00000028   Code   RO         1671    i.__0sprintf        mc_p.l(printfa.o)
    0x08005e7c   0x08005e7c   0x0000002e   Code   RO         1754    i.__ARM_clz         mf_p.l(depilogue.o)
    0x08005eaa   0x08005eaa   0x00000002   PAD
    0x08005eac   0x08005eac   0x00000008   Code   RO         1740    i.__aeabi_errno_addr  mc_p.l(errno.o)
    0x08005eb4   0x08005eb4   0x0000000e   Code   RO         1816    i.__scatterload_copy  mc_p.l(handlers.o)
    0x08005ec2   0x08005ec2   0x00000002   Code   RO         1817    i.__scatterload_null  mc_p.l(handlers.o)
    0x08005ec4   0x08005ec4   0x0000000e   Code   RO         1818    i.__scatterload_zeroinit  mc_p.l(handlers.o)
    0x08005ed2   0x08005ed2   0x00000002   PAD
    0x08005ed4   0x08005ed4   0x00000174   Code   RO         1676    i._fp_digits        mc_p.l(printfa.o)
    0x08006048   0x08006048   0x000006ec   Code   RO         1677    i._printf_core      mc_p.l(printfa.o)
    0x08006734   0x08006734   0x00000020   Code   RO         1678    i._printf_post_padding  mc_p.l(printfa.o)
    0x08006754   0x08006754   0x0000002c   Code   RO         1679    i._printf_pre_padding  mc_p.l(printfa.o)
    0x08006780   0x08006780   0x0000000a   Code   RO         1681    i._sputc            mc_p.l(printfa.o)
    0x0800678a   0x0800678a   0x00000002   PAD
    0x0800678c   0x0800678c   0x00000020   Code   RO         1422    i.puts              mc_p.l(puts.o)
    0x080067ac   0x080067ac   0x00000081   Data   RO         1783    .constdata          mc_p.l(ctype_o.o)
    0x0800682d   0x0800682d   0x00000003   PAD
    0x08006830   0x08006830   0x00000004   Data   RO         1784    .constdata          mc_p.l(ctype_o.o)
    0x08006834   0x08006834   0x00000008   Data   RO          639    .rodata.cst8        gd32e23x_rcu.o
    0x0800683c   0x0800683c   0x000001cc   Data   RO         1304    .rodata.str1.1      usart.o
    0x08006a08   0x08006a08   0x00000055   Data   RO         1333    .rodata.str1.1      user.o
    0x08006a5d   0x08006a5d   0x00000003   PAD
    0x08006a60   0x08006a60   0x00000020   Data   RO         1815    Region$$Table       anon$$obj.o


    Execution Region RW_IRAM1 (Exec base: 0x20000000, Load base: 0x08006a80, Size: 0x00001210, Max: 0x00002000, ABSOLUTE, COMPRESSED[0x000000b0])

    Exec Addr    Load Addr    Size         Type   Attr      Idx    E Section Name        Object

    0x20000000   COMPRESSED   0x00000004   Data   RW         1731    .data               mc_p.l(stdout.o)
    0x20000004   COMPRESSED   0x00000004   Data   RW         1743    .data               mc_p.l(errno.o)
    0x20000008   COMPRESSED   0x000000f0   Data   RW         1305    .data.CMD_T         usart.o
    0x200000f8   COMPRESSED   0x00000b40   Data   RW         1350    .data.LSD_CMOS      adc.o
    0x20000c38   COMPRESSED   0x00000004   Data   RW           36    .data.SystemCoreClock  system_gd32e23x.o
    0x20000c3c   COMPRESSED   0x00000001   Data   RW         1306    .data.cmd_num       usart.o
    0x20000c3d   COMPRESSED   0x00000003   PAD
    0x20000c40   COMPRESSED   0x0000001c   Data   RW         1378    .data.fmc_str       flash.o
    0x20000c5c   COMPRESSED   0x00000001   Data   RW         1297    .data.transfersize  usart.o
    0x20000c5d   COMPRESSED   0x00000003   PAD
    0x20000c60        -       0x00000004   Zero   RW         1379    .bss.JumpAddress    flash.o
    0x20000c64        -       0x00000004   Zero   RW         1380    .bss.Jump_To_Application  flash.o
    0x20000c68        -       0x00000008   Zero   RW         1391    .bss.Laser_Init     led_config.o
    0x20000c70        -       0x00000001   Zero   RW         1301    .bss.Rx_flag        usart.o
    0x20000c71   COMPRESSED   0x00000001   PAD
    0x20000c72        -       0x00000002   Zero   RW         1176    .bss.adc_Buf        main.o
    0x20000c74        -       0x00000002   Zero   RW         1332    .bss.adc_Buf_fake   user.o
    0x20000c76        -       0x00000001   Zero   RW         1174    .bss.arount_cnt     main.o
    0x20000c77   COMPRESSED   0x00000001   PAD
    0x20000c78        -       0x00000002   Zero   RW         1327    .bss.cnt            user.o
    0x20000c7a   COMPRESSED   0x00000002   PAD
    0x20000c7c        -       0x00000004   Zero   RW         1220    .bss.delay          systick.o
    0x20000c80        -       0x00000002   Zero   RW         1330    .bss.lsd_index      user.o
    0x20000c82        -       0x00000080   Zero   RW         1175    .bss.p_buf          main.o
    0x20000d02   COMPRESSED   0x00000002   PAD
    0x20000d04        -       0x00000080   Zero   RW         1307    .bss.receiver_buffer  usart.o
    0x20000d84        -       0x00000002   Zero   RW         1300    .bss.rxcount        usart.o
    0x20000d86        -       0x00000001   Zero   RW         1303    .bss.show_flag      usart.o
    0x20000d87   COMPRESSED   0x00000001   PAD
    0x20000d88        -       0x00000004   Zero   RW         1302    .bss.str_to_num     usart.o
    0x20000d8c        -       0x00000080   Zero   RW         1308    .bss.transmitter_buffer  usart.o
    0x20000e0c        -       0x00000001   Zero   RW         1299    .bss.txcount        usart.o
    0x20000e0d   COMPRESSED   0x00000003   PAD
    0x20000e10        -       0x00000400   Zero   RW            1    STACK               startup_gd32e23x.o


==============================================================================

Image component sizes


      Code (inc. data)   RO Data    RW Data    ZI Data      Debug   Object Name

       228          4          0       2880          0       2818   adc.o
       608         24          0          0          0       3091   ds18b20.o
       208         12          0         28          8       2850   flash.o
       616         32          0          0          0       9270   gd32e23x_adc.o
       136          8          0          0          0       3188   gd32e23x_exti.o
       256         24          0          0          0      13004   gd32e23x_fmc.o
       412         24          0          0          0       5550   gd32e23x_gpio.o
        56          4          0          0          0       2040   gd32e23x_it.o
       128         20          0          0          0       3956   gd32e23x_misc.o
       656         52          8          0          0      14327   gd32e23x_rcu.o
       112          4          0          0          0       3144   gd32e23x_syscfg.o
       996         56          0          0          0      21613   gd32e23x_timer.o
       358         24          0          0          0      14196   gd32e23x_usart.o
       104          4          0          0          0       2648   gpio.o
        72         36          0          0          8        799   led_config.o
       280         28          0          0        131       1661   main.o
        28          8        204          0       1024        740   startup_gd32e23x.o
       308         32          0          4          0       2304   system_gd32e23x.o
       128         24          0          0          4       3204   systick.o
       172         16          0          0          0       1877   timer.o
      1992        592        460        242        265      11934   usart.o
      1288        212         85          0          6       5703   user.o

    ----------------------------------------------------------------------
      9156       1240        792       3160       1456     129917   Object Totals
         0          0         32          0          0          0   (incl. Generated)
        14          0          3          6         10          0   (incl. Padding)

    ----------------------------------------------------------------------

      Code (inc. data)   RO Data    RW Data    ZI Data      Debug   Library Member Name

        86          0          0          0          0          0   __dczerorl2.o
        30          0          0          0          0         60   _chval.o
       166          0          0          0          0         84   _strtoul.o
        26          0          0          0          0         72   atoi.o
         8          4        133          0          0         60   ctype_o.o
         0          0          0          0          0          0   entry.o
         0          0          0          0          0          0   entry10a.o
         0          0          0          0          0          0   entry11a.o
         8          4          0          0          0          0   entry2.o
         4          0          0          0          0          0   entry5.o
         0          0          0          0          0          0   entry7b.o
         0          0          0          0          0          0   entry8b.o
         8          4          0          0          0          0   entry9a.o
         8          4          0          4          0         60   errno.o
        30          0          0          0          0          0   handlers.o
        36          8          0          0          0         68   init.o
         0          0          0          0          0          0   iusefp.o
        32          0          0          0          0         68   llshl.o
        38          0          0          0          0         68   llsshr.o
        34          0          0          0          0         68   llushr.o
        36          0          0          0          0         60   memcpya.o
        36          0          0          0          0        100   memseta.o
      2302        102          0          0          0        556   printfa.o
        32          4          0          0          0         68   puts.o
         0          0          0          4          0          0   stdout.o
        20          0          0          0          0         60   strchr.o
        14          0          0          0          0         60   strlen.o
       112          4          0          0          0         76   strtol.o
        62          0          0          0          0         72   uidiv_div0.o
        96          0          0          0          0         84   uldiv.o
        40          2          0          0          0         68   cdrcmple.o
       356          4          0          0          0        140   dadd.o
       240          6          0          0          0         84   ddiv.o
       236          0          0          0          0        216   depilogue.o
        64         10          0          0          0         68   dfixul.o
        40          6          0          0          0         68   dflti.o
       208          6          0          0          0         88   dmul.o
        40          0          0          0          0         60   f2d.o
       178          0          0          0          0        108   fadd.o
        28          0          0          0          0         60   fcmpge.o
        28          0          0          0          0         60   fcmple.o
       130          0          0          0          0        144   fepilogue.o
        50          0          0          0          0         60   ffixi.o
        14          0          0          0          0         68   ffltui.o

    ----------------------------------------------------------------------
      4892        168        136          8          0       3036   Library Totals
        16          0          3          0          0          0   (incl. Padding)

    ----------------------------------------------------------------------

      Code (inc. data)   RO Data    RW Data    ZI Data      Debug   Library Name

      3224        134        133          8          0       1744   mc_p.l
      1652         34          0          0          0       1292   mf_p.l

    ----------------------------------------------------------------------
      4892        168        136          8          0       3036   Library Totals

    ----------------------------------------------------------------------

==============================================================================


      Code (inc. data)   RO Data    RW Data    ZI Data      Debug   

     14048       1408        928       3168       1456     131229   Grand Totals
     14048       1408        928        176       1456     131229   ELF Image Totals (compressed)
     14048       1408        928        176          0          0   ROM Totals

==============================================================================

    Total RO  Size (Code + RO Data)                14976 (  14.63kB)
    Total RW  Size (RW Data + ZI Data)              4624 (   4.52kB)
    Total ROM Size (Code + RO Data + RW Data)      15152 (  14.80kB)

==============================================================================

