Component: ARM Compiler 6.16 Tool: armlink [5dfeaa00]

==============================================================================

Section Cross References

    startup_gd32e23x.o(RESET) refers to startup_gd32e23x.o(STACK) for __initial_sp
    startup_gd32e23x.o(RESET) refers to startup_gd32e23x.o(.text) for Reset_Handler
    startup_gd32e23x.o(RESET) refers to gd32e23x_it.o(.text.NMI_Handler) for NMI_Handler
    startup_gd32e23x.o(RESET) refers to gd32e23x_it.o(.text.HardFault_Handler) for HardFault_Handler
    startup_gd32e23x.o(RESET) refers to gd32e23x_it.o(.text.SVC_Handler) for SVC_Handler
    startup_gd32e23x.o(RESET) refers to gd32e23x_it.o(.text.PendSV_Handler) for PendSV_Handler
    startup_gd32e23x.o(RESET) refers to gd32e23x_it.o(.text.SysTick_Handler) for SysTick_Handler
    startup_gd32e23x.o(RESET) refers to gd32e23x_it.o(.text.EXTI0_1_IRQHandler) for EXTI0_1_IRQHandler
    startup_gd32e23x.o(RESET) refers to usart.o(.text.USART0_IRQHandler) for USART0_IRQHandler
    startup_gd32e23x.o(.text) refers to system_gd32e23x.o(.text.SystemInit) for SystemInit
    startup_gd32e23x.o(.text) refers to entry.o(.ARM.Collect$$$$00000000) for __main
    gd32e230f_start.o(.text.gd_eval_led_init) refers to gd32e23x_rcu.o(.text.rcu_periph_clock_enable) for rcu_periph_clock_enable
    gd32e230f_start.o(.text.gd_eval_led_init) refers to gd32e23x_gpio.o(.text.gpio_mode_set) for gpio_mode_set
    gd32e230f_start.o(.text.gd_eval_led_init) refers to gd32e23x_gpio.o(.text.gpio_output_options_set) for gpio_output_options_set
    gd32e230f_start.o(.text.gd_eval_led_init) refers to gd32e230f_start.o(.rodata.cst8) for [Anonymous Symbol]
    gd32e230f_start.o(.ARM.exidx.text.gd_eval_led_init) refers to gd32e230f_start.o(.text.gd_eval_led_init) for [Anonymous Symbol]
    gd32e230f_start.o(.text.gd_eval_led_on) refers to gd32e230f_start.o(.rodata.cst8) for [Anonymous Symbol]
    gd32e230f_start.o(.ARM.exidx.text.gd_eval_led_on) refers to gd32e230f_start.o(.text.gd_eval_led_on) for [Anonymous Symbol]
    gd32e230f_start.o(.text.gd_eval_led_off) refers to gd32e230f_start.o(.rodata.cst8) for [Anonymous Symbol]
    gd32e230f_start.o(.ARM.exidx.text.gd_eval_led_off) refers to gd32e230f_start.o(.text.gd_eval_led_off) for [Anonymous Symbol]
    gd32e230f_start.o(.text.gd_eval_led_toggle) refers to gd32e230f_start.o(.rodata.cst8) for [Anonymous Symbol]
    gd32e230f_start.o(.ARM.exidx.text.gd_eval_led_toggle) refers to gd32e230f_start.o(.text.gd_eval_led_toggle) for [Anonymous Symbol]
    gd32e230f_start.o(.text.gd_eval_key_init) refers to gd32e23x_rcu.o(.text.rcu_periph_clock_enable) for rcu_periph_clock_enable
    gd32e230f_start.o(.text.gd_eval_key_init) refers to gd32e23x_gpio.o(.text.gpio_mode_set) for gpio_mode_set
    gd32e230f_start.o(.text.gd_eval_key_init) refers to gd32e23x_misc.o(.text.nvic_irq_enable) for nvic_irq_enable
    gd32e230f_start.o(.text.gd_eval_key_init) refers to gd32e23x_syscfg.o(.text.syscfg_exti_line_config) for syscfg_exti_line_config
    gd32e230f_start.o(.text.gd_eval_key_init) refers to gd32e23x_exti.o(.text.exti_init) for exti_init
    gd32e230f_start.o(.text.gd_eval_key_init) refers to gd32e23x_exti.o(.text.exti_interrupt_flag_clear) for exti_interrupt_flag_clear
    gd32e230f_start.o(.ARM.exidx.text.gd_eval_key_init) refers to gd32e230f_start.o(.text.gd_eval_key_init) for [Anonymous Symbol]
    gd32e230f_start.o(.text.gd_eval_key_state_get) refers to gd32e23x_gpio.o(.text.gpio_input_bit_get) for gpio_input_bit_get
    gd32e230f_start.o(.ARM.exidx.text.gd_eval_key_state_get) refers to gd32e230f_start.o(.text.gd_eval_key_state_get) for [Anonymous Symbol]
    system_gd32e23x.o(.text.SystemInit) refers to gd32e23x_misc.o(.text.nvic_vector_table_set) for nvic_vector_table_set
    system_gd32e23x.o(.ARM.exidx.text.SystemInit) refers to system_gd32e23x.o(.text.SystemInit) for [Anonymous Symbol]
    system_gd32e23x.o(.text.SystemCoreClockUpdate) refers to system_gd32e23x.o(.data.SystemCoreClock) for SystemCoreClock
    system_gd32e23x.o(.ARM.exidx.text.SystemCoreClockUpdate) refers to system_gd32e23x.o(.text.SystemCoreClockUpdate) for [Anonymous Symbol]
    gd32e23x_adc.o(.text.adc_deinit) refers to gd32e23x_rcu.o(.text.rcu_periph_reset_enable) for rcu_periph_reset_enable
    gd32e23x_adc.o(.text.adc_deinit) refers to gd32e23x_rcu.o(.text.rcu_periph_reset_disable) for rcu_periph_reset_disable
    gd32e23x_adc.o(.ARM.exidx.text.adc_deinit) refers to gd32e23x_adc.o(.text.adc_deinit) for [Anonymous Symbol]
    gd32e23x_adc.o(.ARM.exidx.text.adc_enable) refers to gd32e23x_adc.o(.text.adc_enable) for [Anonymous Symbol]
    gd32e23x_adc.o(.ARM.exidx.text.adc_disable) refers to gd32e23x_adc.o(.text.adc_disable) for [Anonymous Symbol]
    gd32e23x_adc.o(.ARM.exidx.text.adc_calibration_enable) refers to gd32e23x_adc.o(.text.adc_calibration_enable) for [Anonymous Symbol]
    gd32e23x_adc.o(.ARM.exidx.text.adc_dma_mode_enable) refers to gd32e23x_adc.o(.text.adc_dma_mode_enable) for [Anonymous Symbol]
[...]
    .text                                    0x08003158   Section        0  strlen.o(.text)
    .text                                    0x08003166   Section        0  atoi.o(.text)
    .text                                    0x08003180   Section        0  fadd.o(.text)
    .text                                    0x08003232   Section        0  fcmple.o(.text)
    .text                                    0x0800324e   Section        0  fcmpge.o(.text)
    .text                                    0x0800326a   Section        0  ffltui.o(.text)
    .text                                    0x08003278   Section        0  ffixi.o(.text)
    .text                                    0x080032aa   Section        0  f2d.o(.text)
    .text                                    0x080032d2   Section        0  uldiv.o(.text)
    .text                                    0x08003334   Section        0  strtol.o(.text)
    .text                                    0x080033a4   Section        0  iusefp.o(.text)
    .text                                    0x080033a4   Section        0  fepilogue.o(.text)
    .text                                    0x08003428   Section        0  dadd.o(.text)
    .text                                    0x0800358c   Section        0  dmul.o(.text)
    .text                                    0x0800365c   Section        0  ddiv.o(.text)
    .text                                    0x0800374c   Section        0  dfixul.o(.text)
    .text                                    0x0800378c   Section       40  cdrcmple.o(.text)
    .text                                    0x080037b4   Section       36  init.o(.text)
    .text                                    0x080037d8   Section        0  uidiv_div0.o(.text)
    .text                                    0x08003816   Section        0  llshl.o(.text)
    .text                                    0x08003836   Section        0  llushr.o(.text)
    .text                                    0x08003858   Section        0  llsshr.o(.text)
    .text                                    0x08003880   Section        0  ctype_o.o(.text)
    .text                                    0x08003888   Section        0  _strtoul.o(.text)
    .text                                    0x0800392e   Section        0  depilogue.o(.text)
    .text                                    0x080039ec   Section        0  _chval.o(.text)
    .text                                    0x08003a0a   Section        0  __dczerorl2.o(.text)
    [Anonymous Symbol]                       0x08003a60   Section        0  adc.o(.text.ADC_Init)
    __arm_cp.0_0                             0x08003aec   Number         4  adc.o(.text.ADC_Init)
    [Anonymous Symbol]                       0x08003af0   Section        0  user.o(.text.CMOS_ADC)
    __arm_cp.1_0                             0x08003d80   Number         4  user.o(.text.CMOS_ADC)
    __arm_cp.1_1                             0x08003d84   Number         4  user.o(.text.CMOS_ADC)
    __arm_cp.1_2                             0x08003d88   Number         4  user.o(.text.CMOS_ADC)
    __arm_cp.1_3                             0x08003d8c   Number         4  user.o(.text.CMOS_ADC)
    __arm_cp.1_4                             0x08003d90   Number         4  user.o(.text.CMOS_ADC)
    __arm_cp.1_5                             0x08003d94   Number         4  user.o(.text.CMOS_ADC)
    __arm_cp.1_6                             0x08003d98   Number         4  user.o(.text.CMOS_ADC)
    __arm_cp.1_8                             0x08003da4   Number         4  user.o(.text.CMOS_ADC)
    __arm_cp.1_9                             0x08003da8   Number         4  user.o(.text.CMOS_ADC)
    __arm_cp.1_10                            0x08003dac   Number         4  user.o(.text.CMOS_ADC)
    __arm_cp.1_11                            0x08003db0   Number         4  user.o(.text.CMOS_ADC)
    [Anonymous Symbol]                       0x08003db4   Section        0  user.o(.text.CMOS_CLK)
    __arm_cp.0_1                             0x08003e7c   Number         4  user.o(.text.CMOS_CLK)
    __arm_cp.0_3                             0x08003e80   Number         4  user.o(.text.CMOS_CLK)
    __arm_cp.0_4                             0x08003e84   Number         4  user.o(.text.CMOS_CLK)
    __arm_cp.0_5                             0x08003e88   Number         4  user.o(.text.CMOS_CLK)
    __arm_cp.0_6                             0x08003e8c   Number         4  user.o(.text.CMOS_CLK)
    [Anonymous Symbol]                       0x08003e90   Section        0  user.o(.text.CMOS_DIS)
    __arm_cp.4_0                             0x08003f6c   Number         4  user.o(.text.CMOS_DIS)
    __arm_cp.4_1                             0x08003f70   Number         4  user.o(.text.CMOS_DIS)
    __arm_cp.4_2                             0x08003f74   Number         4  user.o(.text.CMOS_DIS)
    __arm_cp.4_3                             0x08003f78   Number         4  user.o(.text.CMOS_DIS)
    __arm_cp.4_4                             0x08003f7c   Number         4  user.o(.text.CMOS_DIS)
    __arm_cp.4_6                             0x08003f94   Number         4  user.o(.text.CMOS_DIS)
    __arm_cp.4_7                             0x08003f98   Number         4  user.o(.text.CMOS_DIS)
    __arm_cp.4_9                             0x08003fac   Number         4  user.o(.text.CMOS_DIS)
    [Anonymous Symbol]                       0x08003ff8   Section        0  gd32e23x_it.o(.text.EXTI0_1_IRQHandler)
    __arm_cp.9_1                             0x08004020   Number         4  gd32e23x_it.o(.text.EXTI0_1_IRQHandler)
    [Anonymous Symbol]                       0x08004024   Section        0  flash.o(.text.Execute_user_Program)
    __arm_cp.4_0                             0x08004044   Number         4  flash.o(.text.Execute_user_Program)
    __arm_cp.4_1                             0x08004048   Number         4  flash.o(.text.Execute_user_Program)
    [Anonymous Symbol]                       0x0800404c   Section        0  flash.o(.text.FMC_ERASE_PAGE)
    [Anonymous Symbol]                       0x08004072   Section        0  flash.o(.text.FMC_FLASH_Read)
    [Anonymous Symbol]                       0x0800407a   Section        0  flash.o(.text.FMC_FLASH_Write)
    [Anonymous Symbol]                       0x080040a8   Section        0  flash.o(.text.FMC_WRITE_BUFFER)
    __arm_cp.1_0                             0x080040f0   Number         4  flash.o(.text.FMC_WRITE_BUFFER)
    [Anonymous Symbol]                       0x080040f4   Section        0  adc.o(.text.Get_ADC_Value)
    [Anonymous Symbol]                       0x0800411e   Section        0  adc.o(.text.Get_Temp)
    [Anonymous Symbol]                       0x08004148   Section        0  gd32e23x_it.o(.text.HardFault_Handler)
    [Anonymous Symbol]                       0x0800414c   Section        0  usart.o(.text.LASER_ON)
    [Anonymous Symbol]                       0x0800415c   Section        0  led_config.o(.text.Laser_Calibration)
    __arm_cp.0_0                             0x08004180   Number         4  led_config.o(.text.Laser_Calibration)
    __arm_cp.0_1                             0x08004184   Number         4  led_config.o(.text.Laser_Calibration)
    [Anonymous Symbol]                       0x080041a4   Section        0  gd32e23x_it.o(.text.NMI_Handler)
    [Anonymous Symbol]                       0x080041a8   Section        0  timer.o(.text.PWM_timer_config)
    __arm_cp.0_1                             0x08004244   Number         4  timer.o(.text.PWM_timer_config)
    __arm_cp.0_2                             0x08004248   Number         4  timer.o(.text.PWM_timer_config)
    __arm_cp.0_3                             0x0800424c   Number         4  timer.o(.text.PWM_timer_config)
    __arm_cp.0_4                             0x08004250   Number         4  timer.o(.text.PWM_timer_config)
    [Anonymous Symbol]                       0x08004254   Section        0  gd32e23x_it.o(.text.PendSV_Handler)
    [Anonymous Symbol]                       0x08004256   Section        0  gd32e23x_it.o(.text.SVC_Handler)
    [Anonymous Symbol]                       0x08004258   Section        0  gd32e23x_it.o(.text.SysTick_Handler)
    [Anonymous Symbol]                       0x0800425c   Section        0  system_gd32e23x.o(.text.SystemInit)
    __arm_cp.0_0                             0x08004370   Number         4  system_gd32e23x.o(.text.SystemInit)
    __arm_cp.0_1                             0x08004374   Number         4  system_gd32e23x.o(.text.SystemInit)
    __arm_cp.0_2                             0x08004378   Number         4  system_gd32e23x.o(.text.SystemInit)
    __arm_cp.0_3                             0x0800437c   Number         4  system_gd32e23x.o(.text.SystemInit)
    __arm_cp.0_4                             0x08004380   Number         4  system_gd32e23x.o(.text.SystemInit)
    __arm_cp.0_5                             0x08004384   Number         4  system_gd32e23x.o(.text.SystemInit)
    __arm_cp.0_6                             0x08004388   Number         4  system_gd32e23x.o(.text.SystemInit)
    __arm_cp.0_7                             0x0800438c   Number         4  system_gd32e23x.o(.text.SystemInit)
    [Anonymous Symbol]                       0x08004390   Section        0  usart.o(.text.UART_TEST_HANDLE)
    __arm_cp.23_0                            0x0800443c   Number         4  usart.o(.text.UART_TEST_HANDLE)
    __arm_cp.23_1                            0x08004440   Number         4  usart.o(.text.UART_TEST_HANDLE)
    __arm_cp.23_2                            0x08004444   Number         4  usart.o(.text.UART_TEST_HANDLE)
    __arm_cp.23_3                            0x08004448   Number         4  usart.o(.text.UART_TEST_HANDLE)
    __arm_cp.23_4                            0x0800444c   Number         4  usart.o(.text.UART_TEST_HANDLE)
    [Anonymous Symbol]                       0x08004460   Section        0  usart.o(.text.USART0_IRQHandler)
    __arm_cp.25_1                            0x080044cc   Number         4  usart.o(.text.USART0_IRQHandler)
    __arm_cp.25_2                            0x080044d0   Number         4  usart.o(.text.USART0_IRQHandler)
    __arm_cp.25_3                            0x080044d4   Number         4  usart.o(.text.USART0_IRQHandler)
    __arm_cp.25_4                            0x080044d8   Number         4  usart.o(.text.USART0_IRQHandler)
    __arm_cp.25_5                            0x080044dc   Number         4  usart.o(.text.USART0_IRQHandler)
    __arm_cp.25_6                            0x080044e0   Number         4  usart.o(.text.USART0_IRQHandler)
    __arm_cp.25_7                            0x080044e4   Number         4  usart.o(.text.USART0_IRQHandler)
    __arm_cp.25_8                            0x080044e8   Number         4  usart.o(.text.USART0_IRQHandler)
    [Anonymous Symbol]                       0x080044ec   Section        0  usart.o(.text.Usart_GPIO_Init)
    __arm_cp.20_0                            0x0800455c   Number         4  usart.o(.text.Usart_GPIO_Init)
    [Anonymous Symbol]                       0x08004560   Section        0  usart.o(.text.Usart_Init)
    __arm_cp.21_0                            0x080045c0   Number         4  usart.o(.text.Usart_Init)
    __arm_cp.21_1                            0x080045c4   Number         4  usart.o(.text.Usart_Init)
    [Anonymous Symbol]                       0x080045c8   Section        0  usart.o(.text.V_STR_Printf)
    [Anonymous Symbol]                       0x080045e4   Section        0  usart.o(.text._ADCf)
    __arm_cp.1_1                             0x08004624   Number         4  usart.o(.text._ADCf)
    [Anonymous Symbol]                       0x08004634   Section        0  usart.o(.text._DISTf)
    [Anonymous Symbol]                       0x0800464c   Section        0  usart.o(.text._GETOf)
    __arm_cp.11_0                            0x08004660   Number         4  usart.o(.text._GETOf)
    [Anonymous Symbol]                       0x08004670   Section        0  usart.o(.text._LAINf)
    __arm_cp.15_0                            0x08004694   Number         4  usart.o(.text._LAINf)
    __arm_cp.15_1                            0x08004698   Number         4  usart.o(.text._LAINf)
    __arm_cp.15_2                            0x0800469c   Number         4  usart.o(.text._LAINf)
    [Anonymous Symbol]                       0x080046b4   Section        0  usart.o(.text._LAOFf)
    __arm_cp.3_0                             0x080046dc   Number         4  usart.o(.text._LAOFf)
    __arm_cp.3_1                             0x080046e0   Number         4  usart.o(.text._LAOFf)
    [Anonymous Symbol]                       0x080046ec   Section        0  usart.o(.text._LAONf)
    __arm_cp.2_0                             0x0800470c   Number         4  usart.o(.text._LAONf)
    __arm_cp.2_1                             0x08004710   Number         4  usart.o(.text._LAONf)
    __arm_cp.2_2                             0x08004714   Number         4  usart.o(.text._LAONf)
    [Anonymous Symbol]                       0x08004720   Section        0  usart.o(.text._MEOFf)
    __arm_cp.6_0                             0x08004740   Number         4  usart.o(.text._MEOFf)
    __arm_cp.6_1                             0x08004744   Number         4  usart.o(.text._MEOFf)
    [Anonymous Symbol]                       0x08004758   Section        0  usart.o(.text._MEONf)
    __arm_cp.5_0                             0x0800477c   Number         4  usart.o(.text._MEONf)
    __arm_cp.5_1                             0x08004780   Number         4  usart.o(.text._MEONf)
    __arm_cp.5_2                             0x08004784   Number         4  usart.o(.text._MEONf)
    [Anonymous Symbol]                       0x0800479c   Section        0  usart.o(.text._RDFLf)
    __arm_cp.8_0                             0x080047d0   Number         4  usart.o(.text._RDFLf)
    __arm_cp.8_1                             0x080047d4   Number         4  usart.o(.text._RDFLf)
    [Anonymous Symbol]                       0x080047e0   Section        0  usart.o(.text._RPWMf)
    __arm_cp.13_0                            0x080047f4   Number         4  usart.o(.text._RPWMf)
    [Anonymous Symbol]                       0x08004804   Section        0  usart.o(.text._SETEf)
    __arm_cp.18_0                            0x08004838   Number         4  usart.o(.text._SETEf)
    [Anonymous Symbol]                       0x08004840   Section        0  usart.o(.text._SETOf)
    [Anonymous Symbol]                       0x0800485c   Section        0  usart.o(.text._SETPf)
    __arm_cp.7_0                             0x080048bc   Number         4  usart.o(.text._SETPf)
    __arm_cp.7_1                             0x080048c0   Number         4  usart.o(.text._SETPf)
    __arm_cp.7_2                             0x080048c4   Number         4  usart.o(.text._SETPf)
    __arm_cp.7_3                             0x080048c8   Number         4  usart.o(.text._SETPf)
    __arm_cp.7_4                             0x080048cc   Number         4  usart.o(.text._SETPf)
    __arm_cp.7_6                             0x080048e0   Number         4  usart.o(.text._SETPf)
    [Anonymous Symbol]                       0x080048e4   Section        0  usart.o(.text._SHOWf)
    __arm_cp.12_0                            0x08004904   Number         4  usart.o(.text._SHOWf)
    __arm_cp.12_2                            0x08004908   Number         4  usart.o(.text._SHOWf)
    [Anonymous Symbol]                       0x0800490c   Section        0  usart.o(.text._TEMPf)
    [Anonymous Symbol]                       0x0800492c   Section        0  usart.o(.text._UPDTf)
    [Anonymous Symbol]                       0x0800493c   Section        0  usart.o(.text._WPWMf)
    __arm_cp.14_1                            0x08004974   Number         4  usart.o(.text._WPWMf)
    __arm_cp.14_2                            0x08004978   Number         4  usart.o(.text._WPWMf)
    [Anonymous Symbol]                       0x0800497c   Section        0  usart.o(.text._WRFLf)
    __arm_cp.9_0                             0x080049a8   Number         4  usart.o(.text._WRFLf)
    __arm_cp.9_1                             0x080049ac   Number         4  usart.o(.text._WRFLf)
    __arm_cp.9_2                             0x080049b0   Number         4  usart.o(.text._WRFLf)
    [Anonymous Symbol]                       0x080049b4   Section        0  usart.o(.text._helpf)
    __arm_cp.0_0                             0x08004a28   Number         4  usart.o(.text._helpf)
    __arm_cp.0_1                             0x08004a2c   Number         4  usart.o(.text._helpf)
    __arm_cp.0_2                             0x08004a30   Number         4  usart.o(.text._helpf)
    __arm_cp.0_3                             0x08004a34   Number         4  usart.o(.text._helpf)
    __arm_cp.0_4                             0x08004a38   Number         4  usart.o(.text._helpf)
    __arm_cp.0_5                             0x08004a3c   Number         4  usart.o(.text._helpf)
    __arm_cp.0_6                             0x08004a40   Number         4  usart.o(.text._helpf)
    __arm_cp.0_7                             0x08004a44   Number         4  usart.o(.text._helpf)
    __arm_cp.0_8                             0x08004a48   Number         4  usart.o(.text._helpf)
    __arm_cp.0_9                             0x08004a4c   Number         4  usart.o(.text._helpf)
    __arm_cp.0_15                            0x08004ac0   Number         4  usart.o(.text._helpf)
    [Anonymous Symbol]                       0x08004aec   Section        0  gd32e23x_adc.o(.text.adc_calibration_enable)
    [Anonymous Symbol]                       0x08004b0c   Section        0  gd32e23x_adc.o(.text.adc_channel_length_config)
    __arm_cp.11_0                            0x08004b48   Number         4  gd32e23x_adc.o(.text.adc_channel_length_config)
    [Anonymous Symbol]                       0x08004b4c   Section        0  gd32e23x_adc.o(.text.adc_data_alignment_config)
    [Anonymous Symbol]                       0x08004b64   Section        0  gd32e23x_adc.o(.text.adc_enable)
    [Anonymous Symbol]                       0x08004b78   Section        0  gd32e23x_adc.o(.text.adc_external_trigger_config)
    [Anonymous Symbol]                       0x08004bc0   Section        0  gd32e23x_adc.o(.text.adc_external_trigger_source_config)
    __arm_cp.16_0                            0x08004be0   Number         4  gd32e23x_adc.o(.text.adc_external_trigger_source_config)
    __arm_cp.16_1                            0x08004be4   Number         4  gd32e23x_adc.o(.text.adc_external_trigger_source_config)
    [Anonymous Symbol]                       0x08004be8   Section        0  gd32e23x_adc.o(.text.adc_flag_clear)
    [Anonymous Symbol]                       0x08004bf4   Section        0  gd32e23x_adc.o(.text.adc_flag_get)
    __arm_cp.20_0                            0x08004c04   Number         4  gd32e23x_adc.o(.text.adc_flag_get)
    [Anonymous Symbol]                       0x08004c08   Section        0  gd32e23x_adc.o(.text.adc_regular_channel_config)
    __arm_cp.12_0                            0x08004c90   Number         4  gd32e23x_adc.o(.text.adc_regular_channel_config)
    [Anonymous Symbol]                       0x08004c94   Section        0  gd32e23x_adc.o(.text.adc_regular_data_read)
    __arm_cp.18_0                            0x08004c9c   Number         4  gd32e23x_adc.o(.text.adc_regular_data_read)
    [Anonymous Symbol]                       0x08004ca0   Section        0  gd32e23x_adc.o(.text.adc_resolution_config)
    [Anonymous Symbol]                       0x08004cb4   Section        0  gd32e23x_adc.o(.text.adc_software_trigger_enable)
    __arm_cp.17_0                            0x08004cdc   Number         4  gd32e23x_adc.o(.text.adc_software_trigger_enable)
    [Anonymous Symbol]                       0x08004ce0   Section        0  gd32e23x_adc.o(.text.adc_special_function_config)
    __arm_cp.9_0                             0x08004d50   Number         4  gd32e23x_adc.o(.text.adc_special_function_config)
    [Anonymous Symbol]                       0x08004d54   Section        0  systick.o(.text.delay_1ms)
    [Anonymous Symbol]                       0x08004d68   Section        0  systick.o(.text.delay_decrement)
    __arm_cp.3_0                             0x08004d78   Number         4  systick.o(.text.delay_decrement)
    [Anonymous Symbol]                       0x08004d7c   Section        0  gd32e23x_exti.o(.text.exti_init)
    __arm_cp.1_0                             0x08004de4   Number         4  gd32e23x_exti.o(.text.exti_init)
    [Anonymous Symbol]                       0x08004de8   Section        0  gd32e23x_exti.o(.text.exti_interrupt_flag_clear)
    [Anonymous Symbol]                       0x08004df0   Section        0  gd32e23x_exti.o(.text.exti_interrupt_flag_get)
    __arm_cp.10_0                            0x08004e00   Number         4  gd32e23x_exti.o(.text.exti_interrupt_flag_get)
    [Anonymous Symbol]                       0x08004e04   Section        0  gd32e23x_fmc.o(.text.fmc_flag_clear)
    [Anonymous Symbol]                       0x08004e0c   Section        0  gd32e23x_fmc.o(.text.fmc_lock)
    __arm_cp.1_0                             0x08004e18   Number         4  gd32e23x_fmc.o(.text.fmc_lock)
    [Anonymous Symbol]                       0x08004e1c   Section        0  gd32e23x_fmc.o(.text.fmc_page_erase)
    [Anonymous Symbol]                       0x08004e80   Section        0  gd32e23x_fmc.o(.text.fmc_unlock)
    __arm_cp.0_0                             0x08004e94   Number         4  gd32e23x_fmc.o(.text.fmc_unlock)
    __arm_cp.0_1                             0x08004e98   Number         4  gd32e23x_fmc.o(.text.fmc_unlock)
    __arm_cp.0_2                             0x08004e9c   Number         4  gd32e23x_fmc.o(.text.fmc_unlock)
    [Anonymous Symbol]                       0x08004ea0   Section        0  gd32e23x_fmc.o(.text.fmc_word_program)
    __arm_cp.9_0                             0x08004efc   Number         4  gd32e23x_fmc.o(.text.fmc_word_program)
    __arm_cp.9_1                             0x08004f00   Number         4  gd32e23x_fmc.o(.text.fmc_word_program)
    [Anonymous Symbol]                       0x08004f04   Section        0  usart.o(.text.fputc)
    __arm_cp.19_0                            0x08004f24   Number         4  usart.o(.text.fputc)
    __arm_cp.19_1                            0x08004f28   Number         4  usart.o(.text.fputc)
    [Anonymous Symbol]                       0x08004f2c   Section        0  gd32e23x_gpio.o(.text.gpio_af_set)
    __arm_cp.11_0                            0x08005010   Number         4  gd32e23x_gpio.o(.text.gpio_af_set)
    __arm_cp.11_1                            0x08005014   Number         4  gd32e23x_gpio.o(.text.gpio_af_set)
    __arm_cp.11_2                            0x08005018   Number         4  gd32e23x_gpio.o(.text.gpio_af_set)
    __arm_cp.11_3                            0x0800501c   Number         4  gd32e23x_gpio.o(.text.gpio_af_set)
    __arm_cp.11_4                            0x08005020   Number         4  gd32e23x_gpio.o(.text.gpio_af_set)
    __arm_cp.11_5                            0x08005024   Number         4  gd32e23x_gpio.o(.text.gpio_af_set)
    [Anonymous Symbol]                       0x08005028   Section        0  gd32e23x_gpio.o(.text.gpio_bit_write)
    [Anonymous Symbol]                       0x08005038   Section        0  gpio.o(.text.gpio_config)
    __arm_cp.0_0                             0x0800509c   Number         4  gpio.o(.text.gpio_config)
    [Anonymous Symbol]                       0x080050a0   Section        0  gd32e23x_gpio.o(.text.gpio_mode_set)
    [Anonymous Symbol]                       0x080050e2   Section        0  gd32e23x_gpio.o(.text.gpio_output_options_set)
    [Anonymous Symbol]                       0x08005128   Section        0  main.o(.text.main)
    __arm_cp.0_0                             0x08005220   Number         4  main.o(.text.main)
    __arm_cp.0_1                             0x08005224   Number         4  main.o(.text.main)
    __arm_cp.0_2                             0x08005228   Number         4  main.o(.text.main)
    __arm_cp.0_3                             0x0800522c   Number         4  main.o(.text.main)
    __arm_cp.0_4                             0x08005230   Number         4  main.o(.text.main)
    __arm_cp.0_5                             0x08005234   Number         4  main.o(.text.main)
    __arm_cp.0_6                             0x08005238   Number         4  main.o(.text.main)
    [Anonymous Symbol]                       0x0800523c   Section        0  gd32e23x_misc.o(.text.nvic_irq_enable)
    __arm_cp.0_0                             0x08005298   Number         4  gd32e23x_misc.o(.text.nvic_irq_enable)
    __arm_cp.0_1                             0x0800529c   Number         4  gd32e23x_misc.o(.text.nvic_irq_enable)
    __arm_cp.0_2                             0x080052a0   Number         4  gd32e23x_misc.o(.text.nvic_irq_enable)
    [Anonymous Symbol]                       0x080052a4   Section        0  gd32e23x_misc.o(.text.nvic_vector_table_set)
    __arm_cp.3_0                             0x080052b4   Number         4  gd32e23x_misc.o(.text.nvic_vector_table_set)
    __arm_cp.3_1                             0x080052b8   Number         4  gd32e23x_misc.o(.text.nvic_vector_table_set)
    [Anonymous Symbol]                       0x080052bc   Section        0  gd32e23x_rcu.o(.text.rcu_adc_clock_config)
    __arm_cp.14_0                            0x08005384   Number         4  gd32e23x_rcu.o(.text.rcu_adc_clock_config)
    __arm_cp.14_1                            0x08005388   Number         4  gd32e23x_rcu.o(.text.rcu_adc_clock_config)
    [Anonymous Symbol]                       0x0800538c   Section        0  gd32e23x_rcu.o(.text.rcu_clock_freq_get)
    __arm_cp.33_0                            0x080054e4   Number         4  gd32e23x_rcu.o(.text.rcu_clock_freq_get)
    __arm_cp.33_1                            0x080054e8   Number         4  gd32e23x_rcu.o(.text.rcu_clock_freq_get)
    __arm_cp.33_2                            0x080054ec   Number         4  gd32e23x_rcu.o(.text.rcu_clock_freq_get)
    __arm_cp.33_4                            0x08005500   Number         4  gd32e23x_rcu.o(.text.rcu_clock_freq_get)
    __arm_cp.33_5                            0x08005504   Number         4  gd32e23x_rcu.o(.text.rcu_clock_freq_get)
    __arm_cp.33_6                            0x08005508   Number         4  gd32e23x_rcu.o(.text.rcu_clock_freq_get)
    [Anonymous Symbol]                       0x0800550c   Section        0  gd32e23x_rcu.o(.text.rcu_periph_clock_enable)
    [Anonymous Symbol]                       0x08005520   Section        0  gd32e23x_rcu.o(.text.rcu_periph_reset_disable)
    [Anonymous Symbol]                       0x08005534   Section        0  gd32e23x_rcu.o(.text.rcu_periph_reset_enable)
    __arm_cp.5_0                             0x08005548   Number         4  gd32e23x_rcu.o(.text.rcu_periph_reset_enable)
    [Anonymous Symbol]                       0x0800554c   Section        0  gd32e23x_syscfg.o(.text.syscfg_exti_line_config)
    __arm_cp.5_0                             0x080055b8   Number         4  gd32e23x_syscfg.o(.text.syscfg_exti_line_config)
    [Anonymous Symbol]                       0x080055bc   Section        0  systick.o(.text.systick_config)
    __arm_cp.0_0                             0x080055f4   Number         4  systick.o(.text.systick_config)
    __arm_cp.0_1                             0x080055f8   Number         4  systick.o(.text.systick_config)
    __arm_cp.0_2                             0x080055fc   Number         4  systick.o(.text.systick_config)
    __arm_cp.0_3                             0x08005600   Number         4  systick.o(.text.systick_config)
    __arm_cp.0_4                             0x08005604   Number         4  systick.o(.text.systick_config)
    [Anonymous Symbol]                       0x08005608   Section        0  gd32e23x_timer.o(.text.timer_channel_output_config)
    __arm_cp.42_0                            0x08005828   Number         4  gd32e23x_timer.o(.text.timer_channel_output_config)
    __arm_cp.42_3                            0x0800582c   Number         4  gd32e23x_timer.o(.text.timer_channel_output_config)
    [Anonymous Symbol]                       0x08005830   Section        0  gd32e23x_timer.o(.text.timer_channel_output_mode_config)
    [Anonymous Symbol]                       0x0800588c   Section        0  gd32e23x_timer.o(.text.timer_channel_output_pulse_value_config)
    [Anonymous Symbol]                       0x08005898   Section        0  gd32e23x_timer.o(.text.timer_deinit)
    __arm_cp.0_0                             0x080058fc   Number         4  gd32e23x_timer.o(.text.timer_deinit)
    __arm_cp.0_1                             0x08005900   Number         4  gd32e23x_timer.o(.text.timer_deinit)
    __arm_cp.0_2                             0x08005904   Number         4  gd32e23x_timer.o(.text.timer_deinit)
    __arm_cp.0_8                             0x08005908   Number         4  gd32e23x_timer.o(.text.timer_deinit)
    [Anonymous Symbol]                       0x0800590c   Section        0  gd32e23x_timer.o(.text.timer_enable)
    [Anonymous Symbol]                       0x08005918   Section        0  gd32e23x_timer.o(.text.timer_init)
    __arm_cp.2_0                             0x080059a8   Number         4  gd32e23x_timer.o(.text.timer_init)
    __arm_cp.2_1                             0x080059ac   Number         4  gd32e23x_timer.o(.text.timer_init)
    __arm_cp.2_2                             0x080059b0   Number         4  gd32e23x_timer.o(.text.timer_init)
    __arm_cp.2_3                             0x080059b4   Number         4  gd32e23x_timer.o(.text.timer_init)
    __arm_cp.2_4                             0x080059b8   Number         4  gd32e23x_timer.o(.text.timer_init)
    __arm_cp.2_5                             0x080059bc   Number         4  gd32e23x_timer.o(.text.timer_init)
    __arm_cp.2_6                             0x080059c0   Number         4  gd32e23x_timer.o(.text.timer_init)
    __arm_cp.2_7                             0x080059c4   Number         4  gd32e23x_timer.o(.text.timer_init)
    [Anonymous Symbol]                       0x080059c8   Section        0  gd32e23x_timer.o(.text.timer_prescaler_config)
    [Anonymous Symbol]                       0x080059d8   Section        0  gd32e23x_timer.o(.text.timer_primary_output_config)
    [Anonymous Symbol]                       0x080059f0   Section        0  gd32e23x_usart.o(.text.usart_baudrate_set)
    __arm_cp.1_2                             0x08005a3c   Number         4  gd32e23x_usart.o(.text.usart_baudrate_set)
    [Anonymous Symbol]                       0x08005a40   Section        0  gd32e23x_usart.o(.text.usart_data_receive)
    [Anonymous Symbol]                       0x08005a48   Section        0  gd32e23x_usart.o(.text.usart_data_transmit)
    __arm_cp.18_0                            0x08005a50   Number         4  gd32e23x_usart.o(.text.usart_data_transmit)
    [Anonymous Symbol]                       0x08005a54   Section        0  gd32e23x_usart.o(.text.usart_deinit)
    __arm_cp.0_0                             0x08005a7c   Number         4  gd32e23x_usart.o(.text.usart_deinit)
    __arm_cp.0_1                             0x08005a80   Number         4  gd32e23x_usart.o(.text.usart_deinit)
    __arm_cp.0_2                             0x08005a84   Number         4  gd32e23x_usart.o(.text.usart_deinit)
    __arm_cp.0_3                             0x08005a88   Number         4  gd32e23x_usart.o(.text.usart_deinit)
    [Anonymous Symbol]                       0x08005a8c   Section        0  gd32e23x_usart.o(.text.usart_enable)
    [Anonymous Symbol]                       0x08005a96   Section        0  gd32e23x_usart.o(.text.usart_flag_get)
    [Anonymous Symbol]                       0x08005aa6   Section        0  gd32e23x_usart.o(.text.usart_interrupt_disable)
    [Anonymous Symbol]                       0x08005ab8   Section        0  gd32e23x_usart.o(.text.usart_interrupt_enable)
    [Anonymous Symbol]                       0x08005aca   Section        0  gd32e23x_usart.o(.text.usart_interrupt_flag_get)
    [Anonymous Symbol]                       0x08005ae8   Section        0  gd32e23x_usart.o(.text.usart_parity_config)
    [Anonymous Symbol]                       0x08005b02   Section        0  gd32e23x_usart.o(.text.usart_receive_config)
    [Anonymous Symbol]                       0x08005b12   Section        0  gd32e23x_usart.o(.text.usart_stop_bit_set)
    [Anonymous Symbol]                       0x08005b2c   Section        0  gd32e23x_usart.o(.text.usart_transmit_config)
    [Anonymous Symbol]                       0x08005b3c   Section        0  gd32e23x_usart.o(.text.usart_word_length_set)
    i.__0printf                              0x08005b58   Section        0  printfa.o(i.__0printf)
    i.__0sprintf                             0x08005b78   Section        0  printfa.o(i.__0sprintf)
    i.__ARM_clz                              0x08005ba0   Section        0  depilogue.o(i.__ARM_clz)
    i.__aeabi_errno_addr                     0x08005bd0   Section        0  errno.o(i.__aeabi_errno_addr)
    i.__scatterload_copy                     0x08005bd8   Section       14  handlers.o(i.__scatterload_copy)
    i.__scatterload_null                     0x08005be6   Section        2  handlers.o(i.__scatterload_null)
    i.__scatterload_zeroinit                 0x08005be8   Section       14  handlers.o(i.__scatterload_zeroinit)
    _fp_digits                               0x08005bf9   Thumb Code   344  printfa.o(i._fp_digits)
    i._fp_digits                             0x08005bf8   Section        0  printfa.o(i._fp_digits)
    _printf_core                             0x08005d6d   Thumb Code  1754  printfa.o(i._printf_core)
    i._printf_core                           0x08005d6c   Section        0  printfa.o(i._printf_core)
    _printf_post_padding                     0x08006459   Thumb Code    32  printfa.o(i._printf_post_padding)
    i._printf_post_padding                   0x08006458   Section        0  printfa.o(i._printf_post_padding)
    _printf_pre_padding                      0x08006479   Thumb Code    44  printfa.o(i._printf_pre_padding)
    i._printf_pre_padding                    0x08006478   Section        0  printfa.o(i._printf_pre_padding)
    _sputc                                   0x080064a5   Thumb Code    10  printfa.o(i._sputc)
    i._sputc                                 0x080064a4   Section        0  printfa.o(i._sputc)
    i.puts                                   0x080064b0   Section        0  puts.o(i.puts)
    .constdata                               0x080064d0   Section      129  ctype_o.o(.constdata)
    table                                    0x08006554   Data           4  ctype_o.o(.constdata)
    .constdata                               0x08006554   Section        4  ctype_o.o(.constdata)
    [Anonymous Symbol]                       0x08006558   Section        0  gd32e23x_rcu.o(.rodata.cst8)
    [Anonymous Symbol]                       0x08006560   Section        0  usart.o(.rodata.str1.1)
    [Anonymous Symbol]                       0x0800670e   Section        0  user.o(.rodata.str1.1)
    .data                                    0x20000000   Section        4  stdout.o(.data)
    _errno                                   0x20000004   Data           4  errno.o(.data)
    .data                                    0x20000004   Section        4  errno.o(.data)
    delay                                    0x20000c74   Data           4  systick.o(.bss.delay)
    [Anonymous Symbol]                       0x20000c74   Section        0  systick.o(.bss.delay)
    STACK                                    0x20000e08   Section     1024  startup_gd32e23x.o(STACK)

    Global Symbols

    Symbol Name                              Value     Ov Type        Size  Object(Section)

    BuildAttributes$$THM_ISAv3M$S$8M$PE$A:L22$X:L11$S22$IEEE1$IW$~IW$USESV6$~STKCKD$USESV7$~SHL$OTIME$ROPI$EBA8$MICROLIB$REQ8$PRES8$EABIv2 0x00000000   Number         0  anon$$obj.o ABSOLUTE
    _printf_a                                0x00000000   Number         0  printfstubs.o ABSOLUTE
    _printf_c                                0x00000000   Number         0  printfstubs.o ABSOLUTE
    _printf_charcount                        0x00000000   Number         0  printfstubs.o ABSOLUTE
    _printf_d                                0x00000000   Number         0  printfstubs.o ABSOLUTE
    _printf_e                                0x00000000   Number         0  printfstubs.o ABSOLUTE
    _printf_f                                0x00000000   Number         0  printfstubs.o ABSOLUTE
    _printf_flags                            0x00000000   Number         0  printfstubs.o ABSOLUTE
    _printf_fp_dec                           0x00000000   Number         0  printfstubs.o ABSOLUTE
    _printf_fp_hex                           0x00000000   Number         0  printfstubs.o ABSOLUTE
    _printf_g                                0x00000000   Number         0  printfstubs.o ABSOLUTE
    _printf_i                                0x00000000   Number         0  printfstubs.o ABSOLUTE
    _printf_int_dec                          0x00000000   Number         0  printfstubs.o ABSOLUTE
    _printf_l                                0x00000000   Number         0  printfstubs.o ABSOLUTE
    _printf_lc                               0x00000000   Number         0  printfstubs.o ABSOLUTE
    _printf_ll                               0x00000000   Number         0  printfstubs.o ABSOLUTE
    _printf_lld                              0x00000000   Number         0  printfstubs.o ABSOLUTE
    _printf_lli                              0x00000000   Number         0  printfstubs.o ABSOLUTE
    _printf_llo                              0x00000000   Number         0  printfstubs.o ABSOLUTE
    _printf_llu                              0x00000000   Number         0  printfstubs.o ABSOLUTE
    _printf_llx                              0x00000000   Number         0  printfstubs.o ABSOLUTE
    _printf_longlong_dec                     0x00000000   Number         0  printfstubs.o ABSOLUTE
    _printf_longlong_hex                     0x00000000   Number         0  printfstubs.o ABSOLUTE
    _printf_longlong_oct                     0x00000000   Number         0  printfstubs.o ABSOLUTE
    _printf_ls                               0x00000000   Number         0  printfstubs.o ABSOLUTE
    _printf_mbtowc                           0x00000000   Number         0  printfstubs.o ABSOLUTE
    _printf_n                                0x00000000   Number         0  printfstubs.o ABSOLUTE
    _printf_o                                0x00000000   Number         0  printfstubs.o ABSOLUTE
    _printf_p                                0x00000000   Number         0  printfstubs.o ABSOLUTE
    _printf_percent                          0x00000000   Number         0  printfstubs.o ABSOLUTE
    _printf_pre_padding                      0x00000000   Number         0  printfstubs.o ABSOLUTE
    _printf_return_value                     0x00000000   Number         0  printfstubs.o ABSOLUTE
    _printf_s                                0x00000000   Number         0  printfstubs.o ABSOLUTE
    _printf_sizespec                         0x00000000   Number         0  printfstubs.o ABSOLUTE
    _printf_str                              0x00000000   Number         0  printfstubs.o ABSOLUTE
    _printf_truncate_signed                  0x00000000   Number         0  printfstubs.o ABSOLUTE
    _printf_truncate_unsigned                0x00000000   Number         0  printfstubs.o ABSOLUTE
    _printf_u                                0x00000000   Number         0  printfstubs.o ABSOLUTE
    _printf_wc                               0x00000000   Number         0  printfstubs.o ABSOLUTE
    _printf_wctomb                           0x00000000   Number         0  printfstubs.o ABSOLUTE
    _printf_widthprec                        0x00000000   Number         0  printfstubs.o ABSOLUTE
    _printf_x                                0x00000000   Number         0  printfstubs.o ABSOLUTE
    __cpp_initialize__aeabi_                  - Undefined Weak Reference
    __cxa_finalize                            - Undefined Weak Reference
    _clock_init                               - Undefined Weak Reference
    _microlib_exit                            - Undefined Weak Reference
    __Vectors_Size                           0x000000cc   Number         0  startup_gd32e23x.o ABSOLUTE
    __Vectors                                0x08003000   Data           4  startup_gd32e23x.o(RESET)
    __Vectors_End                            0x080030cc   Data           0  startup_gd32e23x.o(RESET)
    __main                                   0x080030cd   Thumb Code     0  entry.o(.ARM.Collect$$$$00000000)
    _main_stk                                0x080030cd   Thumb Code     0  entry2.o(.ARM.Collect$$$$00000001)
    _main_scatterload                        0x080030d1   Thumb Code     0  entry5.o(.ARM.Collect$$$$00000004)
    __main_after_scatterload                 0x080030d5   Thumb Code     0  entry5.o(.ARM.Collect$$$$00000004)
    _main_clock                              0x080030d5   Thumb Code     0  entry7b.o(.ARM.Collect$$$$00000008)
    _main_cpp_init                           0x080030d5   Thumb Code     0  entry8b.o(.ARM.Collect$$$$0000000A)
    _main_init                               0x080030d5   Thumb Code     0  entry9a.o(.ARM.Collect$$$$0000000B)
    __rt_final_cpp                           0x080030dd   Thumb Code     0  entry10a.o(.ARM.Collect$$$$0000000D)
    __rt_final_exit                          0x080030dd   Thumb Code     0  entry11a.o(.ARM.Collect$$$$0000000F)
    Reset_Handler                            0x080030e1   Thumb Code     8  startup_gd32e23x.o(.text)
    ADC_CMP_IRQHandler                       0x080030f3   Thumb Code     0  startup_gd32e23x.o(.text)
    DMA_Channel0_IRQHandler                  0x080030f3   Thumb Code     0  startup_gd32e23x.o(.text)
    DMA_Channel1_2_IRQHandler                0x080030f3   Thumb Code     0  startup_gd32e23x.o(.text)
    DMA_Channel3_4_IRQHandler                0x080030f3   Thumb Code     0  startup_gd32e23x.o(.text)
    EXTI2_3_IRQHandler                       0x080030f3   Thumb Code     0  startup_gd32e23x.o(.text)
    EXTI4_15_IRQHandler                      0x080030f3   Thumb Code     0  startup_gd32e23x.o(.text)
    FMC_IRQHandler                           0x080030f3   Thumb Code     0  startup_gd32e23x.o(.text)
    I2C0_ER_IRQHandler                       0x080030f3   Thumb Code     0  startup_gd32e23x.o(.text)
    I2C0_EV_IRQHandler                       0x080030f3   Thumb Code     0  startup_gd32e23x.o(.text)
    I2C1_ER_IRQHandler                       0x080030f3   Thumb Code     0  startup_gd32e23x.o(.text)
    I2C1_EV_IRQHandler                       0x080030f3   Thumb Code     0  startup_gd32e23x.o(.text)
    LVD_IRQHandler                           0x080030f3   Thumb Code     0  startup_gd32e23x.o(.text)
    RCU_IRQHandler                           0x080030f3   Thumb Code     0  startup_gd32e23x.o(.text)
    RTC_IRQHandler                           0x080030f3   Thumb Code     0  startup_gd32e23x.o(.text)
    SPI0_IRQHandler                          0x080030f3   Thumb Code     0  startup_gd32e23x.o(.text)
    SPI1_IRQHandler                          0x080030f3   Thumb Code     0  startup_gd32e23x.o(.text)
    TIMER0_BRK_UP_TRG_COM_IRQHandler         0x080030f3   Thumb Code     0  startup_gd32e23x.o(.text)
    TIMER0_Channel_IRQHandler                0x080030f3   Thumb Code     0  startup_gd32e23x.o(.text)
    TIMER13_IRQHandler                       0x080030f3   Thumb Code     0  startup_gd32e23x.o(.text)
    TIMER14_IRQHandler                       0x080030f3   Thumb Code     0  startup_gd32e23x.o(.text)
    TIMER15_IRQHandler                       0x080030f3   Thumb Code     0  startup_gd32e23x.o(.text)
    TIMER16_IRQHandler                       0x080030f3   Thumb Code     0  startup_gd32e23x.o(.text)
    TIMER2_IRQHandler                        0x080030f3   Thumb Code     0  startup_gd32e23x.o(.text)
    TIMER5_IRQHandler                        0x080030f3   Thumb Code     0  startup_gd32e23x.o(.text)
    USART1_IRQHandler                        0x080030f3   Thumb Code     0  startup_gd32e23x.o(.text)
    WWDGT_IRQHandler                         0x080030f3   Thumb Code     0  startup_gd32e23x.o(.text)
    __aeabi_memcpy                           0x080030fd   Thumb Code    36  memcpya.o(.text)
    __aeabi_memcpy4                          0x080030fd   Thumb Code     0  memcpya.o(.text)
    __aeabi_memcpy8                          0x080030fd   Thumb Code     0  memcpya.o(.text)
    __aeabi_memset                           0x08003121   Thumb Code    14  memseta.o(.text)
    __aeabi_memset4                          0x08003121   Thumb Code     0  memseta.o(.text)
    __aeabi_memset8                          0x08003121   Thumb Code     0  memseta.o(.text)
    __aeabi_memclr                           0x0800312f   Thumb Code     4  memseta.o(.text)
    __aeabi_memclr4                          0x0800312f   Thumb Code     0  memseta.o(.text)
    __aeabi_memclr8                          0x0800312f   Thumb Code     0  memseta.o(.text)
    _memset$wrapper                          0x08003133   Thumb Code    18  memseta.o(.text)
    strchr                                   0x08003145   Thumb Code    20  strchr.o(.text)
    strlen                                   0x08003159   Thumb Code    14  strlen.o(.text)
    atoi                                     0x08003167   Thumb Code    26  atoi.o(.text)
    __aeabi_fadd                             0x08003181   Thumb Code   162  fadd.o(.text)
    __aeabi_fsub                             0x08003223   Thumb Code     8  fadd.o(.text)
    __aeabi_frsub                            0x0800322b   Thumb Code     8  fadd.o(.text)
    __aeabi_fcmple                           0x08003233   Thumb Code    28  fcmple.o(.text)
    __aeabi_fcmpge                           0x0800324f   Thumb Code    28  fcmpge.o(.text)
    __aeabi_ui2f                             0x0800326b   Thumb Code    14  ffltui.o(.text)
    __aeabi_f2iz                             0x08003279   Thumb Code    50  ffixi.o(.text)
    __aeabi_f2d                              0x080032ab   Thumb Code    40  f2d.o(.text)
    __aeabi_uldivmod                         0x080032d3   Thumb Code    96  uldiv.o(.text)
    strtol                                   0x08003335   Thumb Code   108  strtol.o(.text)
    __I$use$fp                               0x080033a5   Thumb Code     0  iusefp.o(.text)
    _float_round                             0x080033a5   Thumb Code    16  fepilogue.o(.text)
    _float_epilogue                          0x080033b5   Thumb Code   114  fepilogue.o(.text)
    __aeabi_dadd                             0x08003429   Thumb Code   328  dadd.o(.text)
    __aeabi_dsub                             0x08003571   Thumb Code    12  dadd.o(.text)
    __aeabi_drsub                            0x0800357d   Thumb Code    12  dadd.o(.text)
    __aeabi_dmul                             0x0800358d   Thumb Code   202  dmul.o(.text)
    __aeabi_ddiv                             0x0800365d   Thumb Code   234  ddiv.o(.text)
    __aeabi_d2ulz                            0x0800374d   Thumb Code    54  dfixul.o(.text)
    __aeabi_cdrcmple                         0x0800378d   Thumb Code    38  cdrcmple.o(.text)
    __scatterload                            0x080037b5   Thumb Code    28  init.o(.text)
    __scatterload_rt2                        0x080037b5   Thumb Code     0  init.o(.text)
    __aeabi_uidiv$div0                       0x080037d9   Thumb Code     0  uidiv_div0.o(.text)
    __aeabi_uidivmod                         0x080037d9   Thumb Code    62  uidiv_div0.o(.text)
    __aeabi_llsl                             0x08003817   Thumb Code    32  llshl.o(.text)
    _ll_shift_l                              0x08003817   Thumb Code     0  llshl.o(.text)
    __aeabi_llsr                             0x08003837   Thumb Code    34  llushr.o(.text)
    _ll_ushift_r                             0x08003837   Thumb Code     0  llushr.o(.text)
    __aeabi_lasr                             0x08003859   Thumb Code    38  llsshr.o(.text)
    _ll_sshift_r                             0x08003859   Thumb Code     0  llsshr.o(.text)
    __rt_ctype_table                         0x08003881   Thumb Code     4  ctype_o.o(.text)
    _strtoul                                 0x08003889   Thumb Code   166  _strtoul.o(.text)
    _double_round                            0x0800392f   Thumb Code    26  depilogue.o(.text)
    _double_epilogue                         0x08003949   Thumb Code   164  depilogue.o(.text)
    _chval                                   0x080039ed   Thumb Code    30  _chval.o(.text)
    __decompress                             0x08003a0b   Thumb Code     0  __dczerorl2.o(.text)
    __decompress1                            0x08003a0b   Thumb Code    86  __dczerorl2.o(.text)
    ADC_Init                                 0x08003a61   Thumb Code   140  adc.o(.text.ADC_Init)
    CMOS_ADC                                 0x08003af1   Thumb Code   656  user.o(.text.CMOS_ADC)
    CMOS_CLK                                 0x08003db5   Thumb Code   200  user.o(.text.CMOS_CLK)
    CMOS_DIS                                 0x08003e91   Thumb Code   220  user.o(.text.CMOS_DIS)
    EXTI0_1_IRQHandler                       0x08003ff9   Thumb Code    40  gd32e23x_it.o(.text.EXTI0_1_IRQHandler)
    Execute_user_Program                     0x08004025   Thumb Code    32  flash.o(.text.Execute_user_Program)
    FMC_ERASE_PAGE                           0x0800404d   Thumb Code    38  flash.o(.text.FMC_ERASE_PAGE)
    FMC_FLASH_Read                           0x08004073   Thumb Code     8  flash.o(.text.FMC_FLASH_Read)
    FMC_FLASH_Write                          0x0800407b   Thumb Code    46  flash.o(.text.FMC_FLASH_Write)
    FMC_WRITE_BUFFER                         0x080040a9   Thumb Code    72  flash.o(.text.FMC_WRITE_BUFFER)
    Get_ADC_Value                            0x080040f5   Thumb Code    42  adc.o(.text.Get_ADC_Value)
    Get_Temp                                 0x0800411f   Thumb Code    42  adc.o(.text.Get_Temp)
    HardFault_Handler                        0x08004149   Thumb Code     2  gd32e23x_it.o(.text.HardFault_Handler)
    LASER_ON                                 0x0800414d   Thumb Code    16  usart.o(.text.LASER_ON)
    Laser_Calibration                        0x0800415d   Thumb Code    36  led_config.o(.text.Laser_Calibration)
    NMI_Handler                              0x080041a5   Thumb Code     2  gd32e23x_it.o(.text.NMI_Handler)
    PWM_timer_config                         0x080041a9   Thumb Code   156  timer.o(.text.PWM_timer_config)
    PendSV_Handler                           0x08004255   Thumb Code     2  gd32e23x_it.o(.text.PendSV_Handler)
    SVC_Handler                              0x08004257   Thumb Code     2  gd32e23x_it.o(.text.SVC_Handler)
    SysTick_Handler                          0x08004259   Thumb Code     4  gd32e23x_it.o(.text.SysTick_Handler)
    SystemInit                               0x0800425d   Thumb Code   276  system_gd32e23x.o(.text.SystemInit)
    UART_TEST_HANDLE                         0x08004391   Thumb Code   172  usart.o(.text.UART_TEST_HANDLE)
    USART0_IRQHandler                        0x08004461   Thumb Code   108  usart.o(.text.USART0_IRQHandler)
    Usart_GPIO_Init                          0x080044ed   Thumb Code   112  usart.o(.text.Usart_GPIO_Init)
    Usart_Init                               0x08004561   Thumb Code    96  usart.o(.text.Usart_Init)
    V_STR_Printf                             0x080045c9   Thumb Code    28  usart.o(.text.V_STR_Printf)
    _ADCf                                    0x080045e5   Thumb Code    60  usart.o(.text._ADCf)
    _DISTf                                   0x08004635   Thumb Code    24  usart.o(.text._DISTf)
    _GETOf                                   0x0800464d   Thumb Code    20  usart.o(.text._GETOf)
    _LAINf                                   0x08004671   Thumb Code    36  usart.o(.text._LAINf)
    _LAOFf                                   0x080046b5   Thumb Code    40  usart.o(.text._LAOFf)
    _LAONf                                   0x080046ed   Thumb Code    32  usart.o(.text._LAONf)
    _MEOFf                                   0x08004721   Thumb Code    32  usart.o(.text._MEOFf)
    _MEONf                                   0x08004759   Thumb Code    36  usart.o(.text._MEONf)
    _RDFLf                                   0x0800479d   Thumb Code    52  usart.o(.text._RDFLf)
    _RPWMf                                   0x080047e1   Thumb Code    20  usart.o(.text._RPWMf)
    _SETEf                                   0x08004805   Thumb Code    52  usart.o(.text._SETEf)
    _SETOf                                   0x08004841   Thumb Code    28  usart.o(.text._SETOf)
    _SETPf                                   0x0800485d   Thumb Code    96  usart.o(.text._SETPf)
    _SHOWf                                   0x080048e5   Thumb Code    32  usart.o(.text._SHOWf)
    _TEMPf                                   0x0800490d   Thumb Code    20  usart.o(.text._TEMPf)
    _UPDTf                                   0x0800492d   Thumb Code    16  usart.o(.text._UPDTf)
    _WPWMf                                   0x0800493d   Thumb Code    56  usart.o(.text._WPWMf)
    _WRFLf                                   0x0800497d   Thumb Code    44  usart.o(.text._WRFLf)
    _helpf                                   0x080049b5   Thumb Code   116  usart.o(.text._helpf)
    adc_calibration_enable                   0x08004aed   Thumb Code    32  gd32e23x_adc.o(.text.adc_calibration_enable)
    adc_channel_length_config                0x08004b0d   Thumb Code    60  gd32e23x_adc.o(.text.adc_channel_length_config)
    adc_data_alignment_config                0x08004b4d   Thumb Code    24  gd32e23x_adc.o(.text.adc_data_alignment_config)
    adc_enable                               0x08004b65   Thumb Code    20  gd32e23x_adc.o(.text.adc_enable)
    adc_external_trigger_config              0x08004b79   Thumb Code    72  gd32e23x_adc.o(.text.adc_external_trigger_config)
    adc_external_trigger_source_config       0x08004bc1   Thumb Code    32  gd32e23x_adc.o(.text.adc_external_trigger_source_config)
    adc_flag_clear                           0x08004be9   Thumb Code    12  gd32e23x_adc.o(.text.adc_flag_clear)
    adc_flag_get                             0x08004bf5   Thumb Code    16  gd32e23x_adc.o(.text.adc_flag_get)
    adc_regular_channel_config               0x08004c09   Thumb Code   136  gd32e23x_adc.o(.text.adc_regular_channel_config)
    adc_regular_data_read                    0x08004c95   Thumb Code     8  gd32e23x_adc.o(.text.adc_regular_data_read)
    adc_resolution_config                    0x08004ca1   Thumb Code    20  gd32e23x_adc.o(.text.adc_resolution_config)
    adc_software_trigger_enable              0x08004cb5   Thumb Code    40  gd32e23x_adc.o(.text.adc_software_trigger_enable)
    adc_special_function_config              0x08004ce1   Thumb Code   112  gd32e23x_adc.o(.text.adc_special_function_config)
    delay_1ms                                0x08004d55   Thumb Code    20  systick.o(.text.delay_1ms)
    delay_decrement                          0x08004d69   Thumb Code    16  systick.o(.text.delay_decrement)
    exti_init                                0x08004d7d   Thumb Code   104  gd32e23x_exti.o(.text.exti_init)
    exti_interrupt_flag_clear                0x08004de9   Thumb Code     8  gd32e23x_exti.o(.text.exti_interrupt_flag_clear)
    exti_interrupt_flag_get                  0x08004df1   Thumb Code    16  gd32e23x_exti.o(.text.exti_interrupt_flag_get)
    fmc_flag_clear                           0x08004e05   Thumb Code     8  gd32e23x_fmc.o(.text.fmc_flag_clear)
    fmc_lock                                 0x08004e0d   Thumb Code    12  gd32e23x_fmc.o(.text.fmc_lock)
    fmc_page_erase                           0x08004e1d   Thumb Code   100  gd32e23x_fmc.o(.text.fmc_page_erase)
    fmc_unlock                               0x08004e81   Thumb Code    20  gd32e23x_fmc.o(.text.fmc_unlock)
    fmc_word_program                         0x08004ea1   Thumb Code    92  gd32e23x_fmc.o(.text.fmc_word_program)
    fputc                                    0x08004f05   Thumb Code    32  usart.o(.text.fputc)
    gpio_af_set                              0x08004f2d   Thumb Code   228  gd32e23x_gpio.o(.text.gpio_af_set)
    gpio_bit_write                           0x08005029   Thumb Code    14  gd32e23x_gpio.o(.text.gpio_bit_write)
    gpio_config                              0x08005039   Thumb Code   100  gpio.o(.text.gpio_config)
    gpio_mode_set                            0x080050a1   Thumb Code    66  gd32e23x_gpio.o(.text.gpio_mode_set)
    gpio_output_options_set                  0x080050e3   Thumb Code    70  gd32e23x_gpio.o(.text.gpio_output_options_set)
    main                                     0x08005129   Thumb Code   248  main.o(.text.main)
    nvic_irq_enable                          0x0800523d   Thumb Code    92  gd32e23x_misc.o(.text.nvic_irq_enable)
    nvic_vector_table_set                    0x080052a5   Thumb Code    16  gd32e23x_misc.o(.text.nvic_vector_table_set)
    rcu_adc_clock_config                     0x080052bd   Thumb Code   200  gd32e23x_rcu.o(.text.rcu_adc_clock_config)
    rcu_clock_freq_get                       0x0800538d   Thumb Code   344  gd32e23x_rcu.o(.text.rcu_clock_freq_get)
    rcu_periph_clock_enable                  0x0800550d   Thumb Code    20  gd32e23x_rcu.o(.text.rcu_periph_clock_enable)
    rcu_periph_reset_disable                 0x08005521   Thumb Code    20  gd32e23x_rcu.o(.text.rcu_periph_reset_disable)
    rcu_periph_reset_enable                  0x08005535   Thumb Code    20  gd32e23x_rcu.o(.text.rcu_periph_reset_enable)
    syscfg_exti_line_config                  0x0800554d   Thumb Code   108  gd32e23x_syscfg.o(.text.syscfg_exti_line_config)
    systick_config                           0x080055bd   Thumb Code    56  systick.o(.text.systick_config)
    timer_channel_output_config              0x08005609   Thumb Code   544  gd32e23x_timer.o(.text.timer_channel_output_config)
    timer_channel_output_mode_config         0x08005831   Thumb Code    92  gd32e23x_timer.o(.text.timer_channel_output_mode_config)
    timer_channel_output_pulse_value_config  0x0800588d   Thumb Code    12  gd32e23x_timer.o(.text.timer_channel_output_pulse_value_config)
    timer_deinit                             0x08005899   Thumb Code   100  gd32e23x_timer.o(.text.timer_deinit)
    timer_enable                             0x0800590d   Thumb Code    10  gd32e23x_timer.o(.text.timer_enable)
    timer_init                               0x08005919   Thumb Code   144  gd32e23x_timer.o(.text.timer_init)
    timer_prescaler_config                   0x080059c9   Thumb Code    16  gd32e23x_timer.o(.text.timer_prescaler_config)
    timer_primary_output_config              0x080059d9   Thumb Code    22  gd32e23x_timer.o(.text.timer_primary_output_config)
    usart_baudrate_set                       0x080059f1   Thumb Code    76  gd32e23x_usart.o(.text.usart_baudrate_set)
    usart_data_receive                       0x08005a41   Thumb Code     8  gd32e23x_usart.o(.text.usart_data_receive)
    usart_data_transmit                      0x08005a49   Thumb Code     8  gd32e23x_usart.o(.text.usart_data_transmit)
    usart_deinit                             0x08005a55   Thumb Code    40  gd32e23x_usart.o(.text.usart_deinit)
    usart_enable                             0x08005a8d   Thumb Code    10  gd32e23x_usart.o(.text.usart_enable)
    usart_flag_get                           0x08005a97   Thumb Code    16  gd32e23x_usart.o(.text.usart_flag_get)
    usart_interrupt_disable                  0x08005aa7   Thumb Code    18  gd32e23x_usart.o(.text.usart_interrupt_disable)
    usart_interrupt_enable                   0x08005ab9   Thumb Code    18  gd32e23x_usart.o(.text.usart_interrupt_enable)
    usart_interrupt_flag_get                 0x08005acb   Thumb Code    30  gd32e23x_usart.o(.text.usart_interrupt_flag_get)
    usart_parity_config                      0x08005ae9   Thumb Code    26  gd32e23x_usart.o(.text.usart_parity_config)
    usart_receive_config                     0x08005b03   Thumb Code    16  gd32e23x_usart.o(.text.usart_receive_config)
    usart_stop_bit_set                       0x08005b13   Thumb Code    26  gd32e23x_usart.o(.text.usart_stop_bit_set)
    usart_transmit_config                    0x08005b2d   Thumb Code    16  gd32e23x_usart.o(.text.usart_transmit_config)
    usart_word_length_set                    0x08005b3d   Thumb Code    26  gd32e23x_usart.o(.text.usart_word_length_set)
    __0printf                                0x08005b59   Thumb Code    24  printfa.o(i.__0printf)
    __1printf                                0x08005b59   Thumb Code     0  printfa.o(i.__0printf)
    __2printf                                0x08005b59   Thumb Code     0  printfa.o(i.__0printf)
    __c89printf                              0x08005b59   Thumb Code     0  printfa.o(i.__0printf)
    printf                                   0x08005b59   Thumb Code     0  printfa.o(i.__0printf)
    __0sprintf                               0x08005b79   Thumb Code    36  printfa.o(i.__0sprintf)
    __1sprintf                               0x08005b79   Thumb Code     0  printfa.o(i.__0sprintf)
    __2sprintf                               0x08005b79   Thumb Code     0  printfa.o(i.__0sprintf)
    __c89sprintf                             0x08005b79   Thumb Code     0  printfa.o(i.__0sprintf)
    sprintf                                  0x08005b79   Thumb Code     0  printfa.o(i.__0sprintf)
    __ARM_clz                                0x08005ba1   Thumb Code    46  depilogue.o(i.__ARM_clz)
    __aeabi_errno_addr                       0x08005bd1   Thumb Code     4  errno.o(i.__aeabi_errno_addr)
    __rt_errno_addr                          0x08005bd1   Thumb Code     0  errno.o(i.__aeabi_errno_addr)
    __scatterload_copy                       0x08005bd9   Thumb Code    14  handlers.o(i.__scatterload_copy)
    __scatterload_null                       0x08005be7   Thumb Code     2  handlers.o(i.__scatterload_null)
    __scatterload_zeroinit                   0x08005be9   Thumb Code    14  handlers.o(i.__scatterload_zeroinit)
    puts                                     0x080064b1   Thumb Code    28  puts.o(i.puts)
    __ctype_table                            0x080064d0   Data         129  ctype_o.o(.constdata)
    Region$$Table$$Base                      0x08006764   Number         0  anon$$obj.o(Region$$Table)
    Region$$Table$$Limit                     0x08006784   Number         0  anon$$obj.o(Region$$Table)
    __stdout                                 0x20000000   Data           4  stdout.o(.data)
    CMD_T                                    0x20000008   Data         228  usart.o(.data.CMD_T)
    LSD_CMOS                                 0x200000ec   Data        2880  adc.o(.data.LSD_CMOS)
    SystemCoreClock                          0x20000c2c   Data           4  system_gd32e23x.o(.data.SystemCoreClock)
    cmd_num                                  0x20000c30   Data           1  usart.o(.data.cmd_num)
    fmc_str                                  0x20000c34   Data          28  flash.o(.data.fmc_str)
    transfersize                             0x20000c50   Data           1  usart.o(.data.transfersize)
    JumpAddress                              0x20000c58   Data           4  flash.o(.bss.JumpAddress)
    Jump_To_Application                      0x20000c5c   Data           4  flash.o(.bss.Jump_To_Application)
    Laser_Init                               0x20000c60   Data           8  led_config.o(.bss.Laser_Init)
    Rx_flag                                  0x20000c68   Data           1  usart.o(.bss.Rx_flag)
    adc_Buf                                  0x20000c6a   Data           2  main.o(.bss.adc_Buf)
    adc_Buf_fake                             0x20000c6c   Data           2  user.o(.bss.adc_Buf_fake)
    arount_cnt                               0x20000c6e   Data           1  main.o(.bss.arount_cnt)
    cnt                                      0x20000c70   Data           2  user.o(.bss.cnt)
    lsd_index                                0x20000c78   Data           2  user.o(.bss.lsd_index)
    p_buf                                    0x20000c7a   Data         128  main.o(.bss.p_buf)
    receiver_buffer                          0x20000cfc   Data         128  usart.o(.bss.receiver_buffer)
    rxcount                                  0x20000d7c   Data           2  usart.o(.bss.rxcount)
    show_flag                                0x20000d7e   Data           1  usart.o(.bss.show_flag)
    str_to_num                               0x20000d80   Data           4  usart.o(.bss.str_to_num)
    transmitter_buffer                       0x20000d84   Data         128  usart.o(.bss.transmitter_buffer)
    txcount                                  0x20000e04   Data           1  usart.o(.bss.txcount)
    __initial_sp                             0x20001208   Data           0  startup_gd32e23x.o(STACK)



==============================================================================

Memory Map of the image

  Image Entry point : 0x080030cd

  Load Region LR_IROM1 (Base: 0x08003000, Size: 0x000043e0, Max: 0x0000cc00, ABSOLUTE, COMPRESSED[0x00003830])

    Execution Region ER_IROM1 (Exec base: 0x08003000, Load base: 0x08003000, Size: 0x00003784, Max: 0x0000cc00, ABSOLUTE)

    Exec Addr    Load Addr    Size         Type   Attr      Idx    E Section Name        Object

    0x08003000   0x08003000   0x000000cc   Data   RO            3    RESET               startup_gd32e23x.o
    0x080030cc   0x080030cc   0x00000000   Code   RO         1395  * .ARM.Collect$$$$00000000  mc_p.l(entry.o)
    0x080030cc   0x080030cc   0x00000004   Code   RO         1689    .ARM.Collect$$$$00000001  mc_p.l(entry2.o)
    0x080030d0   0x080030d0   0x00000004   Code   RO         1692    .ARM.Collect$$$$00000004  mc_p.l(entry5.o)
    0x080030d4   0x080030d4   0x00000000   Code   RO         1694    .ARM.Collect$$$$00000008  mc_p.l(entry7b.o)
    0x080030d4   0x080030d4   0x00000000   Code   RO         1696    .ARM.Collect$$$$0000000A  mc_p.l(entry8b.o)
    0x080030d4   0x080030d4   0x00000008   Code   RO         1697    .ARM.Collect$$$$0000000B  mc_p.l(entry9a.o)
    0x080030dc   0x080030dc   0x00000000   Code   RO         1699    .ARM.Collect$$$$0000000D  mc_p.l(entry10a.o)
    0x080030dc   0x080030dc   0x00000000   Code   RO         1701    .ARM.Collect$$$$0000000F  mc_p.l(entry11a.o)
    0x080030dc   0x080030dc   0x00000004   Code   RO         1690    .ARM.Collect$$$$00002712  mc_p.l(entry2.o)
    0x080030e0   0x080030e0   0x0000001c   Code   RO            4    .text               startup_gd32e23x.o
    0x080030fc   0x080030fc   0x00000024   Code   RO         1402    .text               mc_p.l(memcpya.o)
    0x08003120   0x08003120   0x00000024   Code   RO         1404    .text               mc_p.l(memseta.o)
    0x08003144   0x08003144   0x00000014   Code   RO         1406    .text               mc_p.l(strchr.o)
    0x08003158   0x08003158   0x0000000e   Code   RO         1408    .text               mc_p.l(strlen.o)
    0x08003166   0x08003166   0x0000001a   Code   RO         1673    .text               mc_p.l(atoi.o)
    0x08003180   0x08003180   0x000000b2   Code   RO         1675    .text               mf_p.l(fadd.o)
    0x08003232   0x08003232   0x0000001c   Code   RO         1677    .text               mf_p.l(fcmple.o)
    0x0800324e   0x0800324e   0x0000001c   Code   RO         1679    .text               mf_p.l(fcmpge.o)
    0x0800326a   0x0800326a   0x0000000e   Code   RO         1683    .text               mf_p.l(ffltui.o)
    0x08003278   0x08003278   0x00000032   Code   RO         1685    .text               mf_p.l(ffixi.o)
    0x080032aa   0x080032aa   0x00000028   Code   RO         1687    .text               mf_p.l(f2d.o)
    0x080032d2   0x080032d2   0x00000060   Code   RO         1710    .text               mc_p.l(uldiv.o)
    0x08003332   0x08003332   0x00000002   PAD
    0x08003334   0x08003334   0x00000070   Code   RO         1719    .text               mc_p.l(strtol.o)
    0x080033a4   0x080033a4   0x00000000   Code   RO         1721    .text               mc_p.l(iusefp.o)
    0x080033a4   0x080033a4   0x00000082   Code   RO         1722    .text               mf_p.l(fepilogue.o)
    0x08003426   0x08003426   0x00000002   PAD
    0x08003428   0x08003428   0x00000164   Code   RO         1724    .text               mf_p.l(dadd.o)
    0x0800358c   0x0800358c   0x000000d0   Code   RO         1726    .text               mf_p.l(dmul.o)
    0x0800365c   0x0800365c   0x000000f0   Code   RO         1728    .text               mf_p.l(ddiv.o)
    0x0800374c   0x0800374c   0x00000040   Code   RO         1730    .text               mf_p.l(dfixul.o)
    0x0800378c   0x0800378c   0x00000028   Code   RO         1732    .text               mf_p.l(cdrcmple.o)
    0x080037b4   0x080037b4   0x00000024   Code   RO         1734    .text               mc_p.l(init.o)
    0x080037d8   0x080037d8   0x0000003e   Code   RO         1740    .text               mc_p.l(uidiv_div0.o)
    0x08003816   0x08003816   0x00000020   Code   RO         1746    .text               mc_p.l(llshl.o)
    0x08003836   0x08003836   0x00000022   Code   RO         1748    .text               mc_p.l(llushr.o)
    0x08003858   0x08003858   0x00000026   Code   RO         1750    .text               mc_p.l(llsshr.o)
    0x0800387e   0x0800387e   0x00000002   PAD
    0x08003880   0x08003880   0x00000008   Code   RO         1752    .text               mc_p.l(ctype_o.o)
    0x08003888   0x08003888   0x000000a6   Code   RO         1780    .text               mc_p.l(_strtoul.o)
    0x0800392e   0x0800392e   0x000000be   Code   RO         1782    .text               mf_p.l(depilogue.o)
    0x080039ec   0x080039ec   0x0000001e   Code   RO         1786    .text               mc_p.l(_chval.o)
    0x08003a0a   0x08003a0a   0x00000056   Code   RO         1796    .text               mc_p.l(__dczerorl2.o)
    0x08003a60   0x08003a60   0x00000090   Code   RO         1340    .text.ADC_Init      adc.o
    0x08003af0   0x08003af0   0x000002c4   Code   RO         1317    .text.CMOS_ADC      user.o
    0x08003db4   0x08003db4   0x000000dc   Code   RO         1315    .text.CMOS_CLK      user.o
    0x08003e90   0x08003e90   0x00000168   Code   RO         1323    .text.CMOS_DIS      user.o
    0x08003ff8   0x08003ff8   0x0000002c   Code   RO         1203    .text.EXTI0_1_IRQHandler  gd32e23x_it.o
    0x08004024   0x08004024   0x00000028   Code   RO         1374    .text.Execute_user_Program  flash.o
    0x0800404c   0x0800404c   0x00000026   Code   RO         1366    .text.FMC_ERASE_PAGE  flash.o
    0x08004072   0x08004072   0x00000008   Code   RO         1372    .text.FMC_FLASH_Read  flash.o
    0x0800407a   0x0800407a   0x0000002e   Code   RO         1370    .text.FMC_FLASH_Write  flash.o
    0x080040a8   0x080040a8   0x0000004c   Code   RO         1368    .text.FMC_WRITE_BUFFER  flash.o
    0x080040f4   0x080040f4   0x0000002a   Code   RO         1344    .text.Get_ADC_Value  adc.o
    0x0800411e   0x0800411e   0x0000002a   Code   RO         1346    .text.Get_Temp      adc.o
    0x08004148   0x08004148   0x00000002   Code   RO         1187    .text.HardFault_Handler  gd32e23x_it.o
    0x0800414a   0x0800414a   0x00000002   PAD
    0x0800414c   0x0800414c   0x00000010   Code   RO         1291    .text.LASER_ON      usart.o
    0x0800415c   0x0800415c   0x00000048   Code   RO         1387    .text.Laser_Calibration  led_config.o
    0x080041a4   0x080041a4   0x00000002   Code   RO         1185    .text.NMI_Handler   gd32e23x_it.o
    0x080041a6   0x080041a6   0x00000002   PAD
    0x080041a8   0x080041a8   0x000000ac   Code   RO         1358    .text.PWM_timer_config  timer.o
    0x08004254   0x08004254   0x00000002   Code   RO         1199    .text.PendSV_Handler  gd32e23x_it.o
    0x08004256   0x08004256   0x00000002   Code   RO         1195    .text.SVC_Handler   gd32e23x_it.o
    0x08004258   0x08004258   0x00000004   Code   RO         1201    .text.SysTick_Handler  gd32e23x_it.o
    0x0800425c   0x0800425c   0x00000134   Code   RO           32    .text.SystemInit    system_gd32e23x.o
    0x08004390   0x08004390   0x000000d0   Code   RO         1283    .text.UART_TEST_HANDLE  usart.o
    0x08004460   0x08004460   0x0000008c   Code   RO         1287    .text.USART0_IRQHandler  usart.o
    0x080044ec   0x080044ec   0x00000074   Code   RO         1277    .text.Usart_GPIO_Init  usart.o
    0x08004560   0x08004560   0x00000068   Code   RO         1279    .text.Usart_Init    usart.o
    0x080045c8   0x080045c8   0x0000001c   Code   RO         1285    .text.V_STR_Printf  usart.o
    0x080045e4   0x080045e4   0x00000050   Code   RO         1239    .text._ADCf         usart.o
    0x08004634   0x08004634   0x00000018   Code   RO         1245    .text._DISTf        usart.o
    0x0800464c   0x0800464c   0x00000024   Code   RO         1259    .text._GETOf        usart.o
    0x08004670   0x08004670   0x00000044   Code   RO         1267    .text._LAINf        usart.o
    0x080046b4   0x080046b4   0x00000038   Code   RO         1243    .text._LAOFf        usart.o
    0x080046ec   0x080046ec   0x00000034   Code   RO         1241    .text._LAONf        usart.o
    0x08004720   0x08004720   0x00000038   Code   RO         1249    .text._MEOFf        usart.o
    0x08004758   0x08004758   0x00000044   Code   RO         1247    .text._MEONf        usart.o
    0x0800479c   0x0800479c   0x00000044   Code   RO         1253    .text._RDFLf        usart.o
    0x080047e0   0x080047e0   0x00000024   Code   RO         1263    .text._RPWMf        usart.o
    0x08004804   0x08004804   0x0000003c   Code   RO         1273    .text._SETEf        usart.o
    0x08004840   0x08004840   0x0000001c   Code   RO         1257    .text._SETOf        usart.o
    0x0800485c   0x0800485c   0x00000088   Code   RO         1251    .text._SETPf        usart.o
    0x080048e4   0x080048e4   0x00000028   Code   RO         1261    .text._SHOWf        usart.o
    0x0800490c   0x0800490c   0x00000020   Code   RO         1271    .text._TEMPf        usart.o
    0x0800492c   0x0800492c   0x00000010   Code   RO         1269    .text._UPDTf        usart.o
    0x0800493c   0x0800493c   0x00000040   Code   RO         1265    .text._WPWMf        usart.o
    0x0800497c   0x0800497c   0x00000038   Code   RO         1255    .text._WRFLf        usart.o
    0x080049b4   0x080049b4   0x00000138   Code   RO         1237    .text._helpf        usart.o
    0x08004aec   0x08004aec   0x00000020   Code   RO           51    .text.adc_calibration_enable  gd32e23x_adc.o
    0x08004b0c   0x08004b0c   0x00000040   Code   RO           67    .text.adc_channel_length_config  gd32e23x_adc.o
    0x08004b4c   0x08004b4c   0x00000018   Code   RO           65    .text.adc_data_alignment_config  gd32e23x_adc.o
    0x08004b64   0x08004b64   0x00000014   Code   RO           47    .text.adc_enable    gd32e23x_adc.o
    0x08004b78   0x08004b78   0x00000048   Code   RO           75    .text.adc_external_trigger_config  gd32e23x_adc.o
    0x08004bc0   0x08004bc0   0x00000028   Code   RO           77    .text.adc_external_trigger_source_config  gd32e23x_adc.o
    0x08004be8   0x08004be8   0x0000000c   Code   RO           87    .text.adc_flag_clear  gd32e23x_adc.o
    0x08004bf4   0x08004bf4   0x00000014   Code   RO           85    .text.adc_flag_get  gd32e23x_adc.o
    0x08004c08   0x08004c08   0x0000008c   Code   RO           69    .text.adc_regular_channel_config  gd32e23x_adc.o
    0x08004c94   0x08004c94   0x0000000c   Code   RO           81    .text.adc_regular_data_read  gd32e23x_adc.o
    0x08004ca0   0x08004ca0   0x00000014   Code   RO          105    .text.adc_resolution_config  gd32e23x_adc.o
    0x08004cb4   0x08004cb4   0x0000002c   Code   RO           79    .text.adc_software_trigger_enable  gd32e23x_adc.o
    0x08004ce0   0x08004ce0   0x00000074   Code   RO           63    .text.adc_special_function_config  gd32e23x_adc.o
    0x08004d54   0x08004d54   0x00000014   Code   RO         1214    .text.delay_1ms     systick.o
    0x08004d68   0x08004d68   0x00000014   Code   RO         1218    .text.delay_decrement  systick.o
    0x08004d7c   0x08004d7c   0x0000006c   Code   RO          265    .text.exti_init     gd32e23x_exti.o
    0x08004de8   0x08004de8   0x00000008   Code   RO          285    .text.exti_interrupt_flag_clear  gd32e23x_exti.o
    0x08004df0   0x08004df0   0x00000014   Code   RO          283    .text.exti_interrupt_flag_get  gd32e23x_exti.o
    0x08004e04   0x08004e04   0x00000008   Code   RO          347    .text.fmc_flag_clear  gd32e23x_fmc.o
    0x08004e0c   0x08004e0c   0x00000010   Code   RO          297    .text.fmc_lock      gd32e23x_fmc.o
    0x08004e1c   0x08004e1c   0x00000064   Code   RO          305    .text.fmc_page_erase  gd32e23x_fmc.o
    0x08004e80   0x08004e80   0x00000020   Code   RO          295    .text.fmc_unlock    gd32e23x_fmc.o
    0x08004ea0   0x08004ea0   0x00000064   Code   RO          313    .text.fmc_word_program  gd32e23x_fmc.o
    0x08004f04   0x08004f04   0x00000028   Code   RO         1275    .text.fputc         usart.o
    0x08004f2c   0x08004f2c   0x000000fc   Code   RO          411    .text.gpio_af_set   gd32e23x_gpio.o
    0x08005028   0x08005028   0x0000000e   Code   RO          399    .text.gpio_bit_write  gd32e23x_gpio.o
    0x08005036   0x08005036   0x00000002   PAD
    0x08005038   0x08005038   0x00000068   Code   RO         1229    .text.gpio_config   gpio.o
    0x080050a0   0x080050a0   0x00000042   Code   RO          391    .text.gpio_mode_set  gd32e23x_gpio.o
    0x080050e2   0x080050e2   0x00000046   Code   RO          393    .text.gpio_output_options_set  gd32e23x_gpio.o
    0x08005128   0x08005128   0x00000114   Code   RO         1168    .text.main          main.o
    0x0800523c   0x0800523c   0x00000068   Code   RO          505    .text.nvic_irq_enable  gd32e23x_misc.o
    0x080052a4   0x080052a4   0x00000018   Code   RO          511    .text.nvic_vector_table_set  gd32e23x_misc.o
    0x080052bc   0x080052bc   0x000000d0   Code   RO          589    .text.rcu_adc_clock_config  gd32e23x_rcu.o
    0x0800538c   0x0800538c   0x00000180   Code   RO          627    .text.rcu_clock_freq_get  gd32e23x_rcu.o
    0x0800550c   0x0800550c   0x00000014   Code   RO          563    .text.rcu_periph_clock_enable  gd32e23x_rcu.o
    0x08005520   0x08005520   0x00000014   Code   RO          573    .text.rcu_periph_reset_disable  gd32e23x_rcu.o
    0x08005534   0x08005534   0x00000018   Code   RO          571    .text.rcu_periph_reset_enable  gd32e23x_rcu.o
    0x0800554c   0x0800554c   0x00000070   Code   RO          824    .text.syscfg_exti_line_config  gd32e23x_syscfg.o
    0x080055bc   0x080055bc   0x0000004c   Code   RO         1212    .text.systick_config  systick.o
    0x08005608   0x08005608   0x00000228   Code   RO          926    .text.timer_channel_output_config  gd32e23x_timer.o
    0x08005830   0x08005830   0x0000005c   Code   RO          928    .text.timer_channel_output_mode_config  gd32e23x_timer.o
    0x0800588c   0x0800588c   0x0000000c   Code   RO          930    .text.timer_channel_output_pulse_value_config  gd32e23x_timer.o
    0x08005898   0x08005898   0x00000074   Code   RO          842    .text.timer_deinit  gd32e23x_timer.o
    0x0800590c   0x0800590c   0x0000000a   Code   RO          848    .text.timer_enable  gd32e23x_timer.o
    0x08005916   0x08005916   0x00000002   PAD
    0x08005918   0x08005918   0x000000b0   Code   RO          846    .text.timer_init    gd32e23x_timer.o
    0x080059c8   0x080059c8   0x00000010   Code   RO          866    .text.timer_prescaler_config  gd32e23x_timer.o
    0x080059d8   0x080059d8   0x00000016   Code   RO          918    .text.timer_primary_output_config  gd32e23x_timer.o
    0x080059ee   0x080059ee   0x00000002   PAD
    0x080059f0   0x080059f0   0x00000050   Code   RO          998    .text.usart_baudrate_set  gd32e23x_usart.o
    0x08005a40   0x08005a40   0x00000008   Code   RO         1034    .text.usart_data_receive  gd32e23x_usart.o
    0x08005a48   0x08005a48   0x0000000c   Code   RO         1032    .text.usart_data_transmit  gd32e23x_usart.o
    0x08005a54   0x08005a54   0x00000038   Code   RO          996    .text.usart_deinit  gd32e23x_usart.o
    0x08005a8c   0x08005a8c   0x0000000a   Code   RO         1006    .text.usart_enable  gd32e23x_usart.o
    0x08005a96   0x08005a96   0x00000010   Code   RO         1124    .text.usart_flag_get  gd32e23x_usart.o
    0x08005aa6   0x08005aa6   0x00000012   Code   RO         1130    .text.usart_interrupt_disable  gd32e23x_usart.o
    0x08005ab8   0x08005ab8   0x00000012   Code   RO         1128    .text.usart_interrupt_enable  gd32e23x_usart.o
    0x08005aca   0x08005aca   0x0000001e   Code   RO         1134    .text.usart_interrupt_flag_get  gd32e23x_usart.o
    0x08005ae8   0x08005ae8   0x0000001a   Code   RO         1000    .text.usart_parity_config  gd32e23x_usart.o
    0x08005b02   0x08005b02   0x00000010   Code   RO         1012    .text.usart_receive_config  gd32e23x_usart.o
    0x08005b12   0x08005b12   0x0000001a   Code   RO         1004    .text.usart_stop_bit_set  gd32e23x_usart.o
    0x08005b2c   0x08005b2c   0x00000010   Code   RO         1010    .text.usart_transmit_config  gd32e23x_usart.o
    0x08005b3c   0x08005b3c   0x0000001a   Code   RO         1002    .text.usart_word_length_set  gd32e23x_usart.o
    0x08005b56   0x08005b56   0x00000002   PAD
    0x08005b58   0x08005b58   0x00000020   Code   RO         1645    i.__0printf         mc_p.l(printfa.o)
    0x08005b78   0x08005b78   0x00000028   Code   RO         1647    i.__0sprintf        mc_p.l(printfa.o)
    0x08005ba0   0x08005ba0   0x0000002e   Code   RO         1784    i.__ARM_clz         mf_p.l(depilogue.o)
    0x08005bce   0x08005bce   0x00000002   PAD
    0x08005bd0   0x08005bd0   0x00000008   Code   RO         1712    i.__aeabi_errno_addr  mc_p.l(errno.o)
    0x08005bd8   0x08005bd8   0x0000000e   Code   RO         1790    i.__scatterload_copy  mc_p.l(handlers.o)
    0x08005be6   0x08005be6   0x00000002   Code   RO         1791    i.__scatterload_null  mc_p.l(handlers.o)
    0x08005be8   0x08005be8   0x0000000e   Code   RO         1792    i.__scatterload_zeroinit  mc_p.l(handlers.o)
    0x08005bf6   0x08005bf6   0x00000002   PAD
    0x08005bf8   0x08005bf8   0x00000174   Code   RO         1652    i._fp_digits        mc_p.l(printfa.o)
    0x08005d6c   0x08005d6c   0x000006ec   Code   RO         1653    i._printf_core      mc_p.l(printfa.o)
    0x08006458   0x08006458   0x00000020   Code   RO         1654    i._printf_post_padding  mc_p.l(printfa.o)
    0x08006478   0x08006478   0x0000002c   Code   RO         1655    i._printf_pre_padding  mc_p.l(printfa.o)
    0x080064a4   0x080064a4   0x0000000a   Code   RO         1657    i._sputc            mc_p.l(printfa.o)
    0x080064ae   0x080064ae   0x00000002   PAD
    0x080064b0   0x080064b0   0x00000020   Code   RO         1398    i.puts              mc_p.l(puts.o)
    0x080064d0   0x080064d0   0x00000081   Data   RO         1753    .constdata          mc_p.l(ctype_o.o)
    0x08006551   0x08006551   0x00000003   PAD
    0x08006554   0x08006554   0x00000004   Data   RO         1754    .constdata          mc_p.l(ctype_o.o)
    0x08006558   0x08006558   0x00000008   Data   RO          639    .rodata.cst8        gd32e23x_rcu.o
    0x08006560   0x08006560   0x000001ae   Data   RO         1302    .rodata.str1.1      usart.o
    0x0800670e   0x0800670e   0x00000055   Data   RO         1331    .rodata.str1.1      user.o
    0x08006763   0x08006763   0x00000001   PAD
    0x08006764   0x08006764   0x00000020   Data   RO         1789    Region$$Table       anon$$obj.o


    Execution Region RW_IRAM1 (Exec base: 0x20000000, Load base: 0x08006788, Size: 0x00001208, Max: 0x00002000, ABSOLUTE, COMPRESSED[0x000000a8])

    Exec Addr    Load Addr    Size         Type   Attr      Idx    E Section Name        Object

    0x20000000   COMPRESSED   0x00000004   Data   RW         1703    .data               mc_p.l(stdout.o)
    0x20000004   COMPRESSED   0x00000004   Data   RW         1715    .data               mc_p.l(errno.o)
    0x20000008   COMPRESSED   0x000000e4   Data   RW         1303    .data.CMD_T         usart.o
    0x200000ec   COMPRESSED   0x00000b40   Data   RW         1348    .data.LSD_CMOS      adc.o
    0x20000c2c   COMPRESSED   0x00000004   Data   RW           36    .data.SystemCoreClock  system_gd32e23x.o
    0x20000c30   COMPRESSED   0x00000001   Data   RW         1304    .data.cmd_num       usart.o
    0x20000c31   COMPRESSED   0x00000003   PAD
    0x20000c34   COMPRESSED   0x0000001c   Data   RW         1376    .data.fmc_str       flash.o
    0x20000c50   COMPRESSED   0x00000001   Data   RW         1295    .data.transfersize  usart.o
    0x20000c51   COMPRESSED   0x00000007   PAD
    0x20000c58        -       0x00000004   Zero   RW         1377    .bss.JumpAddress    flash.o
    0x20000c5c        -       0x00000004   Zero   RW         1378    .bss.Jump_To_Application  flash.o
    0x20000c60        -       0x00000008   Zero   RW         1389    .bss.Laser_Init     led_config.o
    0x20000c68        -       0x00000001   Zero   RW         1299    .bss.Rx_flag        usart.o
    0x20000c69   COMPRESSED   0x00000001   PAD
    0x20000c6a        -       0x00000002   Zero   RW         1176    .bss.adc_Buf        main.o
    0x20000c6c        -       0x00000002   Zero   RW         1330    .bss.adc_Buf_fake   user.o
    0x20000c6e        -       0x00000001   Zero   RW         1174    .bss.arount_cnt     main.o
    0x20000c6f   COMPRESSED   0x00000001   PAD
    0x20000c70        -       0x00000002   Zero   RW         1325    .bss.cnt            user.o
    0x20000c72   COMPRESSED   0x00000002   PAD
    0x20000c74        -       0x00000004   Zero   RW         1220    .bss.delay          systick.o
    0x20000c78        -       0x00000002   Zero   RW         1328    .bss.lsd_index      user.o
    0x20000c7a        -       0x00000080   Zero   RW         1175    .bss.p_buf          main.o
    0x20000cfa   COMPRESSED   0x00000002   PAD
    0x20000cfc        -       0x00000080   Zero   RW         1305    .bss.receiver_buffer  usart.o
    0x20000d7c        -       0x00000002   Zero   RW         1298    .bss.rxcount        usart.o
    0x20000d7e        -       0x00000001   Zero   RW         1301    .bss.show_flag      usart.o
    0x20000d7f   COMPRESSED   0x00000001   PAD
    0x20000d80        -       0x00000004   Zero   RW         1300    .bss.str_to_num     usart.o
    0x20000d84        -       0x00000080   Zero   RW         1306    .bss.transmitter_buffer  usart.o
    0x20000e04        -       0x00000001   Zero   RW         1297    .bss.txcount        usart.o
    0x20000e05   COMPRESSED   0x00000003   PAD
    0x20000e08        -       0x00000400   Zero   RW            1    STACK               startup_gd32e23x.o


==============================================================================

Image component sizes


      Code (inc. data)   RO Data    RW Data    ZI Data      Debug   Object Name

       228          4          0       2880          0       2818   adc.o
       208         12          0         28          8       2850   flash.o
       616         32          0          0          0       9270   gd32e23x_adc.o
       136          8          0          0          0       3188   gd32e23x_exti.o
       256         24          0          0          0      13004   gd32e23x_fmc.o
       402         24          0          0          0       5550   gd32e23x_gpio.o
        56          4          0          0          0       2040   gd32e23x_it.o
       128         20          0          0          0       3956   gd32e23x_misc.o
       656         52          8          0          0      14327   gd32e23x_rcu.o
       112          4          0          0          0       3144   gd32e23x_syscfg.o
       996         56          0          0          0      21613   gd32e23x_timer.o
       358         24          0          0          0      14196   gd32e23x_usart.o
       104          4          0          0          0       2648   gpio.o
        72         36          0          0          8        799   led_config.o
       276         28          0          0        131       1660   main.o
        28          8        204          0       1024        740   startup_gd32e23x.o
       308         32          0          4          0       2304   system_gd32e23x.o
       116         24          0          0          4       3204   systick.o
       172         16          0          0          0       1877   timer.o
      1940        564        430        230        265      11791   usart.o
      1288        212         85          0          6       5703   user.o

    ----------------------------------------------------------------------
      8468       1188        760       3148       1460     126682   Object Totals
         0          0         32          0          0          0   (incl. Generated)
        12          0          1          6         14          0   (incl. Padding)

    ----------------------------------------------------------------------

      Code (inc. data)   RO Data    RW Data    ZI Data      Debug   Library Member Name

        86          0          0          0          0          0   __dczerorl2.o
        30          0          0          0          0         60   _chval.o
       166          0          0          0          0         84   _strtoul.o
        26          0          0          0          0         72   atoi.o
         8          4        133          0          0         60   ctype_o.o
         0          0          0          0          0          0   entry.o
         0          0          0          0          0          0   entry10a.o
         0          0          0          0          0          0   entry11a.o
         8          4          0          0          0          0   entry2.o
         4          0          0          0          0          0   entry5.o
         0          0          0          0          0          0   entry7b.o
         0          0          0          0          0          0   entry8b.o
         8          4          0          0          0          0   entry9a.o
         8          4          0          4          0         60   errno.o
        30          0          0          0          0          0   handlers.o
        36          8          0          0          0         68   init.o
         0          0          0          0          0          0   iusefp.o
        32          0          0          0          0         68   llshl.o
        38          0          0          0          0         68   llsshr.o
        34          0          0          0          0         68   llushr.o
        36          0          0          0          0         60   memcpya.o
        36          0          0          0          0        100   memseta.o
      2302        102          0          0          0        556   printfa.o
        32          4          0          0          0         68   puts.o
         0          0          0          4          0          0   stdout.o
        20          0          0          0          0         60   strchr.o
        14          0          0          0          0         60   strlen.o
       112          4          0          0          0         76   strtol.o
        62          0          0          0          0         72   uidiv_div0.o
        96          0          0          0          0         84   uldiv.o
        40          2          0          0          0         68   cdrcmple.o
       356          4          0          0          0        140   dadd.o
       240          6          0          0          0         84   ddiv.o
       236          0          0          0          0        216   depilogue.o
        64         10          0          0          0         68   dfixul.o
       208          6          0          0          0         88   dmul.o
        40          0          0          0          0         60   f2d.o
       178          0          0          0          0        108   fadd.o
        28          0          0          0          0         60   fcmpge.o
        28          0          0          0          0         60   fcmple.o
       130          0          0          0          0        144   fepilogue.o
        50          0          0          0          0         60   ffixi.o
        14          0          0          0          0         68   ffltui.o

    ----------------------------------------------------------------------
      4848        162        136          8          0       2968   Library Totals
        12          0          3          0          0          0   (incl. Padding)

    ----------------------------------------------------------------------

      Code (inc. data)   RO Data    RW Data    ZI Data      Debug   Library Name

      3224        134        133          8          0       1744   mc_p.l
      1612         28          0          0          0       1224   mf_p.l

    ----------------------------------------------------------------------
      4848        162        136          8          0       2968   Library Totals

    ----------------------------------------------------------------------

==============================================================================


      Code (inc. data)   RO Data    RW Data    ZI Data      Debug   

     13316       1350        896       3156       1460     127990   Grand Totals
     13316       1350        896        168       1460     127990   ELF Image Totals (compressed)
     13316       1350        896        168          0          0   ROM Totals

==============================================================================

    Total RO  Size (Code + RO Data)                14212 (  13.88kB)
    Total RW  Size (RW Data + ZI Data)              4616 (   4.51kB)
    Total ROM Size (Code + RO Data + RW Data)      14380 (  14.04kB)

==============================================================================

