<!doctype html public "-//w3c//dtd html 4.0 transitional//en">
<html><head>
<title>Static Call Graph - [.\Objects\CMOS_GD_TD_rev_V64.axf]</title></head>
<body><HR>
<H1>Static Call Graph for image .\Objects\CMOS_GD_TD_rev_V64.axf</H1><HR>
<BR><P>#&#060CALLGRAPH&#062# ARM Linker, 6160001: Last Updated: Mon Nov 25 15:14:09 2024
<BR><P>
<H3>Maximum Stack Usage =        264 bytes + Unknown(Cycles, Untraceable Function Pointers)</H3><H3>
Call chain for Maximum Stack Depth:</H3>
main &rArr; CMOS_ADC &rArr; CMOS_DIS &rArr; __aeabi_dmul &rArr; _double_epilogue &rArr; _double_round
<P>
<H3>
Mutually Recursive functions
</H3> <LI><a href="#[29]">ADC_CMP_IRQHandler</a>&nbsp;&nbsp;&nbsp;&rArr;&nbsp;&nbsp;&nbsp;<a href="#[29]">ADC_CMP_IRQHandler</a><BR>
 <LI><a href="#[1a]">HardFault_Handler</a>&nbsp;&nbsp;&nbsp;&rArr;&nbsp;&nbsp;&nbsp;<a href="#[1a]">HardFault_Handler</a><BR>
</UL>
<P>
<H3>
Function Pointers
</H3><UL>
 <LI><a href="#[29]">ADC_CMP_IRQHandler</a> from startup_gd32e23x.o(.text) referenced from startup_gd32e23x.o(RESET)
 <LI><a href="#[26]">DMA_Channel0_IRQHandler</a> from adc.o(.text.DMA_Channel0_IRQHandler) referenced from startup_gd32e23x.o(RESET)
 <LI><a href="#[27]">DMA_Channel1_2_IRQHandler</a> from startup_gd32e23x.o(.text) referenced from startup_gd32e23x.o(RESET)
 <LI><a href="#[28]">DMA_Channel3_4_IRQHandler</a> from startup_gd32e23x.o(.text) referenced from startup_gd32e23x.o(RESET)
 <LI><a href="#[23]">EXTI0_1_IRQHandler</a> from gd32e23x_it.o(.text.EXTI0_1_IRQHandler) referenced from startup_gd32e23x.o(RESET)
 <LI><a href="#[24]">EXTI2_3_IRQHandler</a> from startup_gd32e23x.o(.text) referenced from startup_gd32e23x.o(RESET)
 <LI><a href="#[25]">EXTI4_15_IRQHandler</a> from startup_gd32e23x.o(.text) referenced from startup_gd32e23x.o(RESET)
 <LI><a href="#[21]">FMC_IRQHandler</a> from startup_gd32e23x.o(.text) referenced from startup_gd32e23x.o(RESET)
 <LI><a href="#[1a]">HardFault_Handler</a> from gd32e23x_it.o(.text.HardFault_Handler) referenced from startup_gd32e23x.o(RESET)
 <LI><a href="#[38]">I2C0_ER_IRQHandler</a> from startup_gd32e23x.o(.text) referenced from startup_gd32e23x.o(RESET)
 <LI><a href="#[32]">I2C0_EV_IRQHandler</a> from startup_gd32e23x.o(.text) referenced from startup_gd32e23x.o(RESET)
 <LI><a href="#[39]">I2C1_ER_IRQHandler</a> from startup_gd32e23x.o(.text) referenced from startup_gd32e23x.o(RESET)
 <LI><a href="#[33]">I2C1_EV_IRQHandler</a> from startup_gd32e23x.o(.text) referenced from startup_gd32e23x.o(RESET)
 <LI><a href="#[1f]">LVD_IRQHandler</a> from startup_gd32e23x.o(.text) referenced from startup_gd32e23x.o(RESET)
 <LI><a href="#[19]">NMI_Handler</a> from gd32e23x_it.o(.text.NMI_Handler) referenced from startup_gd32e23x.o(RESET)
 <LI><a href="#[1c]">PendSV_Handler</a> from gd32e23x_it.o(.text.PendSV_Handler) referenced from startup_gd32e23x.o(RESET)
 <LI><a href="#[22]">RCU_IRQHandler</a> from startup_gd32e23x.o(.text) referenced from startup_gd32e23x.o(RESET)
 <LI><a href="#[20]">RTC_IRQHandler</a> from startup_gd32e23x.o(.text) referenced from startup_gd32e23x.o(RESET)
 <LI><a href="#[18]">Reset_Handler</a> from startup_gd32e23x.o(.text) referenced from startup_gd32e23x.o(RESET)
 <LI><a href="#[34]">SPI0_IRQHandler</a> from startup_gd32e23x.o(.text) referenced from startup_gd32e23x.o(RESET)
 <LI><a href="#[35]">SPI1_IRQHandler</a> from startup_gd32e23x.o(.text) referenced from startup_gd32e23x.o(RESET)
 <LI><a href="#[1b]">SVC_Handler</a> from gd32e23x_it.o(.text.SVC_Handler) referenced from startup_gd32e23x.o(RESET)
 <LI><a href="#[1d]">SysTick_Handler</a> from gd32e23x_it.o(.text.SysTick_Handler) referenced from startup_gd32e23x.o(RESET)
 <LI><a href="#[3b]">SystemInit</a> from system_gd32e23x.o(.text.SystemInit) referenced from startup_gd32e23x.o(.text)
 <LI><a href="#[2a]">TIMER0_BRK_UP_TRG_COM_IRQHandler</a> from startup_gd32e23x.o(.text) referenced from startup_gd32e23x.o(RESET)
 <LI><a href="#[2b]">TIMER0_Channel_IRQHandler</a> from startup_gd32e23x.o(.text) referenced from startup_gd32e23x.o(RESET)
 <LI><a href="#[2e]">TIMER13_IRQHandler</a> from startup_gd32e23x.o(.text) referenced from startup_gd32e23x.o(RESET)
 <LI><a href="#[2f]">TIMER14_IRQHandler</a> from startup_gd32e23x.o(.text) referenced from startup_gd32e23x.o(RESET)
 <LI><a href="#[30]">TIMER15_IRQHandler</a> from startup_gd32e23x.o(.text) referenced from startup_gd32e23x.o(RESET)
 <LI><a href="#[31]">TIMER16_IRQHandler</a> from startup_gd32e23x.o(.text) referenced from startup_gd32e23x.o(RESET)
 <LI><a href="#[2c]">TIMER2_IRQHandler</a> from timer.o(.text.TIMER2_IRQHandler) referenced from startup_gd32e23x.o(RESET)
 <LI><a href="#[2d]">TIMER5_IRQHandler</a> from startup_gd32e23x.o(.text) referenced from startup_gd32e23x.o(RESET)
 <LI><a href="#[36]">USART0_IRQHandler</a> from usart.o(.text.USART0_IRQHandler) referenced from startup_gd32e23x.o(RESET)
 <LI><a href="#[37]">USART1_IRQHandler</a> from startup_gd32e23x.o(.text) referenced from startup_gd32e23x.o(RESET)
 <LI><a href="#[1e]">WWDGT_IRQHandler</a> from startup_gd32e23x.o(.text) referenced from startup_gd32e23x.o(RESET)
 <LI><a href="#[1]">_ADCf</a> from usart.o(.text._ADCf) referenced 2 times from usart.o(.data.CMD_T)
 <LI><a href="#[14]">_AUDOf</a> from usart.o(.text._AUDOf) referenced 2 times from usart.o(.data.CMD_T)
 <LI><a href="#[17]">_DCALf</a> from usart.o(.text._DCALf) referenced 2 times from usart.o(.data.CMD_T)
 <LI><a href="#[4]">_DISTf</a> from usart.o(.text._DISTf) referenced 2 times from usart.o(.data.CMD_T)
 <LI><a href="#[b]">_GETOf</a> from usart.o(.text._GETOf) referenced 2 times from usart.o(.data.CMD_T)
 <LI><a href="#[12]">_GETTf</a> from usart.o(.text._GETTf) referenced 2 times from usart.o(.data.CMD_T)
 <LI><a href="#[f]">_LAINf</a> from usart.o(.text._LAINf) referenced 2 times from usart.o(.data.CMD_T)
 <LI><a href="#[3]">_LAOFf</a> from usart.o(.text._LAOFf) referenced 2 times from usart.o(.data.CMD_T)
 <LI><a href="#[2]">_LAONf</a> from usart.o(.text._LAONf) referenced 2 times from usart.o(.data.CMD_T)
 <LI><a href="#[6]">_MEOFf</a> from usart.o(.text._MEOFf) referenced 2 times from usart.o(.data.CMD_T)
 <LI><a href="#[5]">_MEONf</a> from usart.o(.text._MEONf) referenced 2 times from usart.o(.data.CMD_T)
 <LI><a href="#[16]">_RATLf</a> from usart.o(.text._RATLf) referenced 2 times from usart.o(.data.CMD_T)
 <LI><a href="#[8]">_RDFLf</a> from usart.o(.text._RDFLf) referenced 2 times from usart.o(.data.CMD_T)
 <LI><a href="#[d]">_RPWMf</a> from usart.o(.text._RPWMf) referenced 2 times from usart.o(.data.CMD_T)
 <LI><a href="#[15]">_SATLf</a> from usart.o(.text._SATLf) referenced 2 times from usart.o(.data.CMD_T)
 <LI><a href="#[13]">_SETEf</a> from usart.o(.text._SETEf) referenced 2 times from usart.o(.data.CMD_T)
 <LI><a href="#[a]">_SETOf</a> from usart.o(.text._SETOf) referenced 2 times from usart.o(.data.CMD_T)
 <LI><a href="#[7]">_SETPf</a> from usart.o(.text._SETPf) referenced 2 times from usart.o(.data.CMD_T)
 <LI><a href="#[c]">_SHOWf</a> from usart.o(.text._SHOWf) referenced 2 times from usart.o(.data.CMD_T)
 <LI><a href="#[11]">_TEMPf</a> from usart.o(.text._TEMPf) referenced 2 times from usart.o(.data.CMD_T)
 <LI><a href="#[10]">_UPDTf</a> from usart.o(.text._UPDTf) referenced 2 times from usart.o(.data.CMD_T)
 <LI><a href="#[e]">_WPWMf</a> from usart.o(.text._WPWMf) referenced 2 times from usart.o(.data.CMD_T)
 <LI><a href="#[9]">_WRFLf</a> from usart.o(.text._WRFLf) referenced 2 times from usart.o(.data.CMD_T)
 <LI><a href="#[3c]">__main</a> from entry.o(.ARM.Collect$$$$00000000) referenced from startup_gd32e23x.o(.text)
 <LI><a href="#[0]">_helpf</a> from usart.o(.text._helpf) referenced 2 times from usart.o(.data.CMD_T)
 <LI><a href="#[3e]">_sputc</a> from printfa.o(i._sputc) referenced from printfa.o(i.__0sprintf)
 <LI><a href="#[3d]">fputc</a> from usart.o(.text.fputc) referenced from printfa.o(i.__0printf)
 <LI><a href="#[3a]">main</a> from main.o(.text.main) referenced from entry9a.o(.ARM.Collect$$$$0000000B)
</UL>
<P>
<H3>
Global Symbols
</H3>
<P><STRONG><a name="[3c]"></a>__main</STRONG> (Thumb, 0 bytes, Stack size unknown bytes, entry.o(.ARM.Collect$$$$00000000))
<BR>[Address Reference Count : 1]<UL><LI> startup_gd32e23x.o(.text)
</UL>
<P><STRONG><a name="[e6]"></a>_main_stk</STRONG> (Thumb, 0 bytes, Stack size unknown bytes, entry2.o(.ARM.Collect$$$$00000001))

<P><STRONG><a name="[3f]"></a>_main_scatterload</STRONG> (Thumb, 0 bytes, Stack size unknown bytes, entry5.o(.ARM.Collect$$$$00000004))
<BR><BR>[Calls]<UL><LI><a href="#[40]">&gt;&gt;</a>&nbsp;&nbsp;&nbsp;__scatterload
</UL>

<P><STRONG><a name="[60]"></a>__main_after_scatterload</STRONG> (Thumb, 0 bytes, Stack size unknown bytes, entry5.o(.ARM.Collect$$$$00000004))
<BR><BR>[Called By]<UL><LI><a href="#[40]">&gt;&gt;</a>&nbsp;&nbsp;&nbsp;__scatterload
</UL>

<P><STRONG><a name="[e7]"></a>_main_clock</STRONG> (Thumb, 0 bytes, Stack size unknown bytes, entry7b.o(.ARM.Collect$$$$00000008))

<P><STRONG><a name="[e8]"></a>_main_cpp_init</STRONG> (Thumb, 0 bytes, Stack size unknown bytes, entry8b.o(.ARM.Collect$$$$0000000A))

<P><STRONG><a name="[e9]"></a>_main_init</STRONG> (Thumb, 0 bytes, Stack size unknown bytes, entry9a.o(.ARM.Collect$$$$0000000B))

<P><STRONG><a name="[ea]"></a>__rt_final_cpp</STRONG> (Thumb, 0 bytes, Stack size unknown bytes, entry10a.o(.ARM.Collect$$$$0000000D))

<P><STRONG><a name="[eb]"></a>__rt_final_exit</STRONG> (Thumb, 0 bytes, Stack size unknown bytes, entry11a.o(.ARM.Collect$$$$0000000F))

<P><STRONG><a name="[18]"></a>Reset_Handler</STRONG> (Thumb, 8 bytes, Stack size 0 bytes, startup_gd32e23x.o(.text))
<BR>[Address Reference Count : 1]<UL><LI> startup_gd32e23x.o(RESET)
</UL>
<P><STRONG><a name="[29]"></a>ADC_CMP_IRQHandler</STRONG> (Thumb, 0 bytes, Stack size 0 bytes, startup_gd32e23x.o(.text))
<BR><BR>[Calls]<UL><LI><a href="#[29]">&gt;&gt;</a>&nbsp;&nbsp;&nbsp;ADC_CMP_IRQHandler
</UL>
<BR>[Called By]<UL><LI><a href="#[29]">&gt;&gt;</a>&nbsp;&nbsp;&nbsp;ADC_CMP_IRQHandler
</UL>
<BR>[Address Reference Count : 1]<UL><LI> startup_gd32e23x.o(RESET)
</UL>
<P><STRONG><a name="[27]"></a>DMA_Channel1_2_IRQHandler</STRONG> (Thumb, 0 bytes, Stack size 0 bytes, startup_gd32e23x.o(.text))
<BR>[Address Reference Count : 1]<UL><LI> startup_gd32e23x.o(RESET)
</UL>
<P><STRONG><a name="[28]"></a>DMA_Channel3_4_IRQHandler</STRONG> (Thumb, 0 bytes, Stack size 0 bytes, startup_gd32e23x.o(.text))
<BR>[Address Reference Count : 1]<UL><LI> startup_gd32e23x.o(RESET)
</UL>
<P><STRONG><a name="[24]"></a>EXTI2_3_IRQHandler</STRONG> (Thumb, 0 bytes, Stack size 0 bytes, startup_gd32e23x.o(.text))
<BR>[Address Reference Count : 1]<UL><LI> startup_gd32e23x.o(RESET)
</UL>
<P><STRONG><a name="[25]"></a>EXTI4_15_IRQHandler</STRONG> (Thumb, 0 bytes, Stack size 0 bytes, startup_gd32e23x.o(.text))
<BR>[Address Reference Count : 1]<UL><LI> startup_gd32e23x.o(RESET)
</UL>
<P><STRONG><a name="[21]"></a>FMC_IRQHandler</STRONG> (Thumb, 0 bytes, Stack size 0 bytes, startup_gd32e23x.o(.text))
<BR>[Address Reference Count : 1]<UL><LI> startup_gd32e23x.o(RESET)
</UL>
<P><STRONG><a name="[38]"></a>I2C0_ER_IRQHandler</STRONG> (Thumb, 0 bytes, Stack size 0 bytes, startup_gd32e23x.o(.text))
<BR>[Address Reference Count : 1]<UL><LI> startup_gd32e23x.o(RESET)
</UL>
<P><STRONG><a name="[32]"></a>I2C0_EV_IRQHandler</STRONG> (Thumb, 0 bytes, Stack size 0 bytes, startup_gd32e23x.o(.text))
<BR>[Address Reference Count : 1]<UL><LI> startup_gd32e23x.o(RESET)
</UL>
<P><STRONG><a name="[39]"></a>I2C1_ER_IRQHandler</STRONG> (Thumb, 0 bytes, Stack size 0 bytes, startup_gd32e23x.o(.text))
<BR>[Address Reference Count : 1]<UL><LI> startup_gd32e23x.o(RESET)
</UL>
<P><STRONG><a name="[33]"></a>I2C1_EV_IRQHandler</STRONG> (Thumb, 0 bytes, Stack size 0 bytes, startup_gd32e23x.o(.text))
<BR>[Address Reference Count : 1]<UL><LI> startup_gd32e23x.o(RESET)
</UL>
<P><STRONG><a name="[1f]"></a>LVD_IRQHandler</STRONG> (Thumb, 0 bytes, Stack size 0 bytes, startup_gd32e23x.o(.text))
<BR>[Address Reference Count : 1]<UL><LI> startup_gd32e23x.o(RESET)
</UL>
<P><STRONG><a name="[22]"></a>RCU_IRQHandler</STRONG> (Thumb, 0 bytes, Stack size 0 bytes, startup_gd32e23x.o(.text))
<BR>[Address Reference Count : 1]<UL><LI> startup_gd32e23x.o(RESET)
</UL>
<P><STRONG><a name="[20]"></a>RTC_IRQHandler</STRONG> (Thumb, 0 bytes, Stack size 0 bytes, startup_gd32e23x.o(.text))
<BR>[Address Reference Count : 1]<UL><LI> startup_gd32e23x.o(RESET)
</UL>
<P><STRONG><a name="[34]"></a>SPI0_IRQHandler</STRONG> (Thumb, 0 bytes, Stack size 0 bytes, startup_gd32e23x.o(.text))
<BR>[Address Reference Count : 1]<UL><LI> startup_gd32e23x.o(RESET)
</UL>
<P><STRONG><a name="[35]"></a>SPI1_IRQHandler</STRONG> (Thumb, 0 bytes, Stack size 0 bytes, startup_gd32e23x.o(.text))
<BR>[Address Reference Count : 1]<UL><LI> startup_gd32e23x.o(RESET)
</UL>
<P><STRONG><a name="[2a]"></a>TIMER0_BRK_UP_TRG_COM_IRQHandler</STRONG> (Thumb, 0 bytes, Stack size 0 bytes, startup_gd32e23x.o(.text))
<BR>[Address Reference Count : 1]<UL><LI> startup_gd32e23x.o(RESET)
</UL>
<P><STRONG><a name="[2b]"></a>TIMER0_Channel_IRQHandler</STRONG> (Thumb, 0 bytes, Stack size 0 bytes, startup_gd32e23x.o(.text))
<BR>[Address Reference Count : 1]<UL><LI> startup_gd32e23x.o(RESET)
</UL>
<P><STRONG><a name="[2e]"></a>TIMER13_IRQHandler</STRONG> (Thumb, 0 bytes, Stack size 0 bytes, startup_gd32e23x.o(.text))
<BR>[Address Reference Count : 1]<UL><LI> startup_gd32e23x.o(RESET)
</UL>
<P><STRONG><a name="[2f]"></a>TIMER14_IRQHandler</STRONG> (Thumb, 0 bytes, Stack size 0 bytes, startup_gd32e23x.o(.text))
<BR>[Address Reference Count : 1]<UL><LI> startup_gd32e23x.o(RESET)
</UL>
<P><STRONG><a name="[30]"></a>TIMER15_IRQHandler</STRONG> (Thumb, 0 bytes, Stack size 0 bytes, startup_gd32e23x.o(.text))
<BR>[Address Reference Count : 1]<UL><LI> startup_gd32e23x.o(RESET)
</UL>
<P><STRONG><a name="[31]"></a>TIMER16_IRQHandler</STRONG> (Thumb, 0 bytes, Stack size 0 bytes, startup_gd32e23x.o(.text))
<BR>[Address Reference Count : 1]<UL><LI> startup_gd32e23x.o(RESET)
</UL>
<P><STRONG><a name="[2d]"></a>TIMER5_IRQHandler</STRONG> (Thumb, 0 bytes, Stack size 0 bytes, startup_gd32e23x.o(.text))
<BR>[Address Reference Count : 1]<UL><LI> startup_gd32e23x.o(RESET)
</UL>
<P><STRONG><a name="[37]"></a>USART1_IRQHandler</STRONG> (Thumb, 0 bytes, Stack size 0 bytes, startup_gd32e23x.o(.text))
<BR>[Address Reference Count : 1]<UL><LI> startup_gd32e23x.o(RESET)
</UL>
<P><STRONG><a name="[1e]"></a>WWDGT_IRQHandler</STRONG> (Thumb, 0 bytes, Stack size 0 bytes, startup_gd32e23x.o(.text))
<BR>[Address Reference Count : 1]<UL><LI> startup_gd32e23x.o(RESET)
</UL>
<P><STRONG><a name="[8d]"></a>__aeabi_memcpy</STRONG> (Thumb, 36 bytes, Stack size 0 bytes, memcpya.o(.text))
<BR><BR>[Called By]<UL><LI><a href="#[17]">&gt;&gt;</a>&nbsp;&nbsp;&nbsp;_DCALf
<LI><a href="#[14]">&gt;&gt;</a>&nbsp;&nbsp;&nbsp;_AUDOf
<LI><a href="#[85]">&gt;&gt;</a>&nbsp;&nbsp;&nbsp;CMOS_DIS
<LI><a href="#[84]">&gt;&gt;</a>&nbsp;&nbsp;&nbsp;LSD_Calibration
</UL>

<P><STRONG><a name="[ec]"></a>__aeabi_memcpy4</STRONG> (Thumb, 0 bytes, Stack size 0 bytes, memcpya.o(.text), UNUSED)

<P><STRONG><a name="[ed]"></a>__aeabi_memcpy8</STRONG> (Thumb, 0 bytes, Stack size 0 bytes, memcpya.o(.text), UNUSED)

<P><STRONG><a name="[42]"></a>__aeabi_memset</STRONG> (Thumb, 14 bytes, Stack size 0 bytes, memseta.o(.text), UNUSED)
<BR><BR>[Called By]<UL><LI><a href="#[43]">&gt;&gt;</a>&nbsp;&nbsp;&nbsp;_memset$wrapper
<LI><a href="#[41]">&gt;&gt;</a>&nbsp;&nbsp;&nbsp;__aeabi_memclr
</UL>

<P><STRONG><a name="[ee]"></a>__aeabi_memset4</STRONG> (Thumb, 0 bytes, Stack size 0 bytes, memseta.o(.text), UNUSED)

<P><STRONG><a name="[ef]"></a>__aeabi_memset8</STRONG> (Thumb, 0 bytes, Stack size 0 bytes, memseta.o(.text), UNUSED)

<P><STRONG><a name="[41]"></a>__aeabi_memclr</STRONG> (Thumb, 4 bytes, Stack size 0 bytes, memseta.o(.text), UNUSED)
<BR><BR>[Calls]<UL><LI><a href="#[42]">&gt;&gt;</a>&nbsp;&nbsp;&nbsp;__aeabi_memset
</UL>

<P><STRONG><a name="[81]"></a>__aeabi_memclr4</STRONG> (Thumb, 0 bytes, Stack size 0 bytes, memseta.o(.text))
<BR><BR>[Called By]<UL><LI><a href="#[af]">&gt;&gt;</a>&nbsp;&nbsp;&nbsp;UART_TEST_HANDLE
<LI><a href="#[80]">&gt;&gt;</a>&nbsp;&nbsp;&nbsp;CMOS_ADC
</UL>

<P><STRONG><a name="[f0]"></a>__aeabi_memclr8</STRONG> (Thumb, 0 bytes, Stack size 0 bytes, memseta.o(.text), UNUSED)

<P><STRONG><a name="[43]"></a>_memset$wrapper</STRONG> (Thumb, 18 bytes, Stack size 8 bytes, memseta.o(.text), UNUSED)
<BR><BR>[Calls]<UL><LI><a href="#[42]">&gt;&gt;</a>&nbsp;&nbsp;&nbsp;__aeabi_memset
</UL>

<P><STRONG><a name="[c4]"></a>strchr</STRONG> (Thumb, 20 bytes, Stack size 0 bytes, strchr.o(.text))
<BR><BR>[Called By]<UL><LI><a href="#[9]">&gt;&gt;</a>&nbsp;&nbsp;&nbsp;_WRFLf
<LI><a href="#[e]">&gt;&gt;</a>&nbsp;&nbsp;&nbsp;_WPWMf
<LI><a href="#[7]">&gt;&gt;</a>&nbsp;&nbsp;&nbsp;_SETPf
<LI><a href="#[13]">&gt;&gt;</a>&nbsp;&nbsp;&nbsp;_SETEf
<LI><a href="#[15]">&gt;&gt;</a>&nbsp;&nbsp;&nbsp;_SATLf
<LI><a href="#[8]">&gt;&gt;</a>&nbsp;&nbsp;&nbsp;_RDFLf
</UL>

<P><STRONG><a name="[b0]"></a>strlen</STRONG> (Thumb, 14 bytes, Stack size 0 bytes, strlen.o(.text))
<BR><BR>[Called By]<UL><LI><a href="#[af]">&gt;&gt;</a>&nbsp;&nbsp;&nbsp;UART_TEST_HANDLE
</UL>

<P><STRONG><a name="[44]"></a>atoi</STRONG> (Thumb, 26 bytes, Stack size 16 bytes, atoi.o(.text))
<BR><BR>[Stack]<UL><LI>Max Depth = 88<LI>Call Chain = atoi &rArr; strtol &rArr; _strtoul
</UL>
<BR>[Calls]<UL><LI><a href="#[46]">&gt;&gt;</a>&nbsp;&nbsp;&nbsp;strtol
<LI><a href="#[45]">&gt;&gt;</a>&nbsp;&nbsp;&nbsp;__aeabi_errno_addr
</UL>
<BR>[Called By]<UL><LI><a href="#[9]">&gt;&gt;</a>&nbsp;&nbsp;&nbsp;_WRFLf
<LI><a href="#[e]">&gt;&gt;</a>&nbsp;&nbsp;&nbsp;_WPWMf
<LI><a href="#[7]">&gt;&gt;</a>&nbsp;&nbsp;&nbsp;_SETPf
<LI><a href="#[13]">&gt;&gt;</a>&nbsp;&nbsp;&nbsp;_SETEf
<LI><a href="#[15]">&gt;&gt;</a>&nbsp;&nbsp;&nbsp;_SATLf
<LI><a href="#[8]">&gt;&gt;</a>&nbsp;&nbsp;&nbsp;_RDFLf
</UL>

<P><STRONG><a name="[47]"></a>__aeabi_fadd</STRONG> (Thumb, 162 bytes, Stack size 24 bytes, fadd.o(.text))
<BR><BR>[Stack]<UL><LI>Max Depth = 36<LI>Call Chain = __aeabi_fadd &rArr; _float_epilogue
</UL>
<BR>[Calls]<UL><LI><a href="#[49]">&gt;&gt;</a>&nbsp;&nbsp;&nbsp;_float_round
<LI><a href="#[48]">&gt;&gt;</a>&nbsp;&nbsp;&nbsp;_float_epilogue
</UL>
<BR>[Called By]<UL><LI><a href="#[4b]">&gt;&gt;</a>&nbsp;&nbsp;&nbsp;__aeabi_frsub
<LI><a href="#[4a]">&gt;&gt;</a>&nbsp;&nbsp;&nbsp;__aeabi_fsub
</UL>

<P><STRONG><a name="[4a]"></a>__aeabi_fsub</STRONG> (Thumb, 8 bytes, Stack size 0 bytes, fadd.o(.text))
<BR><BR>[Stack]<UL><LI>Max Depth = 36<LI>Call Chain = __aeabi_fsub &rArr; __aeabi_fadd &rArr; _float_epilogue
</UL>
<BR>[Calls]<UL><LI><a href="#[47]">&gt;&gt;</a>&nbsp;&nbsp;&nbsp;__aeabi_fadd
</UL>
<BR>[Called By]<UL><LI><a href="#[85]">&gt;&gt;</a>&nbsp;&nbsp;&nbsp;CMOS_DIS
</UL>

<P><STRONG><a name="[4b]"></a>__aeabi_frsub</STRONG> (Thumb, 8 bytes, Stack size 0 bytes, fadd.o(.text), UNUSED)
<BR><BR>[Calls]<UL><LI><a href="#[47]">&gt;&gt;</a>&nbsp;&nbsp;&nbsp;__aeabi_fadd
</UL>

<P><STRONG><a name="[92]"></a>__aeabi_fmul</STRONG> (Thumb, 122 bytes, Stack size 16 bytes, fmul.o(.text))
<BR><BR>[Stack]<UL><LI>Max Depth = 16<LI>Call Chain = __aeabi_fmul
</UL>
<BR>[Called By]<UL><LI><a href="#[a]">&gt;&gt;</a>&nbsp;&nbsp;&nbsp;_SETOf
<LI><a href="#[2]">&gt;&gt;</a>&nbsp;&nbsp;&nbsp;_LAONf
<LI><a href="#[f]">&gt;&gt;</a>&nbsp;&nbsp;&nbsp;_LAINf
<LI><a href="#[a9]">&gt;&gt;</a>&nbsp;&nbsp;&nbsp;TIM2_Reinit
<LI><a href="#[91]">&gt;&gt;</a>&nbsp;&nbsp;&nbsp;CMOS_work
</UL>

<P><STRONG><a name="[4c]"></a>__aeabi_fdiv</STRONG> (Thumb, 124 bytes, Stack size 16 bytes, fdiv.o(.text))
<BR><BR>[Stack]<UL><LI>Max Depth = 16<LI>Call Chain = __aeabi_fdiv
</UL>
<BR>[Calls]<UL><LI><a href="#[49]">&gt;&gt;</a>&nbsp;&nbsp;&nbsp;_float_round
</UL>
<BR>[Called By]<UL><LI><a href="#[a]">&gt;&gt;</a>&nbsp;&nbsp;&nbsp;_SETOf
<LI><a href="#[2]">&gt;&gt;</a>&nbsp;&nbsp;&nbsp;_LAONf
<LI><a href="#[f]">&gt;&gt;</a>&nbsp;&nbsp;&nbsp;_LAINf
<LI><a href="#[a9]">&gt;&gt;</a>&nbsp;&nbsp;&nbsp;TIM2_Reinit
<LI><a href="#[91]">&gt;&gt;</a>&nbsp;&nbsp;&nbsp;CMOS_work
</UL>

<P><STRONG><a name="[4d]"></a>__aeabi_dmul</STRONG> (Thumb, 202 bytes, Stack size 72 bytes, dmul.o(.text))
<BR><BR>[Stack]<UL><LI>Max Depth = 128<LI>Call Chain = __aeabi_dmul &rArr; _double_epilogue &rArr; _double_round
</UL>
<BR>[Calls]<UL><LI><a href="#[4e]">&gt;&gt;</a>&nbsp;&nbsp;&nbsp;_double_epilogue
</UL>
<BR>[Called By]<UL><LI><a href="#[c3]">&gt;&gt;</a>&nbsp;&nbsp;&nbsp;readtemp
<LI><a href="#[85]">&gt;&gt;</a>&nbsp;&nbsp;&nbsp;CMOS_DIS
<LI><a href="#[e1]">&gt;&gt;</a>&nbsp;&nbsp;&nbsp;_fp_digits
</UL>

<P><STRONG><a name="[87]"></a>__aeabi_fcmple</STRONG> (Thumb, 28 bytes, Stack size 0 bytes, fcmple.o(.text))
<BR><BR>[Called By]<UL><LI><a href="#[85]">&gt;&gt;</a>&nbsp;&nbsp;&nbsp;CMOS_DIS
</UL>

<P><STRONG><a name="[88]"></a>__aeabi_fcmpge</STRONG> (Thumb, 28 bytes, Stack size 0 bytes, fcmpge.o(.text))
<BR><BR>[Called By]<UL><LI><a href="#[85]">&gt;&gt;</a>&nbsp;&nbsp;&nbsp;CMOS_DIS
</UL>

<P><STRONG><a name="[4f]"></a>__aeabi_i2f</STRONG> (Thumb, 22 bytes, Stack size 8 bytes, fflti.o(.text))
<BR><BR>[Stack]<UL><LI>Max Depth = 20<LI>Call Chain = __aeabi_i2f &rArr; _float_epilogue
</UL>
<BR>[Calls]<UL><LI><a href="#[48]">&gt;&gt;</a>&nbsp;&nbsp;&nbsp;_float_epilogue
</UL>
<BR>[Called By]<UL><LI><a href="#[80]">&gt;&gt;</a>&nbsp;&nbsp;&nbsp;CMOS_ADC
</UL>

<P><STRONG><a name="[50]"></a>__aeabi_ui2f</STRONG> (Thumb, 14 bytes, Stack size 8 bytes, ffltui.o(.text))
<BR><BR>[Stack]<UL><LI>Max Depth = 20<LI>Call Chain = __aeabi_ui2f &rArr; _float_epilogue
</UL>
<BR>[Calls]<UL><LI><a href="#[48]">&gt;&gt;</a>&nbsp;&nbsp;&nbsp;_float_epilogue
</UL>
<BR>[Called By]<UL><LI><a href="#[a]">&gt;&gt;</a>&nbsp;&nbsp;&nbsp;_SETOf
<LI><a href="#[2]">&gt;&gt;</a>&nbsp;&nbsp;&nbsp;_LAONf
<LI><a href="#[f]">&gt;&gt;</a>&nbsp;&nbsp;&nbsp;_LAINf
<LI><a href="#[a9]">&gt;&gt;</a>&nbsp;&nbsp;&nbsp;TIM2_Reinit
<LI><a href="#[91]">&gt;&gt;</a>&nbsp;&nbsp;&nbsp;CMOS_work
</UL>

<P><STRONG><a name="[51]"></a>__aeabi_i2d</STRONG> (Thumb, 34 bytes, Stack size 16 bytes, dflti.o(.text))
<BR><BR>[Stack]<UL><LI>Max Depth = 72<LI>Call Chain = __aeabi_i2d &rArr; _double_epilogue &rArr; _double_round
</UL>
<BR>[Calls]<UL><LI><a href="#[4e]">&gt;&gt;</a>&nbsp;&nbsp;&nbsp;_double_epilogue
</UL>
<BR>[Called By]<UL><LI><a href="#[c3]">&gt;&gt;</a>&nbsp;&nbsp;&nbsp;readtemp
</UL>

<P><STRONG><a name="[89]"></a>__aeabi_f2iz</STRONG> (Thumb, 50 bytes, Stack size 0 bytes, ffixi.o(.text))
<BR><BR>[Called By]<UL><LI><a href="#[a]">&gt;&gt;</a>&nbsp;&nbsp;&nbsp;_SETOf
<LI><a href="#[2]">&gt;&gt;</a>&nbsp;&nbsp;&nbsp;_LAONf
<LI><a href="#[f]">&gt;&gt;</a>&nbsp;&nbsp;&nbsp;_LAINf
<LI><a href="#[a9]">&gt;&gt;</a>&nbsp;&nbsp;&nbsp;TIM2_Reinit
<LI><a href="#[91]">&gt;&gt;</a>&nbsp;&nbsp;&nbsp;CMOS_work
<LI><a href="#[85]">&gt;&gt;</a>&nbsp;&nbsp;&nbsp;CMOS_DIS
</UL>

<P><STRONG><a name="[86]"></a>__aeabi_f2d</STRONG> (Thumb, 40 bytes, Stack size 0 bytes, f2d.o(.text))
<BR><BR>[Called By]<UL><LI><a href="#[85]">&gt;&gt;</a>&nbsp;&nbsp;&nbsp;CMOS_DIS
</UL>

<P><STRONG><a name="[52]"></a>__aeabi_d2f</STRONG> (Thumb, 56 bytes, Stack size 8 bytes, d2f.o(.text))
<BR><BR>[Stack]<UL><LI>Max Depth = 8<LI>Call Chain = __aeabi_d2f
</UL>
<BR>[Calls]<UL><LI><a href="#[49]">&gt;&gt;</a>&nbsp;&nbsp;&nbsp;_float_round
</UL>
<BR>[Called By]<UL><LI><a href="#[85]">&gt;&gt;</a>&nbsp;&nbsp;&nbsp;CMOS_DIS
</UL>

<P><STRONG><a name="[53]"></a>__aeabi_uldivmod</STRONG> (Thumb, 96 bytes, Stack size 48 bytes, uldiv.o(.text), UNUSED)
<BR><BR>[Calls]<UL><LI><a href="#[54]">&gt;&gt;</a>&nbsp;&nbsp;&nbsp;__aeabi_llsr
<LI><a href="#[55]">&gt;&gt;</a>&nbsp;&nbsp;&nbsp;__aeabi_llsl
</UL>
<BR>[Called By]<UL><LI><a href="#[df]">&gt;&gt;</a>&nbsp;&nbsp;&nbsp;_printf_core
<LI><a href="#[e1]">&gt;&gt;</a>&nbsp;&nbsp;&nbsp;_fp_digits
</UL>

<P><STRONG><a name="[46]"></a>strtol</STRONG> (Thumb, 108 bytes, Stack size 32 bytes, strtol.o(.text))
<BR><BR>[Stack]<UL><LI>Max Depth = 72<LI>Call Chain = strtol &rArr; _strtoul
</UL>
<BR>[Calls]<UL><LI><a href="#[45]">&gt;&gt;</a>&nbsp;&nbsp;&nbsp;__aeabi_errno_addr
<LI><a href="#[57]">&gt;&gt;</a>&nbsp;&nbsp;&nbsp;_strtoul
<LI><a href="#[56]">&gt;&gt;</a>&nbsp;&nbsp;&nbsp;__rt_ctype_table
</UL>
<BR>[Called By]<UL><LI><a href="#[44]">&gt;&gt;</a>&nbsp;&nbsp;&nbsp;atoi
</UL>

<P><STRONG><a name="[f1]"></a>__I$use$fp</STRONG> (Thumb, 0 bytes, Stack size 0 bytes, iusefp.o(.text), UNUSED)

<P><STRONG><a name="[49]"></a>_float_round</STRONG> (Thumb, 16 bytes, Stack size 0 bytes, fepilogue.o(.text))
<BR><BR>[Called By]<UL><LI><a href="#[4c]">&gt;&gt;</a>&nbsp;&nbsp;&nbsp;__aeabi_fdiv
<LI><a href="#[47]">&gt;&gt;</a>&nbsp;&nbsp;&nbsp;__aeabi_fadd
<LI><a href="#[52]">&gt;&gt;</a>&nbsp;&nbsp;&nbsp;__aeabi_d2f
</UL>

<P><STRONG><a name="[48]"></a>_float_epilogue</STRONG> (Thumb, 114 bytes, Stack size 12 bytes, fepilogue.o(.text))
<BR><BR>[Stack]<UL><LI>Max Depth = 12<LI>Call Chain = _float_epilogue
</UL>
<BR>[Called By]<UL><LI><a href="#[50]">&gt;&gt;</a>&nbsp;&nbsp;&nbsp;__aeabi_ui2f
<LI><a href="#[47]">&gt;&gt;</a>&nbsp;&nbsp;&nbsp;__aeabi_fadd
<LI><a href="#[4f]">&gt;&gt;</a>&nbsp;&nbsp;&nbsp;__aeabi_i2f
</UL>

<P><STRONG><a name="[59]"></a>_double_round</STRONG> (Thumb, 26 bytes, Stack size 8 bytes, depilogue.o(.text))
<BR><BR>[Stack]<UL><LI>Max Depth = 8<LI>Call Chain = _double_round
</UL>
<BR>[Called By]<UL><LI><a href="#[4e]">&gt;&gt;</a>&nbsp;&nbsp;&nbsp;_double_epilogue
<LI><a href="#[5e]">&gt;&gt;</a>&nbsp;&nbsp;&nbsp;__aeabi_ddiv
<LI><a href="#[5a]">&gt;&gt;</a>&nbsp;&nbsp;&nbsp;__aeabi_dadd
</UL>

<P><STRONG><a name="[4e]"></a>_double_epilogue</STRONG> (Thumb, 164 bytes, Stack size 48 bytes, depilogue.o(.text))
<BR><BR>[Stack]<UL><LI>Max Depth = 56<LI>Call Chain = _double_epilogue &rArr; _double_round
</UL>
<BR>[Calls]<UL><LI><a href="#[59]">&gt;&gt;</a>&nbsp;&nbsp;&nbsp;_double_round
<LI><a href="#[54]">&gt;&gt;</a>&nbsp;&nbsp;&nbsp;__aeabi_llsr
<LI><a href="#[55]">&gt;&gt;</a>&nbsp;&nbsp;&nbsp;__aeabi_llsl
<LI><a href="#[58]">&gt;&gt;</a>&nbsp;&nbsp;&nbsp;__ARM_clz
</UL>
<BR>[Called By]<UL><LI><a href="#[5a]">&gt;&gt;</a>&nbsp;&nbsp;&nbsp;__aeabi_dadd
<LI><a href="#[51]">&gt;&gt;</a>&nbsp;&nbsp;&nbsp;__aeabi_i2d
<LI><a href="#[4d]">&gt;&gt;</a>&nbsp;&nbsp;&nbsp;__aeabi_dmul
</UL>

<P><STRONG><a name="[5a]"></a>__aeabi_dadd</STRONG> (Thumb, 328 bytes, Stack size 48 bytes, dadd.o(.text), UNUSED)
<BR><BR>[Calls]<UL><LI><a href="#[59]">&gt;&gt;</a>&nbsp;&nbsp;&nbsp;_double_round
<LI><a href="#[4e]">&gt;&gt;</a>&nbsp;&nbsp;&nbsp;_double_epilogue
<LI><a href="#[5b]">&gt;&gt;</a>&nbsp;&nbsp;&nbsp;__aeabi_lasr
<LI><a href="#[55]">&gt;&gt;</a>&nbsp;&nbsp;&nbsp;__aeabi_llsl
</UL>
<BR>[Called By]<UL><LI><a href="#[e1]">&gt;&gt;</a>&nbsp;&nbsp;&nbsp;_fp_digits
<LI><a href="#[5d]">&gt;&gt;</a>&nbsp;&nbsp;&nbsp;__aeabi_drsub
<LI><a href="#[5c]">&gt;&gt;</a>&nbsp;&nbsp;&nbsp;__aeabi_dsub
</UL>

<P><STRONG><a name="[5c]"></a>__aeabi_dsub</STRONG> (Thumb, 12 bytes, Stack size 8 bytes, dadd.o(.text), UNUSED)
<BR><BR>[Calls]<UL><LI><a href="#[5a]">&gt;&gt;</a>&nbsp;&nbsp;&nbsp;__aeabi_dadd
</UL>

<P><STRONG><a name="[5d]"></a>__aeabi_drsub</STRONG> (Thumb, 12 bytes, Stack size 8 bytes, dadd.o(.text), UNUSED)
<BR><BR>[Calls]<UL><LI><a href="#[5a]">&gt;&gt;</a>&nbsp;&nbsp;&nbsp;__aeabi_dadd
</UL>

<P><STRONG><a name="[5e]"></a>__aeabi_ddiv</STRONG> (Thumb, 234 bytes, Stack size 40 bytes, ddiv.o(.text), UNUSED)
<BR><BR>[Calls]<UL><LI><a href="#[59]">&gt;&gt;</a>&nbsp;&nbsp;&nbsp;_double_round
</UL>
<BR>[Called By]<UL><LI><a href="#[e1]">&gt;&gt;</a>&nbsp;&nbsp;&nbsp;_fp_digits
</UL>

<P><STRONG><a name="[5f]"></a>__aeabi_d2ulz</STRONG> (Thumb, 54 bytes, Stack size 8 bytes, dfixul.o(.text), UNUSED)
<BR><BR>[Calls]<UL><LI><a href="#[54]">&gt;&gt;</a>&nbsp;&nbsp;&nbsp;__aeabi_llsr
<LI><a href="#[55]">&gt;&gt;</a>&nbsp;&nbsp;&nbsp;__aeabi_llsl
</UL>
<BR>[Called By]<UL><LI><a href="#[e1]">&gt;&gt;</a>&nbsp;&nbsp;&nbsp;_fp_digits
</UL>

<P><STRONG><a name="[e2]"></a>__aeabi_cdrcmple</STRONG> (Thumb, 38 bytes, Stack size 0 bytes, cdrcmple.o(.text), UNUSED)
<BR><BR>[Called By]<UL><LI><a href="#[e1]">&gt;&gt;</a>&nbsp;&nbsp;&nbsp;_fp_digits
</UL>

<P><STRONG><a name="[40]"></a>__scatterload</STRONG> (Thumb, 28 bytes, Stack size 0 bytes, init.o(.text))
<BR><BR>[Calls]<UL><LI><a href="#[60]">&gt;&gt;</a>&nbsp;&nbsp;&nbsp;__main_after_scatterload
</UL>
<BR>[Called By]<UL><LI><a href="#[3f]">&gt;&gt;</a>&nbsp;&nbsp;&nbsp;_main_scatterload
</UL>

<P><STRONG><a name="[f2]"></a>__scatterload_rt2</STRONG> (Thumb, 0 bytes, Stack size 0 bytes, init.o(.text), UNUSED)

<P><STRONG><a name="[f3]"></a>__aeabi_uidiv$div0</STRONG> (Thumb, 0 bytes, Stack size 16 bytes, uidiv_div0.o(.text), UNUSED)

<P><STRONG><a name="[e5]"></a>__aeabi_uidivmod</STRONG> (Thumb, 62 bytes, Stack size 16 bytes, uidiv_div0.o(.text), UNUSED)
<BR><BR>[Called By]<UL><LI><a href="#[df]">&gt;&gt;</a>&nbsp;&nbsp;&nbsp;_printf_core
</UL>

<P><STRONG><a name="[55]"></a>__aeabi_llsl</STRONG> (Thumb, 32 bytes, Stack size 8 bytes, llshl.o(.text))
<BR><BR>[Stack]<UL><LI>Max Depth = 8<LI>Call Chain = __aeabi_llsl
</UL>
<BR>[Called By]<UL><LI><a href="#[53]">&gt;&gt;</a>&nbsp;&nbsp;&nbsp;__aeabi_uldivmod
<LI><a href="#[4e]">&gt;&gt;</a>&nbsp;&nbsp;&nbsp;_double_epilogue
<LI><a href="#[5a]">&gt;&gt;</a>&nbsp;&nbsp;&nbsp;__aeabi_dadd
<LI><a href="#[5f]">&gt;&gt;</a>&nbsp;&nbsp;&nbsp;__aeabi_d2ulz
</UL>

<P><STRONG><a name="[f4]"></a>_ll_shift_l</STRONG> (Thumb, 0 bytes, Stack size 8 bytes, llshl.o(.text), UNUSED)

<P><STRONG><a name="[54]"></a>__aeabi_llsr</STRONG> (Thumb, 34 bytes, Stack size 8 bytes, llushr.o(.text))
<BR><BR>[Stack]<UL><LI>Max Depth = 8<LI>Call Chain = __aeabi_llsr
</UL>
<BR>[Called By]<UL><LI><a href="#[53]">&gt;&gt;</a>&nbsp;&nbsp;&nbsp;__aeabi_uldivmod
<LI><a href="#[4e]">&gt;&gt;</a>&nbsp;&nbsp;&nbsp;_double_epilogue
<LI><a href="#[5f]">&gt;&gt;</a>&nbsp;&nbsp;&nbsp;__aeabi_d2ulz
</UL>

<P><STRONG><a name="[f5]"></a>_ll_ushift_r</STRONG> (Thumb, 0 bytes, Stack size 8 bytes, llushr.o(.text), UNUSED)

<P><STRONG><a name="[5b]"></a>__aeabi_lasr</STRONG> (Thumb, 38 bytes, Stack size 8 bytes, llsshr.o(.text), UNUSED)
<BR><BR>[Called By]<UL><LI><a href="#[5a]">&gt;&gt;</a>&nbsp;&nbsp;&nbsp;__aeabi_dadd
</UL>

<P><STRONG><a name="[f6]"></a>_ll_sshift_r</STRONG> (Thumb, 0 bytes, Stack size 8 bytes, llsshr.o(.text), UNUSED)

<P><STRONG><a name="[56]"></a>__rt_ctype_table</STRONG> (Thumb, 4 bytes, Stack size 0 bytes, ctype_o.o(.text))
<BR><BR>[Called By]<UL><LI><a href="#[46]">&gt;&gt;</a>&nbsp;&nbsp;&nbsp;strtol
</UL>

<P><STRONG><a name="[57]"></a>_strtoul</STRONG> (Thumb, 166 bytes, Stack size 40 bytes, _strtoul.o(.text))
<BR><BR>[Stack]<UL><LI>Max Depth = 40<LI>Call Chain = _strtoul
</UL>
<BR>[Calls]<UL><LI><a href="#[45]">&gt;&gt;</a>&nbsp;&nbsp;&nbsp;__aeabi_errno_addr
<LI><a href="#[61]">&gt;&gt;</a>&nbsp;&nbsp;&nbsp;_chval
</UL>
<BR>[Called By]<UL><LI><a href="#[46]">&gt;&gt;</a>&nbsp;&nbsp;&nbsp;strtol
</UL>

<P><STRONG><a name="[61]"></a>_chval</STRONG> (Thumb, 30 bytes, Stack size 0 bytes, _chval.o(.text))
<BR><BR>[Called By]<UL><LI><a href="#[57]">&gt;&gt;</a>&nbsp;&nbsp;&nbsp;_strtoul
</UL>

<P><STRONG><a name="[f7]"></a>__decompress</STRONG> (Thumb, 0 bytes, Stack size unknown bytes, __dczerorl2.o(.text), UNUSED)

<P><STRONG><a name="[f8]"></a>__decompress1</STRONG> (Thumb, 86 bytes, Stack size unknown bytes, __dczerorl2.o(.text), UNUSED)

<P><STRONG><a name="[62]"></a>ADC_Init</STRONG> (Thumb, 232 bytes, Stack size 24 bytes, adc.o(.text.ADC_Init))
<BR><BR>[Stack]<UL><LI>Max Depth = 52<LI>Call Chain = ADC_Init &rArr; gpio_mode_set
</UL>
<BR>[Calls]<UL><LI><a href="#[65]">&gt;&gt;</a>&nbsp;&nbsp;&nbsp;rcu_adc_clock_config
<LI><a href="#[6a]">&gt;&gt;</a>&nbsp;&nbsp;&nbsp;dma_memory_to_memory_disable
<LI><a href="#[6b]">&gt;&gt;</a>&nbsp;&nbsp;&nbsp;dma_interrupt_enable
<LI><a href="#[68]">&gt;&gt;</a>&nbsp;&nbsp;&nbsp;dma_init
<LI><a href="#[67]">&gt;&gt;</a>&nbsp;&nbsp;&nbsp;dma_deinit
<LI><a href="#[69]">&gt;&gt;</a>&nbsp;&nbsp;&nbsp;dma_circulation_disable
<LI><a href="#[6d]">&gt;&gt;</a>&nbsp;&nbsp;&nbsp;adc_special_function_config
<LI><a href="#[6f]">&gt;&gt;</a>&nbsp;&nbsp;&nbsp;adc_resolution_config
<LI><a href="#[71]">&gt;&gt;</a>&nbsp;&nbsp;&nbsp;adc_regular_channel_config
<LI><a href="#[72]">&gt;&gt;</a>&nbsp;&nbsp;&nbsp;adc_interrupt_enable
<LI><a href="#[74]">&gt;&gt;</a>&nbsp;&nbsp;&nbsp;adc_external_trigger_source_config
<LI><a href="#[77]">&gt;&gt;</a>&nbsp;&nbsp;&nbsp;adc_external_trigger_config
<LI><a href="#[75]">&gt;&gt;</a>&nbsp;&nbsp;&nbsp;adc_enable
<LI><a href="#[73]">&gt;&gt;</a>&nbsp;&nbsp;&nbsp;adc_dma_mode_enable
<LI><a href="#[6c]">&gt;&gt;</a>&nbsp;&nbsp;&nbsp;adc_deinit
<LI><a href="#[6e]">&gt;&gt;</a>&nbsp;&nbsp;&nbsp;adc_data_alignment_config
<LI><a href="#[70]">&gt;&gt;</a>&nbsp;&nbsp;&nbsp;adc_channel_length_config
<LI><a href="#[76]">&gt;&gt;</a>&nbsp;&nbsp;&nbsp;adc_calibration_enable
<LI><a href="#[63]">&gt;&gt;</a>&nbsp;&nbsp;&nbsp;rcu_periph_clock_enable
<LI><a href="#[64]">&gt;&gt;</a>&nbsp;&nbsp;&nbsp;gpio_mode_set
<LI><a href="#[66]">&gt;&gt;</a>&nbsp;&nbsp;&nbsp;delay_1ms
</UL>
<BR>[Called By]<UL><LI><a href="#[3a]">&gt;&gt;</a>&nbsp;&nbsp;&nbsp;main
</UL>

<P><STRONG><a name="[78]"></a>ADC_Start_DMA</STRONG> (Thumb, 96 bytes, Stack size 24 bytes, adc.o(.text.ADC_Start_DMA))
<BR><BR>[Stack]<UL><LI>Max Depth = 40<LI>Call Chain = ADC_Start_DMA &rArr; dma_init
</UL>
<BR>[Calls]<UL><LI><a href="#[7a]">&gt;&gt;</a>&nbsp;&nbsp;&nbsp;dma_interrupt_flag_clear
<LI><a href="#[68]">&gt;&gt;</a>&nbsp;&nbsp;&nbsp;dma_init
<LI><a href="#[7c]">&gt;&gt;</a>&nbsp;&nbsp;&nbsp;dma_channel_enable
<LI><a href="#[7b]">&gt;&gt;</a>&nbsp;&nbsp;&nbsp;dma_channel_disable
<LI><a href="#[7d]">&gt;&gt;</a>&nbsp;&nbsp;&nbsp;adc_flag_get
<LI><a href="#[75]">&gt;&gt;</a>&nbsp;&nbsp;&nbsp;adc_enable
<LI><a href="#[73]">&gt;&gt;</a>&nbsp;&nbsp;&nbsp;adc_dma_mode_enable
<LI><a href="#[79]">&gt;&gt;</a>&nbsp;&nbsp;&nbsp;adc_disable
</UL>
<BR>[Called By]<UL><LI><a href="#[91]">&gt;&gt;</a>&nbsp;&nbsp;&nbsp;CMOS_work
<LI><a href="#[3a]">&gt;&gt;</a>&nbsp;&nbsp;&nbsp;main
<LI><a href="#[95]">&gt;&gt;</a>&nbsp;&nbsp;&nbsp;DMA_ConvCpltCallback
</UL>

<P><STRONG><a name="[7e]"></a>ADC_Stop_DMA</STRONG> (Thumb, 22 bytes, Stack size 8 bytes, adc.o(.text.ADC_Stop_DMA))
<BR><BR>[Stack]<UL><LI>Max Depth = 8<LI>Call Chain = ADC_Stop_DMA
</UL>
<BR>[Calls]<UL><LI><a href="#[7b]">&gt;&gt;</a>&nbsp;&nbsp;&nbsp;dma_channel_disable
<LI><a href="#[7f]">&gt;&gt;</a>&nbsp;&nbsp;&nbsp;adc_dma_mode_disable
<LI><a href="#[79]">&gt;&gt;</a>&nbsp;&nbsp;&nbsp;adc_disable
</UL>
<BR>[Called By]<UL><LI><a href="#[6]">&gt;&gt;</a>&nbsp;&nbsp;&nbsp;_MEOFf
<LI><a href="#[83]">&gt;&gt;</a>&nbsp;&nbsp;&nbsp;CMOS_turnoff
</UL>

<P><STRONG><a name="[80]"></a>CMOS_ADC</STRONG> (Thumb, 528 bytes, Stack size 104 bytes, user.o(.text.CMOS_ADC))
<BR><BR>[Stack]<UL><LI>Max Depth = 256<LI>Call Chain = CMOS_ADC &rArr; CMOS_DIS &rArr; __aeabi_dmul &rArr; _double_epilogue &rArr; _double_round
</UL>
<BR>[Calls]<UL><LI><a href="#[83]">&gt;&gt;</a>&nbsp;&nbsp;&nbsp;CMOS_turnoff
<LI><a href="#[85]">&gt;&gt;</a>&nbsp;&nbsp;&nbsp;CMOS_DIS
<LI><a href="#[82]">&gt;&gt;</a>&nbsp;&nbsp;&nbsp;__2printf
<LI><a href="#[81]">&gt;&gt;</a>&nbsp;&nbsp;&nbsp;__aeabi_memclr4
<LI><a href="#[4f]">&gt;&gt;</a>&nbsp;&nbsp;&nbsp;__aeabi_i2f
<LI><a href="#[84]">&gt;&gt;</a>&nbsp;&nbsp;&nbsp;LSD_Calibration
</UL>
<BR>[Called By]<UL><LI><a href="#[3a]">&gt;&gt;</a>&nbsp;&nbsp;&nbsp;main
</UL>

<P><STRONG><a name="[85]"></a>CMOS_DIS</STRONG> (Thumb, 136 bytes, Stack size 24 bytes, user.o(.text.CMOS_DIS))
<BR><BR>[Stack]<UL><LI>Max Depth = 152<LI>Call Chain = CMOS_DIS &rArr; __aeabi_dmul &rArr; _double_epilogue &rArr; _double_round
</UL>
<BR>[Calls]<UL><LI><a href="#[89]">&gt;&gt;</a>&nbsp;&nbsp;&nbsp;__aeabi_f2iz
<LI><a href="#[8e]">&gt;&gt;</a>&nbsp;&nbsp;&nbsp;V_STR_Printf
<LI><a href="#[8a]">&gt;&gt;</a>&nbsp;&nbsp;&nbsp;FMC_WRITE_BUFFER
<LI><a href="#[8c]">&gt;&gt;</a>&nbsp;&nbsp;&nbsp;__2sprintf
<LI><a href="#[8d]">&gt;&gt;</a>&nbsp;&nbsp;&nbsp;__aeabi_memcpy
<LI><a href="#[8b]">&gt;&gt;</a>&nbsp;&nbsp;&nbsp;puts
<LI><a href="#[4a]">&gt;&gt;</a>&nbsp;&nbsp;&nbsp;__aeabi_fsub
<LI><a href="#[87]">&gt;&gt;</a>&nbsp;&nbsp;&nbsp;__aeabi_fcmple
<LI><a href="#[88]">&gt;&gt;</a>&nbsp;&nbsp;&nbsp;__aeabi_fcmpge
<LI><a href="#[86]">&gt;&gt;</a>&nbsp;&nbsp;&nbsp;__aeabi_f2d
<LI><a href="#[4d]">&gt;&gt;</a>&nbsp;&nbsp;&nbsp;__aeabi_dmul
<LI><a href="#[52]">&gt;&gt;</a>&nbsp;&nbsp;&nbsp;__aeabi_d2f
</UL>
<BR>[Called By]<UL><LI><a href="#[80]">&gt;&gt;</a>&nbsp;&nbsp;&nbsp;CMOS_ADC
</UL>

<P><STRONG><a name="[83]"></a>CMOS_turnoff</STRONG> (Thumb, 44 bytes, Stack size 16 bytes, usart.o(.text.CMOS_turnoff))
<BR><BR>[Stack]<UL><LI>Max Depth = 24<LI>Call Chain = CMOS_turnoff &rArr; ADC_Stop_DMA
</UL>
<BR>[Calls]<UL><LI><a href="#[7e]">&gt;&gt;</a>&nbsp;&nbsp;&nbsp;ADC_Stop_DMA
<LI><a href="#[90]">&gt;&gt;</a>&nbsp;&nbsp;&nbsp;timer_disable
<LI><a href="#[8f]">&gt;&gt;</a>&nbsp;&nbsp;&nbsp;timer_channel_output_pulse_value_config
</UL>
<BR>[Called By]<UL><LI><a href="#[80]">&gt;&gt;</a>&nbsp;&nbsp;&nbsp;CMOS_ADC
</UL>

<P><STRONG><a name="[91]"></a>CMOS_work</STRONG> (Thumb, 112 bytes, Stack size 16 bytes, usart.o(.text.CMOS_work))
<BR><BR>[Stack]<UL><LI>Max Depth = 56<LI>Call Chain = CMOS_work &rArr; ADC_Start_DMA &rArr; dma_init
</UL>
<BR>[Calls]<UL><LI><a href="#[50]">&gt;&gt;</a>&nbsp;&nbsp;&nbsp;__aeabi_ui2f
<LI><a href="#[92]">&gt;&gt;</a>&nbsp;&nbsp;&nbsp;__aeabi_fmul
<LI><a href="#[4c]">&gt;&gt;</a>&nbsp;&nbsp;&nbsp;__aeabi_fdiv
<LI><a href="#[89]">&gt;&gt;</a>&nbsp;&nbsp;&nbsp;__aeabi_f2iz
<LI><a href="#[66]">&gt;&gt;</a>&nbsp;&nbsp;&nbsp;delay_1ms
<LI><a href="#[78]">&gt;&gt;</a>&nbsp;&nbsp;&nbsp;ADC_Start_DMA
<LI><a href="#[93]">&gt;&gt;</a>&nbsp;&nbsp;&nbsp;timer_enable
<LI><a href="#[8f]">&gt;&gt;</a>&nbsp;&nbsp;&nbsp;timer_channel_output_pulse_value_config
</UL>
<BR>[Called By]<UL><LI><a href="#[c]">&gt;&gt;</a>&nbsp;&nbsp;&nbsp;_SHOWf
<LI><a href="#[5]">&gt;&gt;</a>&nbsp;&nbsp;&nbsp;_MEONf
<LI><a href="#[4]">&gt;&gt;</a>&nbsp;&nbsp;&nbsp;_DISTf
</UL>

<P><STRONG><a name="[26]"></a>DMA_Channel0_IRQHandler</STRONG> (Thumb, 32 bytes, Stack size 8 bytes, adc.o(.text.DMA_Channel0_IRQHandler))
<BR><BR>[Stack]<UL><LI>Max Depth = 64<LI>Call Chain = DMA_Channel0_IRQHandler &rArr; DMA_ConvCpltCallback &rArr; ADC_Start_DMA &rArr; dma_init
</UL>
<BR>[Calls]<UL><LI><a href="#[94]">&gt;&gt;</a>&nbsp;&nbsp;&nbsp;dma_flag_get
<LI><a href="#[96]">&gt;&gt;</a>&nbsp;&nbsp;&nbsp;dma_flag_clear
<LI><a href="#[95]">&gt;&gt;</a>&nbsp;&nbsp;&nbsp;DMA_ConvCpltCallback
</UL>
<BR>[Address Reference Count : 1]<UL><LI> startup_gd32e23x.o(RESET)
</UL>
<P><STRONG><a name="[95]"></a>DMA_ConvCpltCallback</STRONG> (Thumb, 112 bytes, Stack size 16 bytes, main.o(.text.DMA_ConvCpltCallback))
<BR><BR>[Stack]<UL><LI>Max Depth = 56<LI>Call Chain = DMA_ConvCpltCallback &rArr; ADC_Start_DMA &rArr; dma_init
</UL>
<BR>[Calls]<UL><LI><a href="#[97]">&gt;&gt;</a>&nbsp;&nbsp;&nbsp;gpio_bit_write
<LI><a href="#[78]">&gt;&gt;</a>&nbsp;&nbsp;&nbsp;ADC_Start_DMA
</UL>
<BR>[Called By]<UL><LI><a href="#[26]">&gt;&gt;</a>&nbsp;&nbsp;&nbsp;DMA_Channel0_IRQHandler
</UL>

<P><STRONG><a name="[23]"></a>EXTI0_1_IRQHandler</STRONG> (Thumb, 40 bytes, Stack size 8 bytes, gd32e23x_it.o(.text.EXTI0_1_IRQHandler))
<BR><BR>[Stack]<UL><LI>Max Depth = 8<LI>Call Chain = EXTI0_1_IRQHandler
</UL>
<BR>[Calls]<UL><LI><a href="#[98]">&gt;&gt;</a>&nbsp;&nbsp;&nbsp;exti_interrupt_flag_get
<LI><a href="#[99]">&gt;&gt;</a>&nbsp;&nbsp;&nbsp;exti_interrupt_flag_clear
</UL>
<BR>[Address Reference Count : 1]<UL><LI> startup_gd32e23x.o(RESET)
</UL>
<P><STRONG><a name="[c5]"></a>Execute_user_Program</STRONG> (Thumb, 32 bytes, Stack size 8 bytes, flash.o(.text.Execute_user_Program))
<BR><BR>[Stack]<UL><LI>Max Depth = 8<LI>Call Chain = Execute_user_Program
</UL>
<BR>[Called By]<UL><LI><a href="#[10]">&gt;&gt;</a>&nbsp;&nbsp;&nbsp;_UPDTf
</UL>

<P><STRONG><a name="[9a]"></a>FLASH_Init</STRONG> (Thumb, 96 bytes, Stack size 16 bytes, main.o(.text.FLASH_Init))
<BR><BR>[Stack]<UL><LI>Max Depth = 124<LI>Call Chain = FLASH_Init &rArr; timer2_config &rArr; gpio_af_set
</UL>
<BR>[Calls]<UL><LI><a href="#[9c]">&gt;&gt;</a>&nbsp;&nbsp;&nbsp;timer2_config
<LI><a href="#[8a]">&gt;&gt;</a>&nbsp;&nbsp;&nbsp;FMC_WRITE_BUFFER
<LI><a href="#[9b]">&gt;&gt;</a>&nbsp;&nbsp;&nbsp;FMC_FLASH_Read
</UL>
<BR>[Called By]<UL><LI><a href="#[3a]">&gt;&gt;</a>&nbsp;&nbsp;&nbsp;main
</UL>

<P><STRONG><a name="[9d]"></a>FMC_ERASE_PAGE</STRONG> (Thumb, 38 bytes, Stack size 16 bytes, flash.o(.text.FMC_ERASE_PAGE))
<BR><BR>[Stack]<UL><LI>Max Depth = 32<LI>Call Chain = FMC_ERASE_PAGE &rArr; fmc_page_erase
</UL>
<BR>[Calls]<UL><LI><a href="#[9e]">&gt;&gt;</a>&nbsp;&nbsp;&nbsp;fmc_unlock
<LI><a href="#[a0]">&gt;&gt;</a>&nbsp;&nbsp;&nbsp;fmc_page_erase
<LI><a href="#[a1]">&gt;&gt;</a>&nbsp;&nbsp;&nbsp;fmc_lock
<LI><a href="#[9f]">&gt;&gt;</a>&nbsp;&nbsp;&nbsp;fmc_flag_clear
</UL>
<BR>[Called By]<UL><LI><a href="#[10]">&gt;&gt;</a>&nbsp;&nbsp;&nbsp;_UPDTf
</UL>

<P><STRONG><a name="[9b]"></a>FMC_FLASH_Read</STRONG> (Thumb, 8 bytes, Stack size 0 bytes, flash.o(.text.FMC_FLASH_Read))
<BR><BR>[Called By]<UL><LI><a href="#[8]">&gt;&gt;</a>&nbsp;&nbsp;&nbsp;_RDFLf
<LI><a href="#[b]">&gt;&gt;</a>&nbsp;&nbsp;&nbsp;_GETOf
<LI><a href="#[9a]">&gt;&gt;</a>&nbsp;&nbsp;&nbsp;FLASH_Init
</UL>

<P><STRONG><a name="[a2]"></a>FMC_FLASH_Write</STRONG> (Thumb, 46 bytes, Stack size 16 bytes, flash.o(.text.FMC_FLASH_Write))
<BR><BR>[Stack]<UL><LI>Max Depth = 32<LI>Call Chain = FMC_FLASH_Write &rArr; fmc_word_program
</UL>
<BR>[Calls]<UL><LI><a href="#[a3]">&gt;&gt;</a>&nbsp;&nbsp;&nbsp;fmc_word_program
<LI><a href="#[9e]">&gt;&gt;</a>&nbsp;&nbsp;&nbsp;fmc_unlock
<LI><a href="#[a0]">&gt;&gt;</a>&nbsp;&nbsp;&nbsp;fmc_page_erase
<LI><a href="#[a1]">&gt;&gt;</a>&nbsp;&nbsp;&nbsp;fmc_lock
<LI><a href="#[9f]">&gt;&gt;</a>&nbsp;&nbsp;&nbsp;fmc_flag_clear
</UL>
<BR>[Called By]<UL><LI><a href="#[9]">&gt;&gt;</a>&nbsp;&nbsp;&nbsp;_WRFLf
</UL>

<P><STRONG><a name="[8a]"></a>FMC_WRITE_BUFFER</STRONG> (Thumb, 72 bytes, Stack size 24 bytes, flash.o(.text.FMC_WRITE_BUFFER))
<BR><BR>[Stack]<UL><LI>Max Depth = 40<LI>Call Chain = FMC_WRITE_BUFFER &rArr; fmc_word_program
</UL>
<BR>[Calls]<UL><LI><a href="#[a3]">&gt;&gt;</a>&nbsp;&nbsp;&nbsp;fmc_word_program
<LI><a href="#[9e]">&gt;&gt;</a>&nbsp;&nbsp;&nbsp;fmc_unlock
<LI><a href="#[a0]">&gt;&gt;</a>&nbsp;&nbsp;&nbsp;fmc_page_erase
<LI><a href="#[a1]">&gt;&gt;</a>&nbsp;&nbsp;&nbsp;fmc_lock
<LI><a href="#[9f]">&gt;&gt;</a>&nbsp;&nbsp;&nbsp;fmc_flag_clear
</UL>
<BR>[Called By]<UL><LI><a href="#[e]">&gt;&gt;</a>&nbsp;&nbsp;&nbsp;_WPWMf
<LI><a href="#[7]">&gt;&gt;</a>&nbsp;&nbsp;&nbsp;_SETPf
<LI><a href="#[15]">&gt;&gt;</a>&nbsp;&nbsp;&nbsp;_SATLf
<LI><a href="#[9a]">&gt;&gt;</a>&nbsp;&nbsp;&nbsp;FLASH_Init
<LI><a href="#[85]">&gt;&gt;</a>&nbsp;&nbsp;&nbsp;CMOS_DIS
</UL>

<P><STRONG><a name="[a4]"></a>Get_ADC_Value</STRONG> (Thumb, 32 bytes, Stack size 8 bytes, adc.o(.text.Get_ADC_Value))
<BR><BR>[Stack]<UL><LI>Max Depth = 8<LI>Call Chain = Get_ADC_Value
</UL>
<BR>[Calls]<UL><LI><a href="#[a5]">&gt;&gt;</a>&nbsp;&nbsp;&nbsp;adc_software_trigger_enable
<LI><a href="#[a7]">&gt;&gt;</a>&nbsp;&nbsp;&nbsp;adc_regular_data_read
<LI><a href="#[7d]">&gt;&gt;</a>&nbsp;&nbsp;&nbsp;adc_flag_get
<LI><a href="#[a6]">&gt;&gt;</a>&nbsp;&nbsp;&nbsp;adc_flag_clear
</UL>
<BR>[Called By]<UL><LI><a href="#[1]">&gt;&gt;</a>&nbsp;&nbsp;&nbsp;_ADCf
</UL>

<P><STRONG><a name="[a8]"></a>Get_Temp</STRONG> (Thumb, 42 bytes, Stack size 8 bytes, adc.o(.text.Get_Temp))
<BR><BR>[Stack]<UL><LI>Max Depth = 24<LI>Call Chain = Get_Temp &rArr; adc_regular_channel_config
</UL>
<BR>[Calls]<UL><LI><a href="#[a5]">&gt;&gt;</a>&nbsp;&nbsp;&nbsp;adc_software_trigger_enable
<LI><a href="#[a7]">&gt;&gt;</a>&nbsp;&nbsp;&nbsp;adc_regular_data_read
<LI><a href="#[71]">&gt;&gt;</a>&nbsp;&nbsp;&nbsp;adc_regular_channel_config
<LI><a href="#[7d]">&gt;&gt;</a>&nbsp;&nbsp;&nbsp;adc_flag_get
<LI><a href="#[a6]">&gt;&gt;</a>&nbsp;&nbsp;&nbsp;adc_flag_clear
</UL>
<BR>[Called By]<UL><LI><a href="#[11]">&gt;&gt;</a>&nbsp;&nbsp;&nbsp;_TEMPf
</UL>

<P><STRONG><a name="[1a]"></a>HardFault_Handler</STRONG> (Thumb, 2 bytes, Stack size 0 bytes, gd32e23x_it.o(.text.HardFault_Handler))
<BR><BR>[Calls]<UL><LI><a href="#[1a]">&gt;&gt;</a>&nbsp;&nbsp;&nbsp;HardFault_Handler
</UL>
<BR>[Called By]<UL><LI><a href="#[1a]">&gt;&gt;</a>&nbsp;&nbsp;&nbsp;HardFault_Handler
</UL>
<BR>[Address Reference Count : 1]<UL><LI> startup_gd32e23x.o(RESET)
</UL>
<P><STRONG><a name="[84]"></a>LSD_Calibration</STRONG> (Thumb, 300 bytes, Stack size 16 bytes, user.o(.text.LSD_Calibration))
<BR><BR>[Stack]<UL><LI>Max Depth = 60<LI>Call Chain = LSD_Calibration &rArr; TIM2_Reinit &rArr; __aeabi_ui2f &rArr; _float_epilogue
</UL>
<BR>[Calls]<UL><LI><a href="#[8e]">&gt;&gt;</a>&nbsp;&nbsp;&nbsp;V_STR_Printf
<LI><a href="#[a9]">&gt;&gt;</a>&nbsp;&nbsp;&nbsp;TIM2_Reinit
<LI><a href="#[8d]">&gt;&gt;</a>&nbsp;&nbsp;&nbsp;__aeabi_memcpy
</UL>
<BR>[Called By]<UL><LI><a href="#[80]">&gt;&gt;</a>&nbsp;&nbsp;&nbsp;CMOS_ADC
</UL>

<P><STRONG><a name="[19]"></a>NMI_Handler</STRONG> (Thumb, 2 bytes, Stack size 0 bytes, gd32e23x_it.o(.text.NMI_Handler))
<BR>[Address Reference Count : 1]<UL><LI> startup_gd32e23x.o(RESET)
</UL>
<P><STRONG><a name="[1c]"></a>PendSV_Handler</STRONG> (Thumb, 2 bytes, Stack size 0 bytes, gd32e23x_it.o(.text.PendSV_Handler))
<BR>[Address Reference Count : 1]<UL><LI> startup_gd32e23x.o(RESET)
</UL>
<P><STRONG><a name="[1b]"></a>SVC_Handler</STRONG> (Thumb, 2 bytes, Stack size 0 bytes, gd32e23x_it.o(.text.SVC_Handler))
<BR>[Address Reference Count : 1]<UL><LI> startup_gd32e23x.o(RESET)
</UL>
<P><STRONG><a name="[1d]"></a>SysTick_Handler</STRONG> (Thumb, 4 bytes, Stack size 0 bytes, gd32e23x_it.o(.text.SysTick_Handler))
<BR><BR>[Calls]<UL><LI><a href="#[aa]">&gt;&gt;</a>&nbsp;&nbsp;&nbsp;delay_decrement
</UL>
<BR>[Address Reference Count : 1]<UL><LI> startup_gd32e23x.o(RESET)
</UL>
<P><STRONG><a name="[3b]"></a>SystemInit</STRONG> (Thumb, 276 bytes, Stack size 20 bytes, system_gd32e23x.o(.text.SystemInit))
<BR><BR>[Stack]<UL><LI>Max Depth = 20<LI>Call Chain = SystemInit
</UL>
<BR>[Calls]<UL><LI><a href="#[ab]">&gt;&gt;</a>&nbsp;&nbsp;&nbsp;nvic_vector_table_set
</UL>
<BR>[Address Reference Count : 1]<UL><LI> startup_gd32e23x.o(.text)
</UL>
<P><STRONG><a name="[a9]"></a>TIM2_Reinit</STRONG> (Thumb, 84 bytes, Stack size 24 bytes, usart.o(.text.TIM2_Reinit))
<BR><BR>[Stack]<UL><LI>Max Depth = 44<LI>Call Chain = TIM2_Reinit &rArr; __aeabi_ui2f &rArr; _float_epilogue
</UL>
<BR>[Calls]<UL><LI><a href="#[50]">&gt;&gt;</a>&nbsp;&nbsp;&nbsp;__aeabi_ui2f
<LI><a href="#[92]">&gt;&gt;</a>&nbsp;&nbsp;&nbsp;__aeabi_fmul
<LI><a href="#[4c]">&gt;&gt;</a>&nbsp;&nbsp;&nbsp;__aeabi_fdiv
<LI><a href="#[89]">&gt;&gt;</a>&nbsp;&nbsp;&nbsp;__aeabi_f2iz
<LI><a href="#[93]">&gt;&gt;</a>&nbsp;&nbsp;&nbsp;timer_enable
<LI><a href="#[8f]">&gt;&gt;</a>&nbsp;&nbsp;&nbsp;timer_channel_output_pulse_value_config
<LI><a href="#[ac]">&gt;&gt;</a>&nbsp;&nbsp;&nbsp;timer_autoreload_value_config
</UL>
<BR>[Called By]<UL><LI><a href="#[84]">&gt;&gt;</a>&nbsp;&nbsp;&nbsp;LSD_Calibration
</UL>

<P><STRONG><a name="[2c]"></a>TIMER2_IRQHandler</STRONG> (Thumb, 240 bytes, Stack size 24 bytes, timer.o(.text.TIMER2_IRQHandler))
<BR><BR>[Stack]<UL><LI>Max Depth = 24<LI>Call Chain = TIMER2_IRQHandler
</UL>
<BR>[Calls]<UL><LI><a href="#[97]">&gt;&gt;</a>&nbsp;&nbsp;&nbsp;gpio_bit_write
<LI><a href="#[ad]">&gt;&gt;</a>&nbsp;&nbsp;&nbsp;timer_interrupt_flag_get
<LI><a href="#[ae]">&gt;&gt;</a>&nbsp;&nbsp;&nbsp;timer_interrupt_flag_clear
</UL>
<BR>[Address Reference Count : 1]<UL><LI> startup_gd32e23x.o(RESET)
</UL>
<P><STRONG><a name="[af]"></a>UART_TEST_HANDLE</STRONG> (Thumb, 172 bytes, Stack size 40 bytes, usart.o(.text.UART_TEST_HANDLE))
<BR><BR>[Stack]<UL><LI>Max Depth = 64<LI>Call Chain = UART_TEST_HANDLE &rArr; __2printf
</UL>
<BR>[Calls]<UL><LI><a href="#[82]">&gt;&gt;</a>&nbsp;&nbsp;&nbsp;__2printf
<LI><a href="#[b0]">&gt;&gt;</a>&nbsp;&nbsp;&nbsp;strlen
<LI><a href="#[81]">&gt;&gt;</a>&nbsp;&nbsp;&nbsp;__aeabi_memclr4
</UL>
<BR>[Called By]<UL><LI><a href="#[3a]">&gt;&gt;</a>&nbsp;&nbsp;&nbsp;main
</UL>

<P><STRONG><a name="[36]"></a>USART0_IRQHandler</STRONG> (Thumb, 108 bytes, Stack size 16 bytes, usart.o(.text.USART0_IRQHandler))
<BR><BR>[Stack]<UL><LI>Max Depth = 16<LI>Call Chain = USART0_IRQHandler
</UL>
<BR>[Calls]<UL><LI><a href="#[b1]">&gt;&gt;</a>&nbsp;&nbsp;&nbsp;usart_interrupt_flag_get
<LI><a href="#[b4]">&gt;&gt;</a>&nbsp;&nbsp;&nbsp;usart_interrupt_disable
<LI><a href="#[b3]">&gt;&gt;</a>&nbsp;&nbsp;&nbsp;usart_data_transmit
<LI><a href="#[b2]">&gt;&gt;</a>&nbsp;&nbsp;&nbsp;usart_data_receive
</UL>
<BR>[Address Reference Count : 1]<UL><LI> startup_gd32e23x.o(RESET)
</UL>
<P><STRONG><a name="[b5]"></a>Usart_GPIO_Init</STRONG> (Thumb, 112 bytes, Stack size 24 bytes, usart.o(.text.Usart_GPIO_Init))
<BR><BR>[Stack]<UL><LI>Max Depth = 76<LI>Call Chain = Usart_GPIO_Init &rArr; gpio_af_set
</UL>
<BR>[Calls]<UL><LI><a href="#[b6]">&gt;&gt;</a>&nbsp;&nbsp;&nbsp;gpio_af_set
<LI><a href="#[63]">&gt;&gt;</a>&nbsp;&nbsp;&nbsp;rcu_periph_clock_enable
<LI><a href="#[b7]">&gt;&gt;</a>&nbsp;&nbsp;&nbsp;gpio_output_options_set
<LI><a href="#[64]">&gt;&gt;</a>&nbsp;&nbsp;&nbsp;gpio_mode_set
</UL>
<BR>[Called By]<UL><LI><a href="#[3a]">&gt;&gt;</a>&nbsp;&nbsp;&nbsp;main
</UL>

<P><STRONG><a name="[b8]"></a>Usart_Init</STRONG> (Thumb, 96 bytes, Stack size 16 bytes, usart.o(.text.Usart_Init))
<BR><BR>[Stack]<UL><LI>Max Depth = 56<LI>Call Chain = Usart_Init &rArr; usart_baudrate_set &rArr; rcu_clock_freq_get
</UL>
<BR>[Calls]<UL><LI><a href="#[63]">&gt;&gt;</a>&nbsp;&nbsp;&nbsp;rcu_periph_clock_enable
<LI><a href="#[c1]">&gt;&gt;</a>&nbsp;&nbsp;&nbsp;nvic_irq_enable
<LI><a href="#[ba]">&gt;&gt;</a>&nbsp;&nbsp;&nbsp;usart_word_length_set
<LI><a href="#[bf]">&gt;&gt;</a>&nbsp;&nbsp;&nbsp;usart_transmit_config
<LI><a href="#[bb]">&gt;&gt;</a>&nbsp;&nbsp;&nbsp;usart_stop_bit_set
<LI><a href="#[be]">&gt;&gt;</a>&nbsp;&nbsp;&nbsp;usart_receive_config
<LI><a href="#[bc]">&gt;&gt;</a>&nbsp;&nbsp;&nbsp;usart_parity_config
<LI><a href="#[c0]">&gt;&gt;</a>&nbsp;&nbsp;&nbsp;usart_interrupt_enable
<LI><a href="#[c2]">&gt;&gt;</a>&nbsp;&nbsp;&nbsp;usart_enable
<LI><a href="#[b9]">&gt;&gt;</a>&nbsp;&nbsp;&nbsp;usart_deinit
<LI><a href="#[bd]">&gt;&gt;</a>&nbsp;&nbsp;&nbsp;usart_baudrate_set
</UL>
<BR>[Called By]<UL><LI><a href="#[3a]">&gt;&gt;</a>&nbsp;&nbsp;&nbsp;main
</UL>

<P><STRONG><a name="[8e]"></a>V_STR_Printf</STRONG> (Thumb, 28 bytes, Stack size 0 bytes, usart.o(.text.V_STR_Printf))
<BR><BR>[Stack]<UL><LI>Max Depth = 24<LI>Call Chain = V_STR_Printf &rArr; __2printf
</UL>
<BR>[Calls]<UL><LI><a href="#[82]">&gt;&gt;</a>&nbsp;&nbsp;&nbsp;__2printf
</UL>
<BR>[Called By]<UL><LI><a href="#[85]">&gt;&gt;</a>&nbsp;&nbsp;&nbsp;CMOS_DIS
<LI><a href="#[84]">&gt;&gt;</a>&nbsp;&nbsp;&nbsp;LSD_Calibration
</UL>

<P><STRONG><a name="[1]"></a>_ADCf</STRONG> (Thumb, 60 bytes, Stack size 8 bytes, usart.o(.text._ADCf))
<BR><BR>[Stack]<UL><LI>Max Depth = 32<LI>Call Chain = _ADCf &rArr; __2sprintf
</UL>
<BR>[Calls]<UL><LI><a href="#[a4]">&gt;&gt;</a>&nbsp;&nbsp;&nbsp;Get_ADC_Value
<LI><a href="#[8c]">&gt;&gt;</a>&nbsp;&nbsp;&nbsp;__2sprintf
<LI><a href="#[82]">&gt;&gt;</a>&nbsp;&nbsp;&nbsp;__2printf
</UL>
<BR>[Address Reference Count : 1]<UL><LI> usart.o(.data.CMD_T)
</UL>
<P><STRONG><a name="[14]"></a>_AUDOf</STRONG> (Thumb, 52 bytes, Stack size 16 bytes, usart.o(.text._AUDOf))
<BR><BR>[Stack]<UL><LI>Max Depth = 40<LI>Call Chain = _AUDOf &rArr; __2printf
</UL>
<BR>[Calls]<UL><LI><a href="#[82]">&gt;&gt;</a>&nbsp;&nbsp;&nbsp;__2printf
<LI><a href="#[8d]">&gt;&gt;</a>&nbsp;&nbsp;&nbsp;__aeabi_memcpy
</UL>
<BR>[Address Reference Count : 1]<UL><LI> usart.o(.data.CMD_T)
</UL>
<P><STRONG><a name="[17]"></a>_DCALf</STRONG> (Thumb, 52 bytes, Stack size 8 bytes, usart.o(.text._DCALf))
<BR><BR>[Stack]<UL><LI>Max Depth = 32<LI>Call Chain = _DCALf &rArr; __2printf
</UL>
<BR>[Calls]<UL><LI><a href="#[82]">&gt;&gt;</a>&nbsp;&nbsp;&nbsp;__2printf
<LI><a href="#[8d]">&gt;&gt;</a>&nbsp;&nbsp;&nbsp;__aeabi_memcpy
</UL>
<BR>[Address Reference Count : 1]<UL><LI> usart.o(.data.CMD_T)
</UL>
<P><STRONG><a name="[4]"></a>_DISTf</STRONG> (Thumb, 16 bytes, Stack size 8 bytes, usart.o(.text._DISTf))
<BR><BR>[Stack]<UL><LI>Max Depth = 64<LI>Call Chain = _DISTf &rArr; CMOS_work &rArr; ADC_Start_DMA &rArr; dma_init
</UL>
<BR>[Calls]<UL><LI><a href="#[91]">&gt;&gt;</a>&nbsp;&nbsp;&nbsp;CMOS_work
</UL>
<BR>[Address Reference Count : 1]<UL><LI> usart.o(.data.CMD_T)
</UL>
<P><STRONG><a name="[b]"></a>_GETOf</STRONG> (Thumb, 20 bytes, Stack size 8 bytes, usart.o(.text._GETOf))
<BR><BR>[Stack]<UL><LI>Max Depth = 32<LI>Call Chain = _GETOf &rArr; __2printf
</UL>
<BR>[Calls]<UL><LI><a href="#[9b]">&gt;&gt;</a>&nbsp;&nbsp;&nbsp;FMC_FLASH_Read
<LI><a href="#[82]">&gt;&gt;</a>&nbsp;&nbsp;&nbsp;__2printf
</UL>
<BR>[Address Reference Count : 1]<UL><LI> usart.o(.data.CMD_T)
</UL>
<P><STRONG><a name="[12]"></a>_GETTf</STRONG> (Thumb, 52 bytes, Stack size 8 bytes, usart.o(.text._GETTf))
<BR><BR>[Stack]<UL><LI>Max Depth = 168<LI>Call Chain = _GETTf &rArr; readtemp &rArr; __aeabi_dmul &rArr; _double_epilogue &rArr; _double_round
</UL>
<BR>[Calls]<UL><LI><a href="#[c3]">&gt;&gt;</a>&nbsp;&nbsp;&nbsp;readtemp
<LI><a href="#[8c]">&gt;&gt;</a>&nbsp;&nbsp;&nbsp;__2sprintf
<LI><a href="#[82]">&gt;&gt;</a>&nbsp;&nbsp;&nbsp;__2printf
</UL>
<BR>[Address Reference Count : 1]<UL><LI> usart.o(.data.CMD_T)
</UL>
<P><STRONG><a name="[f]"></a>_LAINf</STRONG> (Thumb, 84 bytes, Stack size 16 bytes, usart.o(.text._LAINf))
<BR><BR>[Stack]<UL><LI>Max Depth = 40<LI>Call Chain = _LAINf &rArr; puts &rArr; fputc
</UL>
<BR>[Calls]<UL><LI><a href="#[50]">&gt;&gt;</a>&nbsp;&nbsp;&nbsp;__aeabi_ui2f
<LI><a href="#[92]">&gt;&gt;</a>&nbsp;&nbsp;&nbsp;__aeabi_fmul
<LI><a href="#[4c]">&gt;&gt;</a>&nbsp;&nbsp;&nbsp;__aeabi_fdiv
<LI><a href="#[89]">&gt;&gt;</a>&nbsp;&nbsp;&nbsp;__aeabi_f2iz
<LI><a href="#[93]">&gt;&gt;</a>&nbsp;&nbsp;&nbsp;timer_enable
<LI><a href="#[8f]">&gt;&gt;</a>&nbsp;&nbsp;&nbsp;timer_channel_output_pulse_value_config
<LI><a href="#[8b]">&gt;&gt;</a>&nbsp;&nbsp;&nbsp;puts
</UL>
<BR>[Address Reference Count : 1]<UL><LI> usart.o(.data.CMD_T)
</UL>
<P><STRONG><a name="[3]"></a>_LAOFf</STRONG> (Thumb, 52 bytes, Stack size 16 bytes, usart.o(.text._LAOFf))
<BR><BR>[Stack]<UL><LI>Max Depth = 40<LI>Call Chain = _LAOFf &rArr; __2printf
</UL>
<BR>[Calls]<UL><LI><a href="#[90]">&gt;&gt;</a>&nbsp;&nbsp;&nbsp;timer_disable
<LI><a href="#[8f]">&gt;&gt;</a>&nbsp;&nbsp;&nbsp;timer_channel_output_pulse_value_config
<LI><a href="#[82]">&gt;&gt;</a>&nbsp;&nbsp;&nbsp;__2printf
</UL>
<BR>[Address Reference Count : 1]<UL><LI> usart.o(.data.CMD_T)
</UL>
<P><STRONG><a name="[2]"></a>_LAONf</STRONG> (Thumb, 80 bytes, Stack size 16 bytes, usart.o(.text._LAONf))
<BR><BR>[Stack]<UL><LI>Max Depth = 40<LI>Call Chain = _LAONf &rArr; __2printf
</UL>
<BR>[Calls]<UL><LI><a href="#[50]">&gt;&gt;</a>&nbsp;&nbsp;&nbsp;__aeabi_ui2f
<LI><a href="#[92]">&gt;&gt;</a>&nbsp;&nbsp;&nbsp;__aeabi_fmul
<LI><a href="#[4c]">&gt;&gt;</a>&nbsp;&nbsp;&nbsp;__aeabi_fdiv
<LI><a href="#[89]">&gt;&gt;</a>&nbsp;&nbsp;&nbsp;__aeabi_f2iz
<LI><a href="#[93]">&gt;&gt;</a>&nbsp;&nbsp;&nbsp;timer_enable
<LI><a href="#[8f]">&gt;&gt;</a>&nbsp;&nbsp;&nbsp;timer_channel_output_pulse_value_config
<LI><a href="#[82]">&gt;&gt;</a>&nbsp;&nbsp;&nbsp;__2printf
</UL>
<BR>[Address Reference Count : 1]<UL><LI> usart.o(.data.CMD_T)
</UL>
<P><STRONG><a name="[6]"></a>_MEOFf</STRONG> (Thumb, 56 bytes, Stack size 16 bytes, usart.o(.text._MEOFf))
<BR><BR>[Stack]<UL><LI>Max Depth = 40<LI>Call Chain = _MEOFf &rArr; __2printf
</UL>
<BR>[Calls]<UL><LI><a href="#[7e]">&gt;&gt;</a>&nbsp;&nbsp;&nbsp;ADC_Stop_DMA
<LI><a href="#[90]">&gt;&gt;</a>&nbsp;&nbsp;&nbsp;timer_disable
<LI><a href="#[8f]">&gt;&gt;</a>&nbsp;&nbsp;&nbsp;timer_channel_output_pulse_value_config
<LI><a href="#[82]">&gt;&gt;</a>&nbsp;&nbsp;&nbsp;__2printf
</UL>
<BR>[Address Reference Count : 1]<UL><LI> usart.o(.data.CMD_T)
</UL>
<P><STRONG><a name="[5]"></a>_MEONf</STRONG> (Thumb, 10 bytes, Stack size 8 bytes, usart.o(.text._MEONf))
<BR><BR>[Stack]<UL><LI>Max Depth = 64<LI>Call Chain = _MEONf &rArr; CMOS_work &rArr; ADC_Start_DMA &rArr; dma_init
</UL>
<BR>[Calls]<UL><LI><a href="#[91]">&gt;&gt;</a>&nbsp;&nbsp;&nbsp;CMOS_work
</UL>
<BR>[Address Reference Count : 1]<UL><LI> usart.o(.data.CMD_T)
</UL>
<P><STRONG><a name="[16]"></a>_RATLf</STRONG> (Thumb, 20 bytes, Stack size 8 bytes, usart.o(.text._RATLf))
<BR><BR>[Stack]<UL><LI>Max Depth = 32<LI>Call Chain = _RATLf &rArr; __2printf
</UL>
<BR>[Calls]<UL><LI><a href="#[82]">&gt;&gt;</a>&nbsp;&nbsp;&nbsp;__2printf
</UL>
<BR>[Address Reference Count : 1]<UL><LI> usart.o(.data.CMD_T)
</UL>
<P><STRONG><a name="[8]"></a>_RDFLf</STRONG> (Thumb, 52 bytes, Stack size 16 bytes, usart.o(.text._RDFLf))
<BR><BR>[Stack]<UL><LI>Max Depth = 104<LI>Call Chain = _RDFLf &rArr; atoi &rArr; strtol &rArr; _strtoul
</UL>
<BR>[Calls]<UL><LI><a href="#[9b]">&gt;&gt;</a>&nbsp;&nbsp;&nbsp;FMC_FLASH_Read
<LI><a href="#[44]">&gt;&gt;</a>&nbsp;&nbsp;&nbsp;atoi
<LI><a href="#[82]">&gt;&gt;</a>&nbsp;&nbsp;&nbsp;__2printf
<LI><a href="#[c4]">&gt;&gt;</a>&nbsp;&nbsp;&nbsp;strchr
</UL>
<BR>[Address Reference Count : 1]<UL><LI> usart.o(.data.CMD_T)
</UL>
<P><STRONG><a name="[d]"></a>_RPWMf</STRONG> (Thumb, 16 bytes, Stack size 8 bytes, usart.o(.text._RPWMf))
<BR><BR>[Stack]<UL><LI>Max Depth = 32<LI>Call Chain = _RPWMf &rArr; __2printf
</UL>
<BR>[Calls]<UL><LI><a href="#[82]">&gt;&gt;</a>&nbsp;&nbsp;&nbsp;__2printf
</UL>
<BR>[Address Reference Count : 1]<UL><LI> usart.o(.data.CMD_T)
</UL>
<P><STRONG><a name="[15]"></a>_SATLf</STRONG> (Thumb, 88 bytes, Stack size 16 bytes, usart.o(.text._SATLf))
<BR><BR>[Stack]<UL><LI>Max Depth = 104<LI>Call Chain = _SATLf &rArr; atoi &rArr; strtol &rArr; _strtoul
</UL>
<BR>[Calls]<UL><LI><a href="#[8a]">&gt;&gt;</a>&nbsp;&nbsp;&nbsp;FMC_WRITE_BUFFER
<LI><a href="#[ac]">&gt;&gt;</a>&nbsp;&nbsp;&nbsp;timer_autoreload_value_config
<LI><a href="#[44]">&gt;&gt;</a>&nbsp;&nbsp;&nbsp;atoi
<LI><a href="#[82]">&gt;&gt;</a>&nbsp;&nbsp;&nbsp;__2printf
<LI><a href="#[c4]">&gt;&gt;</a>&nbsp;&nbsp;&nbsp;strchr
</UL>
<BR>[Address Reference Count : 1]<UL><LI> usart.o(.data.CMD_T)
</UL>
<P><STRONG><a name="[13]"></a>_SETEf</STRONG> (Thumb, 52 bytes, Stack size 16 bytes, usart.o(.text._SETEf))
<BR><BR>[Stack]<UL><LI>Max Depth = 104<LI>Call Chain = _SETEf &rArr; atoi &rArr; strtol &rArr; _strtoul
</UL>
<BR>[Calls]<UL><LI><a href="#[97]">&gt;&gt;</a>&nbsp;&nbsp;&nbsp;gpio_bit_write
<LI><a href="#[44]">&gt;&gt;</a>&nbsp;&nbsp;&nbsp;atoi
<LI><a href="#[c4]">&gt;&gt;</a>&nbsp;&nbsp;&nbsp;strchr
<LI><a href="#[8b]">&gt;&gt;</a>&nbsp;&nbsp;&nbsp;puts
</UL>
<BR>[Address Reference Count : 1]<UL><LI> usart.o(.data.CMD_T)
</UL>
<P><STRONG><a name="[a]"></a>_SETOf</STRONG> (Thumb, 76 bytes, Stack size 16 bytes, usart.o(.text._SETOf))
<BR><BR>[Stack]<UL><LI>Max Depth = 36<LI>Call Chain = _SETOf &rArr; __aeabi_ui2f &rArr; _float_epilogue
</UL>
<BR>[Calls]<UL><LI><a href="#[50]">&gt;&gt;</a>&nbsp;&nbsp;&nbsp;__aeabi_ui2f
<LI><a href="#[92]">&gt;&gt;</a>&nbsp;&nbsp;&nbsp;__aeabi_fmul
<LI><a href="#[4c]">&gt;&gt;</a>&nbsp;&nbsp;&nbsp;__aeabi_fdiv
<LI><a href="#[89]">&gt;&gt;</a>&nbsp;&nbsp;&nbsp;__aeabi_f2iz
<LI><a href="#[93]">&gt;&gt;</a>&nbsp;&nbsp;&nbsp;timer_enable
<LI><a href="#[8f]">&gt;&gt;</a>&nbsp;&nbsp;&nbsp;timer_channel_output_pulse_value_config
</UL>
<BR>[Address Reference Count : 1]<UL><LI> usart.o(.data.CMD_T)
</UL>
<P><STRONG><a name="[7]"></a>_SETPf</STRONG> (Thumb, 96 bytes, Stack size 16 bytes, usart.o(.text._SETPf))
<BR><BR>[Stack]<UL><LI>Max Depth = 104<LI>Call Chain = _SETPf &rArr; atoi &rArr; strtol &rArr; _strtoul
</UL>
<BR>[Calls]<UL><LI><a href="#[8a]">&gt;&gt;</a>&nbsp;&nbsp;&nbsp;FMC_WRITE_BUFFER
<LI><a href="#[44]">&gt;&gt;</a>&nbsp;&nbsp;&nbsp;atoi
<LI><a href="#[8c]">&gt;&gt;</a>&nbsp;&nbsp;&nbsp;__2sprintf
<LI><a href="#[82]">&gt;&gt;</a>&nbsp;&nbsp;&nbsp;__2printf
<LI><a href="#[c4]">&gt;&gt;</a>&nbsp;&nbsp;&nbsp;strchr
</UL>
<BR>[Address Reference Count : 1]<UL><LI> usart.o(.data.CMD_T)
</UL>
<P><STRONG><a name="[c]"></a>_SHOWf</STRONG> (Thumb, 24 bytes, Stack size 8 bytes, usart.o(.text._SHOWf))
<BR><BR>[Stack]<UL><LI>Max Depth = 64<LI>Call Chain = _SHOWf &rArr; CMOS_work &rArr; ADC_Start_DMA &rArr; dma_init
</UL>
<BR>[Calls]<UL><LI><a href="#[91]">&gt;&gt;</a>&nbsp;&nbsp;&nbsp;CMOS_work
<LI><a href="#[8b]">&gt;&gt;</a>&nbsp;&nbsp;&nbsp;puts
</UL>
<BR>[Address Reference Count : 1]<UL><LI> usart.o(.data.CMD_T)
</UL>
<P><STRONG><a name="[11]"></a>_TEMPf</STRONG> (Thumb, 20 bytes, Stack size 8 bytes, usart.o(.text._TEMPf))
<BR><BR>[Stack]<UL><LI>Max Depth = 32<LI>Call Chain = _TEMPf &rArr; Get_Temp &rArr; adc_regular_channel_config
</UL>
<BR>[Calls]<UL><LI><a href="#[a8]">&gt;&gt;</a>&nbsp;&nbsp;&nbsp;Get_Temp
<LI><a href="#[82]">&gt;&gt;</a>&nbsp;&nbsp;&nbsp;__2printf
</UL>
<BR>[Address Reference Count : 1]<UL><LI> usart.o(.data.CMD_T)
</UL>
<P><STRONG><a name="[10]"></a>_UPDTf</STRONG> (Thumb, 28 bytes, Stack size 8 bytes, usart.o(.text._UPDTf))
<BR><BR>[Stack]<UL><LI>Max Depth = 40<LI>Call Chain = _UPDTf &rArr; FMC_ERASE_PAGE &rArr; fmc_page_erase
</UL>
<BR>[Calls]<UL><LI><a href="#[9d]">&gt;&gt;</a>&nbsp;&nbsp;&nbsp;FMC_ERASE_PAGE
<LI><a href="#[c5]">&gt;&gt;</a>&nbsp;&nbsp;&nbsp;Execute_user_Program
<LI><a href="#[90]">&gt;&gt;</a>&nbsp;&nbsp;&nbsp;timer_disable
</UL>
<BR>[Address Reference Count : 1]<UL><LI> usart.o(.data.CMD_T)
</UL>
<P><STRONG><a name="[e]"></a>_WPWMf</STRONG> (Thumb, 56 bytes, Stack size 16 bytes, usart.o(.text._WPWMf))
<BR><BR>[Stack]<UL><LI>Max Depth = 104<LI>Call Chain = _WPWMf &rArr; atoi &rArr; strtol &rArr; _strtoul
</UL>
<BR>[Calls]<UL><LI><a href="#[8a]">&gt;&gt;</a>&nbsp;&nbsp;&nbsp;FMC_WRITE_BUFFER
<LI><a href="#[44]">&gt;&gt;</a>&nbsp;&nbsp;&nbsp;atoi
<LI><a href="#[c4]">&gt;&gt;</a>&nbsp;&nbsp;&nbsp;strchr
<LI><a href="#[8b]">&gt;&gt;</a>&nbsp;&nbsp;&nbsp;puts
</UL>
<BR>[Address Reference Count : 1]<UL><LI> usart.o(.data.CMD_T)
</UL>
<P><STRONG><a name="[9]"></a>_WRFLf</STRONG> (Thumb, 44 bytes, Stack size 16 bytes, usart.o(.text._WRFLf))
<BR><BR>[Stack]<UL><LI>Max Depth = 104<LI>Call Chain = _WRFLf &rArr; atoi &rArr; strtol &rArr; _strtoul
</UL>
<BR>[Calls]<UL><LI><a href="#[a2]">&gt;&gt;</a>&nbsp;&nbsp;&nbsp;FMC_FLASH_Write
<LI><a href="#[44]">&gt;&gt;</a>&nbsp;&nbsp;&nbsp;atoi
<LI><a href="#[c4]">&gt;&gt;</a>&nbsp;&nbsp;&nbsp;strchr
<LI><a href="#[8b]">&gt;&gt;</a>&nbsp;&nbsp;&nbsp;puts
</UL>
<BR>[Address Reference Count : 1]<UL><LI> usart.o(.data.CMD_T)
</UL>
<P><STRONG><a name="[0]"></a>_helpf</STRONG> (Thumb, 128 bytes, Stack size 8 bytes, usart.o(.text._helpf))
<BR><BR>[Stack]<UL><LI>Max Depth = 32<LI>Call Chain = _helpf &rArr; __2printf
</UL>
<BR>[Calls]<UL><LI><a href="#[82]">&gt;&gt;</a>&nbsp;&nbsp;&nbsp;__2printf
<LI><a href="#[8b]">&gt;&gt;</a>&nbsp;&nbsp;&nbsp;puts
</UL>
<BR>[Address Reference Count : 1]<UL><LI> usart.o(.data.CMD_T)
</UL>
<P><STRONG><a name="[76]"></a>adc_calibration_enable</STRONG> (Thumb, 32 bytes, Stack size 0 bytes, gd32e23x_adc.o(.text.adc_calibration_enable))
<BR><BR>[Called By]<UL><LI><a href="#[62]">&gt;&gt;</a>&nbsp;&nbsp;&nbsp;ADC_Init
</UL>

<P><STRONG><a name="[70]"></a>adc_channel_length_config</STRONG> (Thumb, 60 bytes, Stack size 0 bytes, gd32e23x_adc.o(.text.adc_channel_length_config))
<BR><BR>[Called By]<UL><LI><a href="#[62]">&gt;&gt;</a>&nbsp;&nbsp;&nbsp;ADC_Init
</UL>

<P><STRONG><a name="[6e]"></a>adc_data_alignment_config</STRONG> (Thumb, 24 bytes, Stack size 0 bytes, gd32e23x_adc.o(.text.adc_data_alignment_config))
<BR><BR>[Called By]<UL><LI><a href="#[62]">&gt;&gt;</a>&nbsp;&nbsp;&nbsp;ADC_Init
</UL>

<P><STRONG><a name="[6c]"></a>adc_deinit</STRONG> (Thumb, 24 bytes, Stack size 8 bytes, gd32e23x_adc.o(.text.adc_deinit))
<BR><BR>[Stack]<UL><LI>Max Depth = 8<LI>Call Chain = adc_deinit
</UL>
<BR>[Calls]<UL><LI><a href="#[c6]">&gt;&gt;</a>&nbsp;&nbsp;&nbsp;rcu_periph_reset_enable
<LI><a href="#[c7]">&gt;&gt;</a>&nbsp;&nbsp;&nbsp;rcu_periph_reset_disable
</UL>
<BR>[Called By]<UL><LI><a href="#[62]">&gt;&gt;</a>&nbsp;&nbsp;&nbsp;ADC_Init
</UL>

<P><STRONG><a name="[79]"></a>adc_disable</STRONG> (Thumb, 12 bytes, Stack size 0 bytes, gd32e23x_adc.o(.text.adc_disable))
<BR><BR>[Called By]<UL><LI><a href="#[7e]">&gt;&gt;</a>&nbsp;&nbsp;&nbsp;ADC_Stop_DMA
<LI><a href="#[78]">&gt;&gt;</a>&nbsp;&nbsp;&nbsp;ADC_Start_DMA
</UL>

<P><STRONG><a name="[7f]"></a>adc_dma_mode_disable</STRONG> (Thumb, 16 bytes, Stack size 0 bytes, gd32e23x_adc.o(.text.adc_dma_mode_disable))
<BR><BR>[Called By]<UL><LI><a href="#[7e]">&gt;&gt;</a>&nbsp;&nbsp;&nbsp;ADC_Stop_DMA
</UL>

<P><STRONG><a name="[73]"></a>adc_dma_mode_enable</STRONG> (Thumb, 16 bytes, Stack size 0 bytes, gd32e23x_adc.o(.text.adc_dma_mode_enable))
<BR><BR>[Called By]<UL><LI><a href="#[78]">&gt;&gt;</a>&nbsp;&nbsp;&nbsp;ADC_Start_DMA
<LI><a href="#[62]">&gt;&gt;</a>&nbsp;&nbsp;&nbsp;ADC_Init
</UL>

<P><STRONG><a name="[75]"></a>adc_enable</STRONG> (Thumb, 20 bytes, Stack size 0 bytes, gd32e23x_adc.o(.text.adc_enable))
<BR><BR>[Called By]<UL><LI><a href="#[78]">&gt;&gt;</a>&nbsp;&nbsp;&nbsp;ADC_Start_DMA
<LI><a href="#[62]">&gt;&gt;</a>&nbsp;&nbsp;&nbsp;ADC_Init
</UL>

<P><STRONG><a name="[77]"></a>adc_external_trigger_config</STRONG> (Thumb, 72 bytes, Stack size 0 bytes, gd32e23x_adc.o(.text.adc_external_trigger_config))
<BR><BR>[Called By]<UL><LI><a href="#[62]">&gt;&gt;</a>&nbsp;&nbsp;&nbsp;ADC_Init
</UL>

<P><STRONG><a name="[74]"></a>adc_external_trigger_source_config</STRONG> (Thumb, 32 bytes, Stack size 0 bytes, gd32e23x_adc.o(.text.adc_external_trigger_source_config))
<BR><BR>[Called By]<UL><LI><a href="#[62]">&gt;&gt;</a>&nbsp;&nbsp;&nbsp;ADC_Init
</UL>

<P><STRONG><a name="[a6]"></a>adc_flag_clear</STRONG> (Thumb, 12 bytes, Stack size 0 bytes, gd32e23x_adc.o(.text.adc_flag_clear))
<BR><BR>[Called By]<UL><LI><a href="#[a8]">&gt;&gt;</a>&nbsp;&nbsp;&nbsp;Get_Temp
<LI><a href="#[a4]">&gt;&gt;</a>&nbsp;&nbsp;&nbsp;Get_ADC_Value
</UL>

<P><STRONG><a name="[7d]"></a>adc_flag_get</STRONG> (Thumb, 16 bytes, Stack size 0 bytes, gd32e23x_adc.o(.text.adc_flag_get))
<BR><BR>[Called By]<UL><LI><a href="#[a8]">&gt;&gt;</a>&nbsp;&nbsp;&nbsp;Get_Temp
<LI><a href="#[a4]">&gt;&gt;</a>&nbsp;&nbsp;&nbsp;Get_ADC_Value
<LI><a href="#[78]">&gt;&gt;</a>&nbsp;&nbsp;&nbsp;ADC_Start_DMA
</UL>

<P><STRONG><a name="[72]"></a>adc_interrupt_enable</STRONG> (Thumb, 52 bytes, Stack size 0 bytes, gd32e23x_adc.o(.text.adc_interrupt_enable))
<BR><BR>[Called By]<UL><LI><a href="#[62]">&gt;&gt;</a>&nbsp;&nbsp;&nbsp;ADC_Init
</UL>

<P><STRONG><a name="[71]"></a>adc_regular_channel_config</STRONG> (Thumb, 136 bytes, Stack size 16 bytes, gd32e23x_adc.o(.text.adc_regular_channel_config))
<BR><BR>[Stack]<UL><LI>Max Depth = 16<LI>Call Chain = adc_regular_channel_config
</UL>
<BR>[Called By]<UL><LI><a href="#[a8]">&gt;&gt;</a>&nbsp;&nbsp;&nbsp;Get_Temp
<LI><a href="#[62]">&gt;&gt;</a>&nbsp;&nbsp;&nbsp;ADC_Init
</UL>

<P><STRONG><a name="[a7]"></a>adc_regular_data_read</STRONG> (Thumb, 8 bytes, Stack size 0 bytes, gd32e23x_adc.o(.text.adc_regular_data_read))
<BR><BR>[Called By]<UL><LI><a href="#[a8]">&gt;&gt;</a>&nbsp;&nbsp;&nbsp;Get_Temp
<LI><a href="#[a4]">&gt;&gt;</a>&nbsp;&nbsp;&nbsp;Get_ADC_Value
</UL>

<P><STRONG><a name="[6f]"></a>adc_resolution_config</STRONG> (Thumb, 20 bytes, Stack size 0 bytes, gd32e23x_adc.o(.text.adc_resolution_config))
<BR><BR>[Called By]<UL><LI><a href="#[62]">&gt;&gt;</a>&nbsp;&nbsp;&nbsp;ADC_Init
</UL>

<P><STRONG><a name="[a5]"></a>adc_software_trigger_enable</STRONG> (Thumb, 40 bytes, Stack size 0 bytes, gd32e23x_adc.o(.text.adc_software_trigger_enable))
<BR><BR>[Called By]<UL><LI><a href="#[a8]">&gt;&gt;</a>&nbsp;&nbsp;&nbsp;Get_Temp
<LI><a href="#[a4]">&gt;&gt;</a>&nbsp;&nbsp;&nbsp;Get_ADC_Value
</UL>

<P><STRONG><a name="[6d]"></a>adc_special_function_config</STRONG> (Thumb, 112 bytes, Stack size 0 bytes, gd32e23x_adc.o(.text.adc_special_function_config))
<BR><BR>[Called By]<UL><LI><a href="#[62]">&gt;&gt;</a>&nbsp;&nbsp;&nbsp;ADC_Init
</UL>

<P><STRONG><a name="[c8]"></a>da18b20rd</STRONG> (Thumb, 172 bytes, Stack size 48 bytes, ds18b20.o(.text.da18b20rd))
<BR><BR>[Stack]<UL><LI>Max Depth = 76<LI>Call Chain = da18b20rd &rArr; gpio_mode_set
</UL>
<BR>[Calls]<UL><LI><a href="#[97]">&gt;&gt;</a>&nbsp;&nbsp;&nbsp;gpio_bit_write
<LI><a href="#[63]">&gt;&gt;</a>&nbsp;&nbsp;&nbsp;rcu_periph_clock_enable
<LI><a href="#[b7]">&gt;&gt;</a>&nbsp;&nbsp;&nbsp;gpio_output_options_set
<LI><a href="#[64]">&gt;&gt;</a>&nbsp;&nbsp;&nbsp;gpio_mode_set
<LI><a href="#[ca]">&gt;&gt;</a>&nbsp;&nbsp;&nbsp;gpio_input_bit_get
<LI><a href="#[c9]">&gt;&gt;</a>&nbsp;&nbsp;&nbsp;delay_10us
</UL>
<BR>[Called By]<UL><LI><a href="#[c3]">&gt;&gt;</a>&nbsp;&nbsp;&nbsp;readtemp
</UL>

<P><STRONG><a name="[c9]"></a>delay_10us</STRONG> (Thumb, 12 bytes, Stack size 0 bytes, systick.o(.text.delay_10us))
<BR><BR>[Called By]<UL><LI><a href="#[c3]">&gt;&gt;</a>&nbsp;&nbsp;&nbsp;readtemp
<LI><a href="#[cc]">&gt;&gt;</a>&nbsp;&nbsp;&nbsp;ds18b20wr
<LI><a href="#[c8]">&gt;&gt;</a>&nbsp;&nbsp;&nbsp;da18b20rd
</UL>

<P><STRONG><a name="[66]"></a>delay_1ms</STRONG> (Thumb, 20 bytes, Stack size 0 bytes, systick.o(.text.delay_1ms))
<BR><BR>[Called By]<UL><LI><a href="#[91]">&gt;&gt;</a>&nbsp;&nbsp;&nbsp;CMOS_work
<LI><a href="#[c3]">&gt;&gt;</a>&nbsp;&nbsp;&nbsp;readtemp
<LI><a href="#[3a]">&gt;&gt;</a>&nbsp;&nbsp;&nbsp;main
<LI><a href="#[62]">&gt;&gt;</a>&nbsp;&nbsp;&nbsp;ADC_Init
</UL>

<P><STRONG><a name="[aa]"></a>delay_decrement</STRONG> (Thumb, 16 bytes, Stack size 0 bytes, systick.o(.text.delay_decrement))
<BR><BR>[Called By]<UL><LI><a href="#[1d]">&gt;&gt;</a>&nbsp;&nbsp;&nbsp;SysTick_Handler
</UL>

<P><STRONG><a name="[7b]"></a>dma_channel_disable</STRONG> (Thumb, 16 bytes, Stack size 0 bytes, gd32e23x_dma.o(.text.dma_channel_disable))
<BR><BR>[Called By]<UL><LI><a href="#[7e]">&gt;&gt;</a>&nbsp;&nbsp;&nbsp;ADC_Stop_DMA
<LI><a href="#[78]">&gt;&gt;</a>&nbsp;&nbsp;&nbsp;ADC_Start_DMA
</UL>

<P><STRONG><a name="[7c]"></a>dma_channel_enable</STRONG> (Thumb, 16 bytes, Stack size 0 bytes, gd32e23x_dma.o(.text.dma_channel_enable))
<BR><BR>[Called By]<UL><LI><a href="#[78]">&gt;&gt;</a>&nbsp;&nbsp;&nbsp;ADC_Start_DMA
</UL>

<P><STRONG><a name="[69]"></a>dma_circulation_disable</STRONG> (Thumb, 16 bytes, Stack size 0 bytes, gd32e23x_dma.o(.text.dma_circulation_disable))
<BR><BR>[Called By]<UL><LI><a href="#[62]">&gt;&gt;</a>&nbsp;&nbsp;&nbsp;ADC_Init
</UL>

<P><STRONG><a name="[67]"></a>dma_deinit</STRONG> (Thumb, 44 bytes, Stack size 8 bytes, gd32e23x_dma.o(.text.dma_deinit))
<BR><BR>[Stack]<UL><LI>Max Depth = 8<LI>Call Chain = dma_deinit
</UL>
<BR>[Called By]<UL><LI><a href="#[62]">&gt;&gt;</a>&nbsp;&nbsp;&nbsp;ADC_Init
</UL>

<P><STRONG><a name="[96]"></a>dma_flag_clear</STRONG> (Thumb, 16 bytes, Stack size 0 bytes, gd32e23x_dma.o(.text.dma_flag_clear))
<BR><BR>[Called By]<UL><LI><a href="#[26]">&gt;&gt;</a>&nbsp;&nbsp;&nbsp;DMA_Channel0_IRQHandler
</UL>

<P><STRONG><a name="[94]"></a>dma_flag_get</STRONG> (Thumb, 16 bytes, Stack size 0 bytes, gd32e23x_dma.o(.text.dma_flag_get))
<BR><BR>[Called By]<UL><LI><a href="#[26]">&gt;&gt;</a>&nbsp;&nbsp;&nbsp;DMA_Channel0_IRQHandler
</UL>

<P><STRONG><a name="[68]"></a>dma_init</STRONG> (Thumb, 112 bytes, Stack size 16 bytes, gd32e23x_dma.o(.text.dma_init))
<BR><BR>[Stack]<UL><LI>Max Depth = 16<LI>Call Chain = dma_init
</UL>
<BR>[Called By]<UL><LI><a href="#[78]">&gt;&gt;</a>&nbsp;&nbsp;&nbsp;ADC_Start_DMA
<LI><a href="#[62]">&gt;&gt;</a>&nbsp;&nbsp;&nbsp;ADC_Init
</UL>

<P><STRONG><a name="[6b]"></a>dma_interrupt_enable</STRONG> (Thumb, 16 bytes, Stack size 0 bytes, gd32e23x_dma.o(.text.dma_interrupt_enable))
<BR><BR>[Called By]<UL><LI><a href="#[62]">&gt;&gt;</a>&nbsp;&nbsp;&nbsp;ADC_Init
</UL>

<P><STRONG><a name="[7a]"></a>dma_interrupt_flag_clear</STRONG> (Thumb, 16 bytes, Stack size 0 bytes, gd32e23x_dma.o(.text.dma_interrupt_flag_clear))
<BR><BR>[Called By]<UL><LI><a href="#[78]">&gt;&gt;</a>&nbsp;&nbsp;&nbsp;ADC_Start_DMA
</UL>

<P><STRONG><a name="[6a]"></a>dma_memory_to_memory_disable</STRONG> (Thumb, 20 bytes, Stack size 0 bytes, gd32e23x_dma.o(.text.dma_memory_to_memory_disable))
<BR><BR>[Called By]<UL><LI><a href="#[62]">&gt;&gt;</a>&nbsp;&nbsp;&nbsp;ADC_Init
</UL>

<P><STRONG><a name="[cb]"></a>ds18b20_init</STRONG> (Thumb, 56 bytes, Stack size 16 bytes, ds18b20.o(.text.ds18b20_init))
<BR><BR>[Stack]<UL><LI>Max Depth = 44<LI>Call Chain = ds18b20_init &rArr; gpio_mode_set
</UL>
<BR>[Calls]<UL><LI><a href="#[63]">&gt;&gt;</a>&nbsp;&nbsp;&nbsp;rcu_periph_clock_enable
<LI><a href="#[b7]">&gt;&gt;</a>&nbsp;&nbsp;&nbsp;gpio_output_options_set
<LI><a href="#[64]">&gt;&gt;</a>&nbsp;&nbsp;&nbsp;gpio_mode_set
</UL>
<BR>[Called By]<UL><LI><a href="#[3a]">&gt;&gt;</a>&nbsp;&nbsp;&nbsp;main
</UL>

<P><STRONG><a name="[cc]"></a>ds18b20wr</STRONG> (Thumb, 116 bytes, Stack size 32 bytes, ds18b20.o(.text.ds18b20wr))
<BR><BR>[Stack]<UL><LI>Max Depth = 60<LI>Call Chain = ds18b20wr &rArr; gpio_mode_set
</UL>
<BR>[Calls]<UL><LI><a href="#[97]">&gt;&gt;</a>&nbsp;&nbsp;&nbsp;gpio_bit_write
<LI><a href="#[63]">&gt;&gt;</a>&nbsp;&nbsp;&nbsp;rcu_periph_clock_enable
<LI><a href="#[b7]">&gt;&gt;</a>&nbsp;&nbsp;&nbsp;gpio_output_options_set
<LI><a href="#[64]">&gt;&gt;</a>&nbsp;&nbsp;&nbsp;gpio_mode_set
<LI><a href="#[c9]">&gt;&gt;</a>&nbsp;&nbsp;&nbsp;delay_10us
</UL>
<BR>[Called By]<UL><LI><a href="#[c3]">&gt;&gt;</a>&nbsp;&nbsp;&nbsp;readtemp
</UL>

<P><STRONG><a name="[d0]"></a>exti_init</STRONG> (Thumb, 104 bytes, Stack size 16 bytes, gd32e23x_exti.o(.text.exti_init))
<BR><BR>[Stack]<UL><LI>Max Depth = 16<LI>Call Chain = exti_init
</UL>
<BR>[Called By]<UL><LI><a href="#[ce]">&gt;&gt;</a>&nbsp;&nbsp;&nbsp;gpio_config
</UL>

<P><STRONG><a name="[99]"></a>exti_interrupt_flag_clear</STRONG> (Thumb, 8 bytes, Stack size 0 bytes, gd32e23x_exti.o(.text.exti_interrupt_flag_clear))
<BR><BR>[Called By]<UL><LI><a href="#[23]">&gt;&gt;</a>&nbsp;&nbsp;&nbsp;EXTI0_1_IRQHandler
<LI><a href="#[ce]">&gt;&gt;</a>&nbsp;&nbsp;&nbsp;gpio_config
</UL>

<P><STRONG><a name="[98]"></a>exti_interrupt_flag_get</STRONG> (Thumb, 16 bytes, Stack size 0 bytes, gd32e23x_exti.o(.text.exti_interrupt_flag_get))
<BR><BR>[Called By]<UL><LI><a href="#[23]">&gt;&gt;</a>&nbsp;&nbsp;&nbsp;EXTI0_1_IRQHandler
</UL>

<P><STRONG><a name="[9f]"></a>fmc_flag_clear</STRONG> (Thumb, 8 bytes, Stack size 0 bytes, gd32e23x_fmc.o(.text.fmc_flag_clear))
<BR><BR>[Called By]<UL><LI><a href="#[a2]">&gt;&gt;</a>&nbsp;&nbsp;&nbsp;FMC_FLASH_Write
<LI><a href="#[9d]">&gt;&gt;</a>&nbsp;&nbsp;&nbsp;FMC_ERASE_PAGE
<LI><a href="#[8a]">&gt;&gt;</a>&nbsp;&nbsp;&nbsp;FMC_WRITE_BUFFER
</UL>

<P><STRONG><a name="[a1]"></a>fmc_lock</STRONG> (Thumb, 12 bytes, Stack size 0 bytes, gd32e23x_fmc.o(.text.fmc_lock))
<BR><BR>[Called By]<UL><LI><a href="#[a2]">&gt;&gt;</a>&nbsp;&nbsp;&nbsp;FMC_FLASH_Write
<LI><a href="#[9d]">&gt;&gt;</a>&nbsp;&nbsp;&nbsp;FMC_ERASE_PAGE
<LI><a href="#[8a]">&gt;&gt;</a>&nbsp;&nbsp;&nbsp;FMC_WRITE_BUFFER
</UL>

<P><STRONG><a name="[a0]"></a>fmc_page_erase</STRONG> (Thumb, 100 bytes, Stack size 16 bytes, gd32e23x_fmc.o(.text.fmc_page_erase))
<BR><BR>[Stack]<UL><LI>Max Depth = 16<LI>Call Chain = fmc_page_erase
</UL>
<BR>[Called By]<UL><LI><a href="#[a2]">&gt;&gt;</a>&nbsp;&nbsp;&nbsp;FMC_FLASH_Write
<LI><a href="#[9d]">&gt;&gt;</a>&nbsp;&nbsp;&nbsp;FMC_ERASE_PAGE
<LI><a href="#[8a]">&gt;&gt;</a>&nbsp;&nbsp;&nbsp;FMC_WRITE_BUFFER
</UL>

<P><STRONG><a name="[9e]"></a>fmc_unlock</STRONG> (Thumb, 20 bytes, Stack size 0 bytes, gd32e23x_fmc.o(.text.fmc_unlock))
<BR><BR>[Called By]<UL><LI><a href="#[a2]">&gt;&gt;</a>&nbsp;&nbsp;&nbsp;FMC_FLASH_Write
<LI><a href="#[9d]">&gt;&gt;</a>&nbsp;&nbsp;&nbsp;FMC_ERASE_PAGE
<LI><a href="#[8a]">&gt;&gt;</a>&nbsp;&nbsp;&nbsp;FMC_WRITE_BUFFER
</UL>

<P><STRONG><a name="[a3]"></a>fmc_word_program</STRONG> (Thumb, 92 bytes, Stack size 16 bytes, gd32e23x_fmc.o(.text.fmc_word_program))
<BR><BR>[Stack]<UL><LI>Max Depth = 16<LI>Call Chain = fmc_word_program
</UL>
<BR>[Called By]<UL><LI><a href="#[a2]">&gt;&gt;</a>&nbsp;&nbsp;&nbsp;FMC_FLASH_Write
<LI><a href="#[8a]">&gt;&gt;</a>&nbsp;&nbsp;&nbsp;FMC_WRITE_BUFFER
</UL>

<P><STRONG><a name="[3d]"></a>fputc</STRONG> (Thumb, 32 bytes, Stack size 16 bytes, usart.o(.text.fputc))
<BR><BR>[Stack]<UL><LI>Max Depth = 16<LI>Call Chain = fputc
</UL>
<BR>[Calls]<UL><LI><a href="#[cd]">&gt;&gt;</a>&nbsp;&nbsp;&nbsp;usart_flag_get
<LI><a href="#[b3]">&gt;&gt;</a>&nbsp;&nbsp;&nbsp;usart_data_transmit
</UL>
<BR>[Called By]<UL><LI><a href="#[8b]">&gt;&gt;</a>&nbsp;&nbsp;&nbsp;puts
</UL>
<BR>[Address Reference Count : 1]<UL><LI> printfa.o(i.__0printf)
</UL>
<P><STRONG><a name="[b6]"></a>gpio_af_set</STRONG> (Thumb, 228 bytes, Stack size 52 bytes, gd32e23x_gpio.o(.text.gpio_af_set))
<BR><BR>[Stack]<UL><LI>Max Depth = 52<LI>Call Chain = gpio_af_set
</UL>
<BR>[Called By]<UL><LI><a href="#[9c]">&gt;&gt;</a>&nbsp;&nbsp;&nbsp;timer2_config
<LI><a href="#[d2]">&gt;&gt;</a>&nbsp;&nbsp;&nbsp;timer13_config
<LI><a href="#[b5]">&gt;&gt;</a>&nbsp;&nbsp;&nbsp;Usart_GPIO_Init
</UL>

<P><STRONG><a name="[97]"></a>gpio_bit_write</STRONG> (Thumb, 14 bytes, Stack size 0 bytes, gd32e23x_gpio.o(.text.gpio_bit_write))
<BR><BR>[Called By]<UL><LI><a href="#[13]">&gt;&gt;</a>&nbsp;&nbsp;&nbsp;_SETEf
<LI><a href="#[c3]">&gt;&gt;</a>&nbsp;&nbsp;&nbsp;readtemp
<LI><a href="#[95]">&gt;&gt;</a>&nbsp;&nbsp;&nbsp;DMA_ConvCpltCallback
<LI><a href="#[cc]">&gt;&gt;</a>&nbsp;&nbsp;&nbsp;ds18b20wr
<LI><a href="#[c8]">&gt;&gt;</a>&nbsp;&nbsp;&nbsp;da18b20rd
<LI><a href="#[2c]">&gt;&gt;</a>&nbsp;&nbsp;&nbsp;TIMER2_IRQHandler
</UL>

<P><STRONG><a name="[ce]"></a>gpio_config</STRONG> (Thumb, 100 bytes, Stack size 24 bytes, gpio.o(.text.gpio_config))
<BR><BR>[Stack]<UL><LI>Max Depth = 52<LI>Call Chain = gpio_config &rArr; gpio_mode_set
</UL>
<BR>[Calls]<UL><LI><a href="#[cf]">&gt;&gt;</a>&nbsp;&nbsp;&nbsp;syscfg_exti_line_config
<LI><a href="#[63]">&gt;&gt;</a>&nbsp;&nbsp;&nbsp;rcu_periph_clock_enable
<LI><a href="#[c1]">&gt;&gt;</a>&nbsp;&nbsp;&nbsp;nvic_irq_enable
<LI><a href="#[b7]">&gt;&gt;</a>&nbsp;&nbsp;&nbsp;gpio_output_options_set
<LI><a href="#[64]">&gt;&gt;</a>&nbsp;&nbsp;&nbsp;gpio_mode_set
<LI><a href="#[99]">&gt;&gt;</a>&nbsp;&nbsp;&nbsp;exti_interrupt_flag_clear
<LI><a href="#[d0]">&gt;&gt;</a>&nbsp;&nbsp;&nbsp;exti_init
</UL>
<BR>[Called By]<UL><LI><a href="#[3a]">&gt;&gt;</a>&nbsp;&nbsp;&nbsp;main
</UL>

<P><STRONG><a name="[ca]"></a>gpio_input_bit_get</STRONG> (Thumb, 10 bytes, Stack size 0 bytes, gd32e23x_gpio.o(.text.gpio_input_bit_get))
<BR><BR>[Called By]<UL><LI><a href="#[c8]">&gt;&gt;</a>&nbsp;&nbsp;&nbsp;da18b20rd
</UL>

<P><STRONG><a name="[64]"></a>gpio_mode_set</STRONG> (Thumb, 66 bytes, Stack size 28 bytes, gd32e23x_gpio.o(.text.gpio_mode_set))
<BR><BR>[Stack]<UL><LI>Max Depth = 28<LI>Call Chain = gpio_mode_set
</UL>
<BR>[Called By]<UL><LI><a href="#[9c]">&gt;&gt;</a>&nbsp;&nbsp;&nbsp;timer2_config
<LI><a href="#[d2]">&gt;&gt;</a>&nbsp;&nbsp;&nbsp;timer13_config
<LI><a href="#[c3]">&gt;&gt;</a>&nbsp;&nbsp;&nbsp;readtemp
<LI><a href="#[ce]">&gt;&gt;</a>&nbsp;&nbsp;&nbsp;gpio_config
<LI><a href="#[cb]">&gt;&gt;</a>&nbsp;&nbsp;&nbsp;ds18b20_init
<LI><a href="#[b5]">&gt;&gt;</a>&nbsp;&nbsp;&nbsp;Usart_GPIO_Init
<LI><a href="#[62]">&gt;&gt;</a>&nbsp;&nbsp;&nbsp;ADC_Init
<LI><a href="#[cc]">&gt;&gt;</a>&nbsp;&nbsp;&nbsp;ds18b20wr
<LI><a href="#[c8]">&gt;&gt;</a>&nbsp;&nbsp;&nbsp;da18b20rd
</UL>

<P><STRONG><a name="[b7]"></a>gpio_output_options_set</STRONG> (Thumb, 70 bytes, Stack size 24 bytes, gd32e23x_gpio.o(.text.gpio_output_options_set))
<BR><BR>[Stack]<UL><LI>Max Depth = 24<LI>Call Chain = gpio_output_options_set
</UL>
<BR>[Called By]<UL><LI><a href="#[9c]">&gt;&gt;</a>&nbsp;&nbsp;&nbsp;timer2_config
<LI><a href="#[d2]">&gt;&gt;</a>&nbsp;&nbsp;&nbsp;timer13_config
<LI><a href="#[c3]">&gt;&gt;</a>&nbsp;&nbsp;&nbsp;readtemp
<LI><a href="#[ce]">&gt;&gt;</a>&nbsp;&nbsp;&nbsp;gpio_config
<LI><a href="#[cb]">&gt;&gt;</a>&nbsp;&nbsp;&nbsp;ds18b20_init
<LI><a href="#[b5]">&gt;&gt;</a>&nbsp;&nbsp;&nbsp;Usart_GPIO_Init
[...]
</UL>
<BR>[Called By]<UL><LI><a href="#[12]">&gt;&gt;</a>&nbsp;&nbsp;&nbsp;_GETTf
<LI><a href="#[3a]">&gt;&gt;</a>&nbsp;&nbsp;&nbsp;main
</UL>

<P><STRONG><a name="[cf]"></a>syscfg_exti_line_config</STRONG> (Thumb, 108 bytes, Stack size 8 bytes, gd32e23x_syscfg.o(.text.syscfg_exti_line_config))
<BR><BR>[Stack]<UL><LI>Max Depth = 8<LI>Call Chain = syscfg_exti_line_config
</UL>
<BR>[Called By]<UL><LI><a href="#[ce]">&gt;&gt;</a>&nbsp;&nbsp;&nbsp;gpio_config
</UL>

<P><STRONG><a name="[d1]"></a>systick_config</STRONG> (Thumb, 56 bytes, Stack size 8 bytes, systick.o(.text.systick_config))
<BR><BR>[Stack]<UL><LI>Max Depth = 8<LI>Call Chain = systick_config
</UL>
<BR>[Called By]<UL><LI><a href="#[3a]">&gt;&gt;</a>&nbsp;&nbsp;&nbsp;main
</UL>

<P><STRONG><a name="[d2]"></a>timer13_config</STRONG> (Thumb, 172 bytes, Stack size 48 bytes, timer.o(.text.timer13_config))
<BR><BR>[Stack]<UL><LI>Max Depth = 100<LI>Call Chain = timer13_config &rArr; gpio_af_set
</UL>
<BR>[Calls]<UL><LI><a href="#[b6]">&gt;&gt;</a>&nbsp;&nbsp;&nbsp;gpio_af_set
<LI><a href="#[63]">&gt;&gt;</a>&nbsp;&nbsp;&nbsp;rcu_periph_clock_enable
<LI><a href="#[b7]">&gt;&gt;</a>&nbsp;&nbsp;&nbsp;gpio_output_options_set
<LI><a href="#[64]">&gt;&gt;</a>&nbsp;&nbsp;&nbsp;gpio_mode_set
<LI><a href="#[d4]">&gt;&gt;</a>&nbsp;&nbsp;&nbsp;timer_struct_para_init
<LI><a href="#[d9]">&gt;&gt;</a>&nbsp;&nbsp;&nbsp;timer_primary_output_config
<LI><a href="#[d6]">&gt;&gt;</a>&nbsp;&nbsp;&nbsp;timer_prescaler_config
<LI><a href="#[d5]">&gt;&gt;</a>&nbsp;&nbsp;&nbsp;timer_init
<LI><a href="#[93]">&gt;&gt;</a>&nbsp;&nbsp;&nbsp;timer_enable
<LI><a href="#[d3]">&gt;&gt;</a>&nbsp;&nbsp;&nbsp;timer_deinit
<LI><a href="#[8f]">&gt;&gt;</a>&nbsp;&nbsp;&nbsp;timer_channel_output_pulse_value_config
<LI><a href="#[d8]">&gt;&gt;</a>&nbsp;&nbsp;&nbsp;timer_channel_output_mode_config
<LI><a href="#[d7]">&gt;&gt;</a>&nbsp;&nbsp;&nbsp;timer_channel_output_config
<LI><a href="#[da]">&gt;&gt;</a>&nbsp;&nbsp;&nbsp;timer_auto_reload_shadow_enable
</UL>
<BR>[Called By]<UL><LI><a href="#[3a]">&gt;&gt;</a>&nbsp;&nbsp;&nbsp;main
</UL>

<P><STRONG><a name="[9c]"></a>timer2_config</STRONG> (Thumb, 200 bytes, Stack size 56 bytes, timer.o(.text.timer2_config))
<BR><BR>[Stack]<UL><LI>Max Depth = 108<LI>Call Chain = timer2_config &rArr; gpio_af_set
</UL>
<BR>[Calls]<UL><LI><a href="#[b6]">&gt;&gt;</a>&nbsp;&nbsp;&nbsp;gpio_af_set
<LI><a href="#[63]">&gt;&gt;</a>&nbsp;&nbsp;&nbsp;rcu_periph_clock_enable
<LI><a href="#[c1]">&gt;&gt;</a>&nbsp;&nbsp;&nbsp;nvic_irq_enable
<LI><a href="#[b7]">&gt;&gt;</a>&nbsp;&nbsp;&nbsp;gpio_output_options_set
<LI><a href="#[64]">&gt;&gt;</a>&nbsp;&nbsp;&nbsp;gpio_mode_set
<LI><a href="#[d9]">&gt;&gt;</a>&nbsp;&nbsp;&nbsp;timer_primary_output_config
<LI><a href="#[d6]">&gt;&gt;</a>&nbsp;&nbsp;&nbsp;timer_prescaler_config
<LI><a href="#[db]">&gt;&gt;</a>&nbsp;&nbsp;&nbsp;timer_master_output_trigger_source_select
<LI><a href="#[dc]">&gt;&gt;</a>&nbsp;&nbsp;&nbsp;timer_interrupt_enable
<LI><a href="#[d5]">&gt;&gt;</a>&nbsp;&nbsp;&nbsp;timer_init
<LI><a href="#[93]">&gt;&gt;</a>&nbsp;&nbsp;&nbsp;timer_enable
<LI><a href="#[d3]">&gt;&gt;</a>&nbsp;&nbsp;&nbsp;timer_deinit
<LI><a href="#[8f]">&gt;&gt;</a>&nbsp;&nbsp;&nbsp;timer_channel_output_pulse_value_config
<LI><a href="#[d8]">&gt;&gt;</a>&nbsp;&nbsp;&nbsp;timer_channel_output_mode_config
<LI><a href="#[d7]">&gt;&gt;</a>&nbsp;&nbsp;&nbsp;timer_channel_output_config
</UL>
<BR>[Called By]<UL><LI><a href="#[9a]">&gt;&gt;</a>&nbsp;&nbsp;&nbsp;FLASH_Init
</UL>

<P><STRONG><a name="[da]"></a>timer_auto_reload_shadow_enable</STRONG> (Thumb, 10 bytes, Stack size 0 bytes, gd32e23x_timer.o(.text.timer_auto_reload_shadow_enable))
<BR><BR>[Called By]<UL><LI><a href="#[d2]">&gt;&gt;</a>&nbsp;&nbsp;&nbsp;timer13_config
</UL>

<P><STRONG><a name="[ac]"></a>timer_autoreload_value_config</STRONG> (Thumb, 4 bytes, Stack size 0 bytes, gd32e23x_timer.o(.text.timer_autoreload_value_config))
<BR><BR>[Called By]<UL><LI><a href="#[15]">&gt;&gt;</a>&nbsp;&nbsp;&nbsp;_SATLf
<LI><a href="#[a9]">&gt;&gt;</a>&nbsp;&nbsp;&nbsp;TIM2_Reinit
</UL>

<P><STRONG><a name="[d7]"></a>timer_channel_output_config</STRONG> (Thumb, 544 bytes, Stack size 8 bytes, gd32e23x_timer.o(.text.timer_channel_output_config))
<BR><BR>[Stack]<UL><LI>Max Depth = 8<LI>Call Chain = timer_channel_output_config
</UL>
<BR>[Called By]<UL><LI><a href="#[9c]">&gt;&gt;</a>&nbsp;&nbsp;&nbsp;timer2_config
<LI><a href="#[d2]">&gt;&gt;</a>&nbsp;&nbsp;&nbsp;timer13_config
</UL>

<P><STRONG><a name="[d8]"></a>timer_channel_output_mode_config</STRONG> (Thumb, 92 bytes, Stack size 8 bytes, gd32e23x_timer.o(.text.timer_channel_output_mode_config))
<BR><BR>[Stack]<UL><LI>Max Depth = 8<LI>Call Chain = timer_channel_output_mode_config
</UL>
<BR>[Called By]<UL><LI><a href="#[9c]">&gt;&gt;</a>&nbsp;&nbsp;&nbsp;timer2_config
<LI><a href="#[d2]">&gt;&gt;</a>&nbsp;&nbsp;&nbsp;timer13_config
</UL>

<P><STRONG><a name="[8f]"></a>timer_channel_output_pulse_value_config</STRONG> (Thumb, 12 bytes, Stack size 0 bytes, gd32e23x_timer.o(.text.timer_channel_output_pulse_value_config))
<BR><BR>[Called By]<UL><LI><a href="#[a]">&gt;&gt;</a>&nbsp;&nbsp;&nbsp;_SETOf
<LI><a href="#[6]">&gt;&gt;</a>&nbsp;&nbsp;&nbsp;_MEOFf
<LI><a href="#[2]">&gt;&gt;</a>&nbsp;&nbsp;&nbsp;_LAONf
<LI><a href="#[3]">&gt;&gt;</a>&nbsp;&nbsp;&nbsp;_LAOFf
<LI><a href="#[f]">&gt;&gt;</a>&nbsp;&nbsp;&nbsp;_LAINf
<LI><a href="#[a9]">&gt;&gt;</a>&nbsp;&nbsp;&nbsp;TIM2_Reinit
<LI><a href="#[91]">&gt;&gt;</a>&nbsp;&nbsp;&nbsp;CMOS_work
<LI><a href="#[83]">&gt;&gt;</a>&nbsp;&nbsp;&nbsp;CMOS_turnoff
<LI><a href="#[9c]">&gt;&gt;</a>&nbsp;&nbsp;&nbsp;timer2_config
<LI><a href="#[d2]">&gt;&gt;</a>&nbsp;&nbsp;&nbsp;timer13_config
</UL>

<P><STRONG><a name="[d3]"></a>timer_deinit</STRONG> (Thumb, 100 bytes, Stack size 8 bytes, gd32e23x_timer.o(.text.timer_deinit))
<BR><BR>[Stack]<UL><LI>Max Depth = 8<LI>Call Chain = timer_deinit
</UL>
<BR>[Calls]<UL><LI><a href="#[c6]">&gt;&gt;</a>&nbsp;&nbsp;&nbsp;rcu_periph_reset_enable
<LI><a href="#[c7]">&gt;&gt;</a>&nbsp;&nbsp;&nbsp;rcu_periph_reset_disable
</UL>
<BR>[Called By]<UL><LI><a href="#[9c]">&gt;&gt;</a>&nbsp;&nbsp;&nbsp;timer2_config
<LI><a href="#[d2]">&gt;&gt;</a>&nbsp;&nbsp;&nbsp;timer13_config
</UL>

<P><STRONG><a name="[90]"></a>timer_disable</STRONG> (Thumb, 10 bytes, Stack size 0 bytes, gd32e23x_timer.o(.text.timer_disable))
<BR><BR>[Called By]<UL><LI><a href="#[10]">&gt;&gt;</a>&nbsp;&nbsp;&nbsp;_UPDTf
<LI><a href="#[6]">&gt;&gt;</a>&nbsp;&nbsp;&nbsp;_MEOFf
<LI><a href="#[3]">&gt;&gt;</a>&nbsp;&nbsp;&nbsp;_LAOFf
<LI><a href="#[83]">&gt;&gt;</a>&nbsp;&nbsp;&nbsp;CMOS_turnoff
</UL>

<P><STRONG><a name="[93]"></a>timer_enable</STRONG> (Thumb, 10 bytes, Stack size 0 bytes, gd32e23x_timer.o(.text.timer_enable))
<BR><BR>[Called By]<UL><LI><a href="#[a]">&gt;&gt;</a>&nbsp;&nbsp;&nbsp;_SETOf
<LI><a href="#[2]">&gt;&gt;</a>&nbsp;&nbsp;&nbsp;_LAONf
<LI><a href="#[f]">&gt;&gt;</a>&nbsp;&nbsp;&nbsp;_LAINf
<LI><a href="#[a9]">&gt;&gt;</a>&nbsp;&nbsp;&nbsp;TIM2_Reinit
<LI><a href="#[91]">&gt;&gt;</a>&nbsp;&nbsp;&nbsp;CMOS_work
<LI><a href="#[9c]">&gt;&gt;</a>&nbsp;&nbsp;&nbsp;timer2_config
<LI><a href="#[d2]">&gt;&gt;</a>&nbsp;&nbsp;&nbsp;timer13_config
</UL>

<P><STRONG><a name="[d5]"></a>timer_init</STRONG> (Thumb, 144 bytes, Stack size 8 bytes, gd32e23x_timer.o(.text.timer_init))
<BR><BR>[Stack]<UL><LI>Max Depth = 8<LI>Call Chain = timer_init
</UL>
<BR>[Called By]<UL><LI><a href="#[9c]">&gt;&gt;</a>&nbsp;&nbsp;&nbsp;timer2_config
<LI><a href="#[d2]">&gt;&gt;</a>&nbsp;&nbsp;&nbsp;timer13_config
</UL>

<P><STRONG><a name="[dc]"></a>timer_interrupt_enable</STRONG> (Thumb, 8 bytes, Stack size 0 bytes, gd32e23x_timer.o(.text.timer_interrupt_enable))
<BR><BR>[Called By]<UL><LI><a href="#[9c]">&gt;&gt;</a>&nbsp;&nbsp;&nbsp;timer2_config
</UL>

<P><STRONG><a name="[ae]"></a>timer_interrupt_flag_clear</STRONG> (Thumb, 6 bytes, Stack size 0 bytes, gd32e23x_timer.o(.text.timer_interrupt_flag_clear))
<BR><BR>[Called By]<UL><LI><a href="#[2c]">&gt;&gt;</a>&nbsp;&nbsp;&nbsp;TIMER2_IRQHandler
</UL>

<P><STRONG><a name="[ad]"></a>timer_interrupt_flag_get</STRONG> (Thumb, 20 bytes, Stack size 0 bytes, gd32e23x_timer.o(.text.timer_interrupt_flag_get))
<BR><BR>[Called By]<UL><LI><a href="#[2c]">&gt;&gt;</a>&nbsp;&nbsp;&nbsp;TIMER2_IRQHandler
</UL>

<P><STRONG><a name="[db]"></a>timer_master_output_trigger_source_select</STRONG> (Thumb, 16 bytes, Stack size 0 bytes, gd32e23x_timer.o(.text.timer_master_output_trigger_source_select))
<BR><BR>[Called By]<UL><LI><a href="#[9c]">&gt;&gt;</a>&nbsp;&nbsp;&nbsp;timer2_config
</UL>

<P><STRONG><a name="[d6]"></a>timer_prescaler_config</STRONG> (Thumb, 16 bytes, Stack size 0 bytes, gd32e23x_timer.o(.text.timer_prescaler_config))
<BR><BR>[Called By]<UL><LI><a href="#[9c]">&gt;&gt;</a>&nbsp;&nbsp;&nbsp;timer2_config
<LI><a href="#[d2]">&gt;&gt;</a>&nbsp;&nbsp;&nbsp;timer13_config
</UL>

<P><STRONG><a name="[d9]"></a>timer_primary_output_config</STRONG> (Thumb, 22 bytes, Stack size 0 bytes, gd32e23x_timer.o(.text.timer_primary_output_config))
<BR><BR>[Called By]<UL><LI><a href="#[9c]">&gt;&gt;</a>&nbsp;&nbsp;&nbsp;timer2_config
<LI><a href="#[d2]">&gt;&gt;</a>&nbsp;&nbsp;&nbsp;timer13_config
</UL>

<P><STRONG><a name="[d4]"></a>timer_struct_para_init</STRONG> (Thumb, 16 bytes, Stack size 0 bytes, gd32e23x_timer.o(.text.timer_struct_para_init))
<BR><BR>[Called By]<UL><LI><a href="#[d2]">&gt;&gt;</a>&nbsp;&nbsp;&nbsp;timer13_config
</UL>

<P><STRONG><a name="[bd]"></a>usart_baudrate_set</STRONG> (Thumb, 76 bytes, Stack size 16 bytes, gd32e23x_usart.o(.text.usart_baudrate_set))
<BR><BR>[Stack]<UL><LI>Max Depth = 40<LI>Call Chain = usart_baudrate_set &rArr; rcu_clock_freq_get
</UL>
<BR>[Calls]<UL><LI><a href="#[dd]">&gt;&gt;</a>&nbsp;&nbsp;&nbsp;rcu_clock_freq_get
</UL>
<BR>[Called By]<UL><LI><a href="#[b8]">&gt;&gt;</a>&nbsp;&nbsp;&nbsp;Usart_Init
</UL>

<P><STRONG><a name="[b2]"></a>usart_data_receive</STRONG> (Thumb, 8 bytes, Stack size 0 bytes, gd32e23x_usart.o(.text.usart_data_receive))
<BR><BR>[Called By]<UL><LI><a href="#[36]">&gt;&gt;</a>&nbsp;&nbsp;&nbsp;USART0_IRQHandler
</UL>

<P><STRONG><a name="[b3]"></a>usart_data_transmit</STRONG> (Thumb, 8 bytes, Stack size 0 bytes, gd32e23x_usart.o(.text.usart_data_transmit))
<BR><BR>[Called By]<UL><LI><a href="#[3d]">&gt;&gt;</a>&nbsp;&nbsp;&nbsp;fputc
<LI><a href="#[36]">&gt;&gt;</a>&nbsp;&nbsp;&nbsp;USART0_IRQHandler
</UL>

<P><STRONG><a name="[b9]"></a>usart_deinit</STRONG> (Thumb, 40 bytes, Stack size 8 bytes, gd32e23x_usart.o(.text.usart_deinit))
<BR><BR>[Stack]<UL><LI>Max Depth = 8<LI>Call Chain = usart_deinit
</UL>
<BR>[Calls]<UL><LI><a href="#[c6]">&gt;&gt;</a>&nbsp;&nbsp;&nbsp;rcu_periph_reset_enable
<LI><a href="#[c7]">&gt;&gt;</a>&nbsp;&nbsp;&nbsp;rcu_periph_reset_disable
</UL>
<BR>[Called By]<UL><LI><a href="#[b8]">&gt;&gt;</a>&nbsp;&nbsp;&nbsp;Usart_Init
</UL>

<P><STRONG><a name="[c2]"></a>usart_enable</STRONG> (Thumb, 10 bytes, Stack size 0 bytes, gd32e23x_usart.o(.text.usart_enable))
<BR><BR>[Called By]<UL><LI><a href="#[b8]">&gt;&gt;</a>&nbsp;&nbsp;&nbsp;Usart_Init
</UL>

<P><STRONG><a name="[cd]"></a>usart_flag_get</STRONG> (Thumb, 16 bytes, Stack size 0 bytes, gd32e23x_usart.o(.text.usart_flag_get))
<BR><BR>[Called By]<UL><LI><a href="#[3d]">&gt;&gt;</a>&nbsp;&nbsp;&nbsp;fputc
</UL>

<P><STRONG><a name="[b4]"></a>usart_interrupt_disable</STRONG> (Thumb, 18 bytes, Stack size 0 bytes, gd32e23x_usart.o(.text.usart_interrupt_disable))
<BR><BR>[Called By]<UL><LI><a href="#[36]">&gt;&gt;</a>&nbsp;&nbsp;&nbsp;USART0_IRQHandler
</UL>

<P><STRONG><a name="[c0]"></a>usart_interrupt_enable</STRONG> (Thumb, 18 bytes, Stack size 0 bytes, gd32e23x_usart.o(.text.usart_interrupt_enable))
<BR><BR>[Called By]<UL><LI><a href="#[b8]">&gt;&gt;</a>&nbsp;&nbsp;&nbsp;Usart_Init
</UL>

<P><STRONG><a name="[b1]"></a>usart_interrupt_flag_get</STRONG> (Thumb, 30 bytes, Stack size 0 bytes, gd32e23x_usart.o(.text.usart_interrupt_flag_get))
<BR><BR>[Called By]<UL><LI><a href="#[36]">&gt;&gt;</a>&nbsp;&nbsp;&nbsp;USART0_IRQHandler
</UL>

<P><STRONG><a name="[bc]"></a>usart_parity_config</STRONG> (Thumb, 26 bytes, Stack size 0 bytes, gd32e23x_usart.o(.text.usart_parity_config))
<BR><BR>[Called By]<UL><LI><a href="#[b8]">&gt;&gt;</a>&nbsp;&nbsp;&nbsp;Usart_Init
</UL>

<P><STRONG><a name="[be]"></a>usart_receive_config</STRONG> (Thumb, 16 bytes, Stack size 0 bytes, gd32e23x_usart.o(.text.usart_receive_config))
<BR><BR>[Called By]<UL><LI><a href="#[b8]">&gt;&gt;</a>&nbsp;&nbsp;&nbsp;Usart_Init
</UL>

<P><STRONG><a name="[bb]"></a>usart_stop_bit_set</STRONG> (Thumb, 26 bytes, Stack size 0 bytes, gd32e23x_usart.o(.text.usart_stop_bit_set))
<BR><BR>[Called By]<UL><LI><a href="#[b8]">&gt;&gt;</a>&nbsp;&nbsp;&nbsp;Usart_Init
</UL>

<P><STRONG><a name="[bf]"></a>usart_transmit_config</STRONG> (Thumb, 16 bytes, Stack size 0 bytes, gd32e23x_usart.o(.text.usart_transmit_config))
<BR><BR>[Called By]<UL><LI><a href="#[b8]">&gt;&gt;</a>&nbsp;&nbsp;&nbsp;Usart_Init
</UL>

<P><STRONG><a name="[ba]"></a>usart_word_length_set</STRONG> (Thumb, 26 bytes, Stack size 0 bytes, gd32e23x_usart.o(.text.usart_word_length_set))
<BR><BR>[Called By]<UL><LI><a href="#[b8]">&gt;&gt;</a>&nbsp;&nbsp;&nbsp;Usart_Init
</UL>

<P><STRONG><a name="[de]"></a>__0printf</STRONG> (Thumb, 24 bytes, Stack size 24 bytes, printfa.o(i.__0printf), UNUSED)
<BR><BR>[Calls]<UL><LI><a href="#[df]">&gt;&gt;</a>&nbsp;&nbsp;&nbsp;_printf_core
</UL>

<P><STRONG><a name="[f9]"></a>__1printf</STRONG> (Thumb, 0 bytes, Stack size 24 bytes, printfa.o(i.__0printf), UNUSED)

<P><STRONG><a name="[82]"></a>__2printf</STRONG> (Thumb, 0 bytes, Stack size 24 bytes, printfa.o(i.__0printf))
<BR><BR>[Stack]<UL><LI>Max Depth = 24<LI>Call Chain = __2printf
</UL>
<BR>[Called By]<UL><LI><a href="#[0]">&gt;&gt;</a>&nbsp;&nbsp;&nbsp;_helpf
<LI><a href="#[11]">&gt;&gt;</a>&nbsp;&nbsp;&nbsp;_TEMPf
<LI><a href="#[7]">&gt;&gt;</a>&nbsp;&nbsp;&nbsp;_SETPf
<LI><a href="#[15]">&gt;&gt;</a>&nbsp;&nbsp;&nbsp;_SATLf
<LI><a href="#[d]">&gt;&gt;</a>&nbsp;&nbsp;&nbsp;_RPWMf
<LI><a href="#[8]">&gt;&gt;</a>&nbsp;&nbsp;&nbsp;_RDFLf
<LI><a href="#[16]">&gt;&gt;</a>&nbsp;&nbsp;&nbsp;_RATLf
<LI><a href="#[6]">&gt;&gt;</a>&nbsp;&nbsp;&nbsp;_MEOFf
<LI><a href="#[2]">&gt;&gt;</a>&nbsp;&nbsp;&nbsp;_LAONf
<LI><a href="#[3]">&gt;&gt;</a>&nbsp;&nbsp;&nbsp;_LAOFf
<LI><a href="#[12]">&gt;&gt;</a>&nbsp;&nbsp;&nbsp;_GETTf
<LI><a href="#[b]">&gt;&gt;</a>&nbsp;&nbsp;&nbsp;_GETOf
<LI><a href="#[17]">&gt;&gt;</a>&nbsp;&nbsp;&nbsp;_DCALf
<LI><a href="#[14]">&gt;&gt;</a>&nbsp;&nbsp;&nbsp;_AUDOf
<LI><a href="#[1]">&gt;&gt;</a>&nbsp;&nbsp;&nbsp;_ADCf
<LI><a href="#[8e]">&gt;&gt;</a>&nbsp;&nbsp;&nbsp;V_STR_Printf
<LI><a href="#[3a]">&gt;&gt;</a>&nbsp;&nbsp;&nbsp;main
<LI><a href="#[af]">&gt;&gt;</a>&nbsp;&nbsp;&nbsp;UART_TEST_HANDLE
<LI><a href="#[80]">&gt;&gt;</a>&nbsp;&nbsp;&nbsp;CMOS_ADC
</UL>

<P><STRONG><a name="[fa]"></a>__c89printf</STRONG> (Thumb, 0 bytes, Stack size 24 bytes, printfa.o(i.__0printf), UNUSED)

<P><STRONG><a name="[fb]"></a>printf</STRONG> (Thumb, 0 bytes, Stack size 24 bytes, printfa.o(i.__0printf), UNUSED)

<P><STRONG><a name="[e0]"></a>__0sprintf</STRONG> (Thumb, 36 bytes, Stack size 24 bytes, printfa.o(i.__0sprintf), UNUSED)
<BR><BR>[Calls]<UL><LI><a href="#[3e]">&gt;&gt;</a>&nbsp;&nbsp;&nbsp;_sputc
<LI><a href="#[df]">&gt;&gt;</a>&nbsp;&nbsp;&nbsp;_printf_core
</UL>

<P><STRONG><a name="[fc]"></a>__1sprintf</STRONG> (Thumb, 0 bytes, Stack size 24 bytes, printfa.o(i.__0sprintf), UNUSED)

<P><STRONG><a name="[8c]"></a>__2sprintf</STRONG> (Thumb, 0 bytes, Stack size 24 bytes, printfa.o(i.__0sprintf))
<BR><BR>[Stack]<UL><LI>Max Depth = 24<LI>Call Chain = __2sprintf
</UL>
<BR>[Called By]<UL><LI><a href="#[7]">&gt;&gt;</a>&nbsp;&nbsp;&nbsp;_SETPf
<LI><a href="#[12]">&gt;&gt;</a>&nbsp;&nbsp;&nbsp;_GETTf
<LI><a href="#[1]">&gt;&gt;</a>&nbsp;&nbsp;&nbsp;_ADCf
<LI><a href="#[85]">&gt;&gt;</a>&nbsp;&nbsp;&nbsp;CMOS_DIS
</UL>

<P><STRONG><a name="[fd]"></a>__c89sprintf</STRONG> (Thumb, 0 bytes, Stack size 24 bytes, printfa.o(i.__0sprintf), UNUSED)

<P><STRONG><a name="[fe]"></a>sprintf</STRONG> (Thumb, 0 bytes, Stack size 24 bytes, printfa.o(i.__0sprintf), UNUSED)

<P><STRONG><a name="[58]"></a>__ARM_clz</STRONG> (Thumb, 46 bytes, Stack size 0 bytes, depilogue.o(i.__ARM_clz))
<BR><BR>[Called By]<UL><LI><a href="#[4e]">&gt;&gt;</a>&nbsp;&nbsp;&nbsp;_double_epilogue
</UL>

<P><STRONG><a name="[45]"></a>__aeabi_errno_addr</STRONG> (Thumb, 4 bytes, Stack size 0 bytes, errno.o(i.__aeabi_errno_addr))
<BR><BR>[Called By]<UL><LI><a href="#[46]">&gt;&gt;</a>&nbsp;&nbsp;&nbsp;strtol
<LI><a href="#[44]">&gt;&gt;</a>&nbsp;&nbsp;&nbsp;atoi
<LI><a href="#[57]">&gt;&gt;</a>&nbsp;&nbsp;&nbsp;_strtoul
</UL>

<P><STRONG><a name="[ff]"></a>__rt_errno_addr</STRONG> (Thumb, 0 bytes, Stack size 0 bytes, errno.o(i.__aeabi_errno_addr), UNUSED)

<P><STRONG><a name="[100]"></a>__scatterload_copy</STRONG> (Thumb, 14 bytes, Stack size unknown bytes, handlers.o(i.__scatterload_copy), UNUSED)

<P><STRONG><a name="[101]"></a>__scatterload_null</STRONG> (Thumb, 2 bytes, Stack size unknown bytes, handlers.o(i.__scatterload_null), UNUSED)

<P><STRONG><a name="[102]"></a>__scatterload_zeroinit</STRONG> (Thumb, 14 bytes, Stack size unknown bytes, handlers.o(i.__scatterload_zeroinit), UNUSED)

<P><STRONG><a name="[8b]"></a>puts</STRONG> (Thumb, 28 bytes, Stack size 8 bytes, puts.o(i.puts))
<BR><BR>[Stack]<UL><LI>Max Depth = 24<LI>Call Chain = puts &rArr; fputc
</UL>
<BR>[Calls]<UL><LI><a href="#[3d]">&gt;&gt;</a>&nbsp;&nbsp;&nbsp;fputc
</UL>
<BR>[Called By]<UL><LI><a href="#[0]">&gt;&gt;</a>&nbsp;&nbsp;&nbsp;_helpf
<LI><a href="#[9]">&gt;&gt;</a>&nbsp;&nbsp;&nbsp;_WRFLf
<LI><a href="#[e]">&gt;&gt;</a>&nbsp;&nbsp;&nbsp;_WPWMf
<LI><a href="#[c]">&gt;&gt;</a>&nbsp;&nbsp;&nbsp;_SHOWf
<LI><a href="#[13]">&gt;&gt;</a>&nbsp;&nbsp;&nbsp;_SETEf
<LI><a href="#[f]">&gt;&gt;</a>&nbsp;&nbsp;&nbsp;_LAINf
<LI><a href="#[85]">&gt;&gt;</a>&nbsp;&nbsp;&nbsp;CMOS_DIS
</UL>
<P>
<H3>
Local Symbols
</H3>
<P><STRONG><a name="[e1]"></a>_fp_digits</STRONG> (Thumb, 344 bytes, Stack size 64 bytes, printfa.o(i._fp_digits), UNUSED)
<BR><BR>[Calls]<UL><LI><a href="#[53]">&gt;&gt;</a>&nbsp;&nbsp;&nbsp;__aeabi_uldivmod
<LI><a href="#[5e]">&gt;&gt;</a>&nbsp;&nbsp;&nbsp;__aeabi_ddiv
<LI><a href="#[5a]">&gt;&gt;</a>&nbsp;&nbsp;&nbsp;__aeabi_dadd
<LI><a href="#[5f]">&gt;&gt;</a>&nbsp;&nbsp;&nbsp;__aeabi_d2ulz
<LI><a href="#[e2]">&gt;&gt;</a>&nbsp;&nbsp;&nbsp;__aeabi_cdrcmple
<LI><a href="#[4d]">&gt;&gt;</a>&nbsp;&nbsp;&nbsp;__aeabi_dmul
</UL>
<BR>[Called By]<UL><LI><a href="#[df]">&gt;&gt;</a>&nbsp;&nbsp;&nbsp;_printf_core
</UL>

<P><STRONG><a name="[df]"></a>_printf_core</STRONG> (Thumb, 1754 bytes, Stack size 128 bytes, printfa.o(i._printf_core), UNUSED)
<BR><BR>[Calls]<UL><LI><a href="#[53]">&gt;&gt;</a>&nbsp;&nbsp;&nbsp;__aeabi_uldivmod
<LI><a href="#[e3]">&gt;&gt;</a>&nbsp;&nbsp;&nbsp;_printf_pre_padding
<LI><a href="#[e4]">&gt;&gt;</a>&nbsp;&nbsp;&nbsp;_printf_post_padding
<LI><a href="#[e1]">&gt;&gt;</a>&nbsp;&nbsp;&nbsp;_fp_digits
<LI><a href="#[e5]">&gt;&gt;</a>&nbsp;&nbsp;&nbsp;__aeabi_uidivmod
</UL>
<BR>[Called By]<UL><LI><a href="#[e0]">&gt;&gt;</a>&nbsp;&nbsp;&nbsp;__0sprintf
<LI><a href="#[de]">&gt;&gt;</a>&nbsp;&nbsp;&nbsp;__0printf
</UL>

<P><STRONG><a name="[e4]"></a>_printf_post_padding</STRONG> (Thumb, 32 bytes, Stack size 24 bytes, printfa.o(i._printf_post_padding), UNUSED)
<BR><BR>[Called By]<UL><LI><a href="#[df]">&gt;&gt;</a>&nbsp;&nbsp;&nbsp;_printf_core
</UL>

<P><STRONG><a name="[e3]"></a>_printf_pre_padding</STRONG> (Thumb, 44 bytes, Stack size 40 bytes, printfa.o(i._printf_pre_padding), UNUSED)
<BR><BR>[Called By]<UL><LI><a href="#[df]">&gt;&gt;</a>&nbsp;&nbsp;&nbsp;_printf_core
</UL>

<P><STRONG><a name="[3e]"></a>_sputc</STRONG> (Thumb, 10 bytes, Stack size 0 bytes, printfa.o(i._sputc))
<BR><BR>[Called By]<UL><LI><a href="#[e0]">&gt;&gt;</a>&nbsp;&nbsp;&nbsp;__0sprintf
</UL>
<BR>[Address Reference Count : 1]<UL><LI> printfa.o(i.__0sprintf)
</UL><P>
<H3>
Undefined Global Symbols
</H3><HR></body></html>
