<html>
<body>
<pre>
<h1>µVision Build Log</h1>
<h2>Tool Versions:</h2>
IDE-Version: ¦ÌVision V5.36.0.0
Copyright (C) 2021 ARM Ltd and ARM Germany GmbH. All rights reserved.
License Information: f 111622, f, LIC=JL28G-V9498-QD3KD-8IIVW-J6CJZ-CWQWP
 
Tool Versions:
Toolchain:       MDK-ARM Plus  Version: 5.36.0.0
Toolchain Path:  C:\Keil_v5\ARM\ARMCLANG\Bin
C Compiler:      ArmClang.exe V6.16
Assembler:       Armasm.exe V6.16
Linker/Locator:  ArmLink.exe V6.16
Library Manager: ArmAr.exe V6.16
Hex Converter:   FromElf.exe V6.16
CPU DLL:         
Dialog DLL:      
Target DLL:      CMSIS_AGDI_V8M.DLL V1.7.0.0
Dialog DLL:      TCM.DLL V1.53.0.0
 
<h2>Project:</h2>
F:\project_data\Creality_3D_\CMOS\GD32E23x_bootloader\GD_BootLoaderV2\Projects\MDK-ARM\DryBox.uvprojx
Project File Date:  07/18/2024

<h2>Output:</h2>
*** Using Compiler 'V6.16', folder: 'C:\Keil_v5\ARM\ARMCLANG\Bin'
Rebuild target 'Target 1'
compiling gd32e230f_start.c...
compiling system_gd32e23x.c...
compiling gd32e23x_fmc.c...
compiling gd32e23x_fwdgt.c...
compiling gd32e23x_crc.c...
compiling gd32e23x_dbg.c...
compiling gd32e23x_dma.c...
compiling gd32e23x_cmp.c...
assembling startup_gd32e23x.s...
compiling gd32e23x_exti.c...
compiling gd32e23x_adc.c...
compiling gd32e23x_misc.c...
compiling gd32e23x_gpio.c...
compiling gd32e23x_syscfg.c...
compiling gd32e23x_pmu.c...
compiling gd32e23x_i2c.c...
compiling gd32e23x_rtc.c...
compiling gd32e23x_spi.c...
compiling gd32e23x_rcu.c...
compiling gd32e23x_wwdgt.c...
compiling gd32e23x_timer.c...
compiling gd32e23x_usart.c...
compiling gd32e23x_it.c...
compiling main.c...
compiling systick.c...
compiling usart.c...
compiling flash.c...
compiling ymodem.c...
compiling common.c...
compiling menu.c...
linking...
Program Size: Code=4876 RO-data=1248 RW-data=8 ZI-data=2448  
FromELF: creating hex file...
After Build - User command #1: C:\Keil_v5\\ARM\ARMCC\bin\fromelf.exe --bin --output=objects\GD_BL_V01.bin .\Objects\GD_BL_V01.axf
".\Objects\GD_BL_V01.axf" - 0 Error(s), 0 Warning(s).

<h2>Software Packages used:</h2>

Package Vendor: GigaDevice
                https://gd32mcu.com/data/documents/pack/GigaDevice.GD32E23x_DFP.1.0.2.pack
                GigaDevice.GD32E23x_DFP.1.0.2
                GigaDevice GD32E23x Series Device Support and Examples

<h2>Collection of Component include folders:</h2>
  C:\Users\111622\AppData\Local\Arm\Packs\GigaDevice\GD32E23x_DFP\1.0.2\Device\Include

<h2>Collection of Component Files used:</h2>
Build Time Elapsed:  00:00:14
</pre>
</body>
</html>
